Copyright 1986-2021 Xilinx, Inc. All Rights Reserved.
-----------------------------------------------------------------------------------------------------------------------------------------------------------------------------------------------------------------------------------------------------
| Tool Version      : Vivado v.2021.2 (lin64) Build 3367213 Tue Oct 19 02:47:39 MDT 2021
| Date              : Thu Feb 27 15:59:04 2025
| Host              : americano02 running 64-bit Ubuntu 22.04.4 LTS
| Command           : report_timing_summary -max_paths 10 -report_unconstrained -file function_recovery_timing_summary_routed.rpt -pb function_recovery_timing_summary_routed.pb -rpx function_recovery_timing_summary_routed.rpx -warn_on_violation
| Design            : function_recovery
| Device            : xczu9eg-ffvb1156
| Speed File        : -2  PRODUCTION 1.29 08-03-2020
| Temperature Grade : E
-----------------------------------------------------------------------------------------------------------------------------------------------------------------------------------------------------------------------------------------------------

Timing Summary Report

------------------------------------------------------------------------------------------------
| Timer Settings
| --------------
------------------------------------------------------------------------------------------------

  Enable Multi Corner Analysis               :  Yes
  Enable Pessimism Removal                   :  Yes
  Pessimism Removal Resolution               :  Nearest Common Node
  Enable Input Delay Default Clock           :  No
  Enable Preset / Clear Arcs                 :  No
  Disable Flight Delays                      :  No
  Ignore I/O Paths                           :  No
  Timing Early Launch at Borrowing Latches   :  No
  Borrow Time for Max Delay Exceptions       :  Yes
  Merge Timing Exceptions                    :  Yes

  Corner  Analyze    Analyze    
  Name    Max Paths  Min Paths  
  ------  ---------  ---------  
  Slow    Yes        Yes        
  Fast    Yes        Yes        


------------------------------------------------------------------------------------------------
| Report Methodology
| ------------------
------------------------------------------------------------------------------------------------

Rule       Severity          Description                  Violations  
---------  ----------------  ---------------------------  ----------  
TIMING-17  Critical Warning  Non-clocked sequential cell  71          
DPIR-2     Warning           Asynchronous driver check    72          

Note: This report is based on the most recent report_methodology run and may not be up-to-date. Run report_methodology on the current design for the latest report.



check_timing report

Table of Contents
-----------------
1. checking no_clock (71)
2. checking constant_clock (0)
3. checking pulse_width_clock (0)
4. checking unconstrained_internal_endpoints (154)
5. checking no_input_delay (17)
6. checking no_output_delay (24)
7. checking multiple_clock (0)
8. checking generated_clocks (0)
9. checking loops (0)
10. checking partial_input_delay (0)
11. checking partial_output_delay (0)
12. checking latch_loops (0)

1. checking no_clock (71)
-------------------------
 There are 71 register/latch pins with no clock driven by root clock pin: clk (HIGH)


2. checking constant_clock (0)
------------------------------
 There are 0 register/latch pins with constant_clock.


3. checking pulse_width_clock (0)
---------------------------------
 There are 0 register/latch pins which need pulse_width check


4. checking unconstrained_internal_endpoints (154)
--------------------------------------------------
 There are 154 pins that are not constrained for maximum delay. (HIGH)

 There are 0 pins that are not constrained for maximum delay due to constant clock.


5. checking no_input_delay (17)
-------------------------------
 There are 17 input ports with no input delay specified. (HIGH)

 There are 0 input ports with no input delay but user has a false path constraint.


6. checking no_output_delay (24)
--------------------------------
 There are 24 ports with no output delay specified. (HIGH)

 There are 0 ports with no output delay but user has a false path constraint

 There are 0 ports with no output delay but with a timing clock defined on it or propagating through it


7. checking multiple_clock (0)
------------------------------
 There are 0 register/latch pins with multiple clocks.


8. checking generated_clocks (0)
--------------------------------
 There are 0 generated clocks that are not connected to a clock source.


9. checking loops (0)
---------------------
 There are 0 combinational loops in the design.


10. checking partial_input_delay (0)
------------------------------------
 There are 0 input ports with partial input delay specified.


11. checking partial_output_delay (0)
-------------------------------------
 There are 0 ports with partial output delay specified.


12. checking latch_loops (0)
----------------------------
 There are 0 combinational latch loops in the design through latch input



------------------------------------------------------------------------------------------------
| Design Timing Summary
| ---------------------
------------------------------------------------------------------------------------------------

    WNS(ns)      TNS(ns)  TNS Failing Endpoints  TNS Total Endpoints      WHS(ns)      THS(ns)  THS Failing Endpoints  THS Total Endpoints     WPWS(ns)     TPWS(ns)  TPWS Failing Endpoints  TPWS Total Endpoints  
    -------      -------  ---------------------  -------------------      -------      -------  ---------------------  -------------------     --------     --------  ----------------------  --------------------  
        inf        0.000                      0                  178          inf        0.000                      0                  178           NA           NA                      NA                    NA  


There are no user specified timing constraints.


------------------------------------------------------------------------------------------------
| Clock Summary
| -------------
------------------------------------------------------------------------------------------------


------------------------------------------------------------------------------------------------
| Intra Clock Table
| -----------------
------------------------------------------------------------------------------------------------

Clock             WNS(ns)      TNS(ns)  TNS Failing Endpoints  TNS Total Endpoints      WHS(ns)      THS(ns)  THS Failing Endpoints  THS Total Endpoints     WPWS(ns)     TPWS(ns)  TPWS Failing Endpoints  TPWS Total Endpoints  
-----             -------      -------  ---------------------  -------------------      -------      -------  ---------------------  -------------------     --------     --------  ----------------------  --------------------  


------------------------------------------------------------------------------------------------
| Inter Clock Table
| -----------------
------------------------------------------------------------------------------------------------

From Clock    To Clock          WNS(ns)      TNS(ns)  TNS Failing Endpoints  TNS Total Endpoints      WHS(ns)      THS(ns)  THS Failing Endpoints  THS Total Endpoints  
----------    --------          -------      -------  ---------------------  -------------------      -------      -------  ---------------------  -------------------  


------------------------------------------------------------------------------------------------
| Other Path Groups Table
| -----------------------
------------------------------------------------------------------------------------------------

Path Group    From Clock    To Clock          WNS(ns)      TNS(ns)  TNS Failing Endpoints  TNS Total Endpoints      WHS(ns)      THS(ns)  THS Failing Endpoints  THS Total Endpoints  
----------    ----------    --------          -------      -------  ---------------------  -------------------      -------      -------  ---------------------  -------------------  


------------------------------------------------------------------------------------------------
| User Ignored Path Table
| -----------------------
------------------------------------------------------------------------------------------------

Path Group    From Clock    To Clock    
----------    ----------    --------    


------------------------------------------------------------------------------------------------
| Unconstrained Path Table
| ------------------------
------------------------------------------------------------------------------------------------

Path Group    From Clock    To Clock    
----------    ----------    --------    
(none)                                    


------------------------------------------------------------------------------------------------
| Timing Details
| --------------
------------------------------------------------------------------------------------------------


--------------------------------------------------------------------------------------
Path Group:  (none)
From Clock:  
  To Clock:  

Max Delay           178 Endpoints
Min Delay           178 Endpoints
--------------------------------------------------------------------------------------


Max Delay Paths
--------------------------------------------------------------------------------------
Slack:                    inf
  Source:                 k_reg_reg[17]/C
                            (rising edge-triggered cell FDCE)
  Destination:            data_out_reg[12]/D
  Path Group:             (none)
  Path Type:              Max at Slow Process Corner
  Data Path Delay:        3.241ns  (logic 1.929ns (59.519%)  route 1.312ns (40.481%))
  Logic Levels:           10  (DSP_A_B_DATA=1 DSP_ALU=1 DSP_M_DATA=1 DSP_MULTIPLIER=1 DSP_OUTPUT=1 DSP_PREADD_DATA=1 FDCE=1 LUT5=1 LUT6=2)

    Location             Delay type                Incr(ns)  Path(ns)    Netlist Resource(s)
  -------------------------------------------------------------------    -------------------
    SLICE_X94Y213        FDCE                         0.000     0.000 r  k_reg_reg[17]/C
    SLICE_X94Y213        FDCE (Prop_EFF_SLICEL_C_Q)
                                                      0.079     0.079 f  k_reg_reg[17]/Q
                         net (fo=20, routed)          0.573     0.652    u_adder/full_sum/A[21]
    DSP48E2_X17Y84       DSP_A_B_DATA (Prop_DSP_A_B_DATA_DSP48E2_A[21]_A2_DATA[21])
                                                      0.192     0.844 r  u_adder/full_sum/DSP_A_B_DATA_INST/A2_DATA[21]
                         net (fo=1, routed)           0.000     0.844    u_adder/full_sum/DSP_A_B_DATA.A2_DATA<21>
    DSP48E2_X17Y84       DSP_PREADD_DATA (Prop_DSP_PREADD_DATA_DSP48E2_A2_DATA[21]_A2A1[21])
                                                      0.076     0.920 r  u_adder/full_sum/DSP_PREADD_DATA_INST/A2A1[21]
                         net (fo=1, routed)           0.000     0.920    u_adder/full_sum/DSP_PREADD_DATA.A2A1<21>
    DSP48E2_X17Y84       DSP_MULTIPLIER (Prop_DSP_MULTIPLIER_DSP48E2_A2A1[21]_U[27])
                                                      0.505     1.425 f  u_adder/full_sum/DSP_MULTIPLIER_INST/U[27]
                         net (fo=1, routed)           0.000     1.425    u_adder/full_sum/DSP_MULTIPLIER.U<27>
    DSP48E2_X17Y84       DSP_M_DATA (Prop_DSP_M_DATA_DSP48E2_U[27]_U_DATA[27])
                                                      0.047     1.472 r  u_adder/full_sum/DSP_M_DATA_INST/U_DATA[27]
                         net (fo=1, routed)           0.000     1.472    u_adder/full_sum/DSP_M_DATA.U_DATA<27>
    DSP48E2_X17Y84       DSP_ALU (Prop_DSP_ALU_DSP48E2_U_DATA[27]_ALU_OUT[27])
                                                      0.585     2.057 f  u_adder/full_sum/DSP_ALU_INST/ALU_OUT[27]
                         net (fo=1, routed)           0.000     2.057    u_adder/full_sum/DSP_ALU.ALU_OUT<27>
    DSP48E2_X17Y84       DSP_OUTPUT (Prop_DSP_OUTPUT_DSP48E2_ALU_OUT[27]_P[27])
                                                      0.109     2.166 r  u_adder/full_sum/DSP_OUTPUT_INST/P[27]
                         net (fo=2, routed)           0.269     2.435    u_adder/p_0_in[4]
    SLICE_X91Y213        LUT6 (Prop_E6LUT_SLICEM_I0_O)
                                                      0.100     2.535 r  u_adder/data_out[22]_i_5/O
                         net (fo=1, routed)           0.089     2.624    u_adder/data_out[22]_i_5_n_0
    SLICE_X91Y213        LUT6 (Prop_G6LUT_SLICEM_I2_O)
                                                      0.090     2.714 r  u_adder/data_out[22]_i_3/O
                         net (fo=23, routed)          0.331     3.045    u_adder/data_out[22]_i_3_n_0
    SLICE_X94Y210        LUT5 (Prop_C6LUT_SLICEL_I3_O)
                                                      0.146     3.191 r  u_adder/data_out[12]_i_1/O
                         net (fo=1, routed)           0.050     3.241    sum_result[12]
    SLICE_X94Y210        FDCE                                         r  data_out_reg[12]/D
  -------------------------------------------------------------------    -------------------

Slack:                    inf
  Source:                 k_reg_reg[17]/C
                            (rising edge-triggered cell FDCE)
  Destination:            data_out_reg[10]/D
  Path Group:             (none)
  Path Type:              Max at Slow Process Corner
  Data Path Delay:        3.240ns  (logic 1.929ns (59.537%)  route 1.311ns (40.463%))
  Logic Levels:           10  (DSP_A_B_DATA=1 DSP_ALU=1 DSP_M_DATA=1 DSP_MULTIPLIER=1 DSP_OUTPUT=1 DSP_PREADD_DATA=1 FDCE=1 LUT5=1 LUT6=2)

    Location             Delay type                Incr(ns)  Path(ns)    Netlist Resource(s)
  -------------------------------------------------------------------    -------------------
    SLICE_X94Y213        FDCE                         0.000     0.000 r  k_reg_reg[17]/C
    SLICE_X94Y213        FDCE (Prop_EFF_SLICEL_C_Q)
                                                      0.079     0.079 f  k_reg_reg[17]/Q
                         net (fo=20, routed)          0.573     0.652    u_adder/full_sum/A[21]
    DSP48E2_X17Y84       DSP_A_B_DATA (Prop_DSP_A_B_DATA_DSP48E2_A[21]_A2_DATA[21])
                                                      0.192     0.844 r  u_adder/full_sum/DSP_A_B_DATA_INST/A2_DATA[21]
                         net (fo=1, routed)           0.000     0.844    u_adder/full_sum/DSP_A_B_DATA.A2_DATA<21>
    DSP48E2_X17Y84       DSP_PREADD_DATA (Prop_DSP_PREADD_DATA_DSP48E2_A2_DATA[21]_A2A1[21])
                                                      0.076     0.920 r  u_adder/full_sum/DSP_PREADD_DATA_INST/A2A1[21]
                         net (fo=1, routed)           0.000     0.920    u_adder/full_sum/DSP_PREADD_DATA.A2A1<21>
    DSP48E2_X17Y84       DSP_MULTIPLIER (Prop_DSP_MULTIPLIER_DSP48E2_A2A1[21]_U[27])
                                                      0.505     1.425 f  u_adder/full_sum/DSP_MULTIPLIER_INST/U[27]
                         net (fo=1, routed)           0.000     1.425    u_adder/full_sum/DSP_MULTIPLIER.U<27>
    DSP48E2_X17Y84       DSP_M_DATA (Prop_DSP_M_DATA_DSP48E2_U[27]_U_DATA[27])
                                                      0.047     1.472 r  u_adder/full_sum/DSP_M_DATA_INST/U_DATA[27]
                         net (fo=1, routed)           0.000     1.472    u_adder/full_sum/DSP_M_DATA.U_DATA<27>
    DSP48E2_X17Y84       DSP_ALU (Prop_DSP_ALU_DSP48E2_U_DATA[27]_ALU_OUT[27])
                                                      0.585     2.057 f  u_adder/full_sum/DSP_ALU_INST/ALU_OUT[27]
                         net (fo=1, routed)           0.000     2.057    u_adder/full_sum/DSP_ALU.ALU_OUT<27>
    DSP48E2_X17Y84       DSP_OUTPUT (Prop_DSP_OUTPUT_DSP48E2_ALU_OUT[27]_P[27])
                                                      0.109     2.166 r  u_adder/full_sum/DSP_OUTPUT_INST/P[27]
                         net (fo=2, routed)           0.269     2.435    u_adder/p_0_in[4]
    SLICE_X91Y213        LUT6 (Prop_E6LUT_SLICEM_I0_O)
                                                      0.100     2.535 r  u_adder/data_out[22]_i_5/O
                         net (fo=1, routed)           0.089     2.624    u_adder/data_out[22]_i_5_n_0
    SLICE_X91Y213        LUT6 (Prop_G6LUT_SLICEM_I2_O)
                                                      0.090     2.714 r  u_adder/data_out[22]_i_3/O
                         net (fo=23, routed)          0.331     3.045    u_adder/data_out[22]_i_3_n_0
    SLICE_X94Y210        LUT5 (Prop_D6LUT_SLICEL_I3_O)
                                                      0.146     3.191 r  u_adder/data_out[10]_i_1/O
                         net (fo=1, routed)           0.049     3.240    sum_result[10]
    SLICE_X94Y210        FDCE                                         r  data_out_reg[10]/D
  -------------------------------------------------------------------    -------------------

Slack:                    inf
  Source:                 k_reg_reg[17]/C
                            (rising edge-triggered cell FDCE)
  Destination:            data_out_reg[13]/D
  Path Group:             (none)
  Path Type:              Max at Slow Process Corner
  Data Path Delay:        3.201ns  (logic 1.919ns (59.950%)  route 1.282ns (40.050%))
  Logic Levels:           10  (DSP_A_B_DATA=1 DSP_ALU=1 DSP_M_DATA=1 DSP_MULTIPLIER=1 DSP_OUTPUT=1 DSP_PREADD_DATA=1 FDCE=1 LUT5=1 LUT6=2)

    Location             Delay type                Incr(ns)  Path(ns)    Netlist Resource(s)
  -------------------------------------------------------------------    -------------------
    SLICE_X94Y213        FDCE                         0.000     0.000 r  k_reg_reg[17]/C
    SLICE_X94Y213        FDCE (Prop_EFF_SLICEL_C_Q)
                                                      0.079     0.079 f  k_reg_reg[17]/Q
                         net (fo=20, routed)          0.573     0.652    u_adder/full_sum/A[21]
    DSP48E2_X17Y84       DSP_A_B_DATA (Prop_DSP_A_B_DATA_DSP48E2_A[21]_A2_DATA[21])
                                                      0.192     0.844 r  u_adder/full_sum/DSP_A_B_DATA_INST/A2_DATA[21]
                         net (fo=1, routed)           0.000     0.844    u_adder/full_sum/DSP_A_B_DATA.A2_DATA<21>
    DSP48E2_X17Y84       DSP_PREADD_DATA (Prop_DSP_PREADD_DATA_DSP48E2_A2_DATA[21]_A2A1[21])
                                                      0.076     0.920 r  u_adder/full_sum/DSP_PREADD_DATA_INST/A2A1[21]
                         net (fo=1, routed)           0.000     0.920    u_adder/full_sum/DSP_PREADD_DATA.A2A1<21>
    DSP48E2_X17Y84       DSP_MULTIPLIER (Prop_DSP_MULTIPLIER_DSP48E2_A2A1[21]_U[27])
                                                      0.505     1.425 f  u_adder/full_sum/DSP_MULTIPLIER_INST/U[27]
                         net (fo=1, routed)           0.000     1.425    u_adder/full_sum/DSP_MULTIPLIER.U<27>
    DSP48E2_X17Y84       DSP_M_DATA (Prop_DSP_M_DATA_DSP48E2_U[27]_U_DATA[27])
                                                      0.047     1.472 r  u_adder/full_sum/DSP_M_DATA_INST/U_DATA[27]
                         net (fo=1, routed)           0.000     1.472    u_adder/full_sum/DSP_M_DATA.U_DATA<27>
    DSP48E2_X17Y84       DSP_ALU (Prop_DSP_ALU_DSP48E2_U_DATA[27]_ALU_OUT[27])
                                                      0.585     2.057 f  u_adder/full_sum/DSP_ALU_INST/ALU_OUT[27]
                         net (fo=1, routed)           0.000     2.057    u_adder/full_sum/DSP_ALU.ALU_OUT<27>
    DSP48E2_X17Y84       DSP_OUTPUT (Prop_DSP_OUTPUT_DSP48E2_ALU_OUT[27]_P[27])
                                                      0.109     2.166 r  u_adder/full_sum/DSP_OUTPUT_INST/P[27]
                         net (fo=2, routed)           0.315     2.481    u_adder/p_0_in[4]
    SLICE_X91Y213        LUT6 (Prop_F6LUT_SLICEM_I0_O)
                                                      0.088     2.569 r  u_adder/data_out[22]_i_4/O
                         net (fo=1, routed)           0.043     2.612    u_adder/data_out[22]_i_4_n_0
    SLICE_X91Y213        LUT6 (Prop_H6LUT_SLICEM_I2_O)
                                                      0.090     2.702 r  u_adder/data_out[22]_i_2/O
                         net (fo=23, routed)          0.302     3.004    u_adder/data_out[22]_i_2_n_0
    SLICE_X94Y210        LUT5 (Prop_B6LUT_SLICEL_I0_O)
                                                      0.148     3.152 r  u_adder/data_out[13]_i_1/O
                         net (fo=1, routed)           0.049     3.201    sum_result[13]
    SLICE_X94Y210        FDCE                                         r  data_out_reg[13]/D
  -------------------------------------------------------------------    -------------------

Slack:                    inf
  Source:                 k_reg_reg[17]/C
                            (rising edge-triggered cell FDCE)
  Destination:            data_out_reg[15]/D
  Path Group:             (none)
  Path Type:              Max at Slow Process Corner
  Data Path Delay:        3.148ns  (logic 1.907ns (60.578%)  route 1.241ns (39.422%))
  Logic Levels:           10  (DSP_A_B_DATA=1 DSP_ALU=1 DSP_M_DATA=1 DSP_MULTIPLIER=1 DSP_OUTPUT=1 DSP_PREADD_DATA=1 FDCE=1 LUT5=1 LUT6=2)

    Location             Delay type                Incr(ns)  Path(ns)    Netlist Resource(s)
  -------------------------------------------------------------------    -------------------
    SLICE_X94Y213        FDCE                         0.000     0.000 r  k_reg_reg[17]/C
    SLICE_X94Y213        FDCE (Prop_EFF_SLICEL_C_Q)
                                                      0.079     0.079 f  k_reg_reg[17]/Q
                         net (fo=20, routed)          0.573     0.652    u_adder/full_sum/A[21]
    DSP48E2_X17Y84       DSP_A_B_DATA (Prop_DSP_A_B_DATA_DSP48E2_A[21]_A2_DATA[21])
                                                      0.192     0.844 r  u_adder/full_sum/DSP_A_B_DATA_INST/A2_DATA[21]
                         net (fo=1, routed)           0.000     0.844    u_adder/full_sum/DSP_A_B_DATA.A2_DATA<21>
    DSP48E2_X17Y84       DSP_PREADD_DATA (Prop_DSP_PREADD_DATA_DSP48E2_A2_DATA[21]_A2A1[21])
                                                      0.076     0.920 r  u_adder/full_sum/DSP_PREADD_DATA_INST/A2A1[21]
                         net (fo=1, routed)           0.000     0.920    u_adder/full_sum/DSP_PREADD_DATA.A2A1<21>
    DSP48E2_X17Y84       DSP_MULTIPLIER (Prop_DSP_MULTIPLIER_DSP48E2_A2A1[21]_U[27])
                                                      0.505     1.425 f  u_adder/full_sum/DSP_MULTIPLIER_INST/U[27]
                         net (fo=1, routed)           0.000     1.425    u_adder/full_sum/DSP_MULTIPLIER.U<27>
    DSP48E2_X17Y84       DSP_M_DATA (Prop_DSP_M_DATA_DSP48E2_U[27]_U_DATA[27])
                                                      0.047     1.472 r  u_adder/full_sum/DSP_M_DATA_INST/U_DATA[27]
                         net (fo=1, routed)           0.000     1.472    u_adder/full_sum/DSP_M_DATA.U_DATA<27>
    DSP48E2_X17Y84       DSP_ALU (Prop_DSP_ALU_DSP48E2_U_DATA[27]_ALU_OUT[27])
                                                      0.585     2.057 f  u_adder/full_sum/DSP_ALU_INST/ALU_OUT[27]
                         net (fo=1, routed)           0.000     2.057    u_adder/full_sum/DSP_ALU.ALU_OUT<27>
    DSP48E2_X17Y84       DSP_OUTPUT (Prop_DSP_OUTPUT_DSP48E2_ALU_OUT[27]_P[27])
                                                      0.109     2.166 r  u_adder/full_sum/DSP_OUTPUT_INST/P[27]
                         net (fo=2, routed)           0.269     2.435    u_adder/p_0_in[4]
    SLICE_X91Y213        LUT6 (Prop_E6LUT_SLICEM_I0_O)
                                                      0.100     2.535 r  u_adder/data_out[22]_i_5/O
                         net (fo=1, routed)           0.089     2.624    u_adder/data_out[22]_i_5_n_0
    SLICE_X91Y213        LUT6 (Prop_G6LUT_SLICEM_I2_O)
                                                      0.090     2.714 r  u_adder/data_out[22]_i_3/O
                         net (fo=23, routed)          0.261     2.975    u_adder/data_out[22]_i_3_n_0
    SLICE_X94Y211        LUT5 (Prop_B6LUT_SLICEL_I3_O)
                                                      0.124     3.099 r  u_adder/data_out[15]_i_1/O
                         net (fo=1, routed)           0.049     3.148    sum_result[15]
    SLICE_X94Y211        FDCE                                         r  data_out_reg[15]/D
  -------------------------------------------------------------------    -------------------

Slack:                    inf
  Source:                 k_reg_reg[17]/C
                            (rising edge-triggered cell FDCE)
  Destination:            data_out_reg[21]/D
  Path Group:             (none)
  Path Type:              Max at Slow Process Corner
  Data Path Delay:        3.131ns  (logic 1.868ns (59.661%)  route 1.263ns (40.339%))
  Logic Levels:           10  (DSP_A_B_DATA=1 DSP_ALU=1 DSP_M_DATA=1 DSP_MULTIPLIER=1 DSP_OUTPUT=1 DSP_PREADD_DATA=1 FDCE=1 LUT5=1 LUT6=2)

    Location             Delay type                Incr(ns)  Path(ns)    Netlist Resource(s)
  -------------------------------------------------------------------    -------------------
    SLICE_X94Y213        FDCE                         0.000     0.000 r  k_reg_reg[17]/C
    SLICE_X94Y213        FDCE (Prop_EFF_SLICEL_C_Q)
                                                      0.079     0.079 f  k_reg_reg[17]/Q
                         net (fo=20, routed)          0.573     0.652    u_adder/full_sum/A[21]
    DSP48E2_X17Y84       DSP_A_B_DATA (Prop_DSP_A_B_DATA_DSP48E2_A[21]_A2_DATA[21])
                                                      0.192     0.844 r  u_adder/full_sum/DSP_A_B_DATA_INST/A2_DATA[21]
                         net (fo=1, routed)           0.000     0.844    u_adder/full_sum/DSP_A_B_DATA.A2_DATA<21>
    DSP48E2_X17Y84       DSP_PREADD_DATA (Prop_DSP_PREADD_DATA_DSP48E2_A2_DATA[21]_A2A1[21])
                                                      0.076     0.920 r  u_adder/full_sum/DSP_PREADD_DATA_INST/A2A1[21]
                         net (fo=1, routed)           0.000     0.920    u_adder/full_sum/DSP_PREADD_DATA.A2A1<21>
    DSP48E2_X17Y84       DSP_MULTIPLIER (Prop_DSP_MULTIPLIER_DSP48E2_A2A1[21]_U[27])
                                                      0.505     1.425 f  u_adder/full_sum/DSP_MULTIPLIER_INST/U[27]
                         net (fo=1, routed)           0.000     1.425    u_adder/full_sum/DSP_MULTIPLIER.U<27>
    DSP48E2_X17Y84       DSP_M_DATA (Prop_DSP_M_DATA_DSP48E2_U[27]_U_DATA[27])
                                                      0.047     1.472 r  u_adder/full_sum/DSP_M_DATA_INST/U_DATA[27]
                         net (fo=1, routed)           0.000     1.472    u_adder/full_sum/DSP_M_DATA.U_DATA<27>
    DSP48E2_X17Y84       DSP_ALU (Prop_DSP_ALU_DSP48E2_U_DATA[27]_ALU_OUT[27])
                                                      0.585     2.057 f  u_adder/full_sum/DSP_ALU_INST/ALU_OUT[27]
                         net (fo=1, routed)           0.000     2.057    u_adder/full_sum/DSP_ALU.ALU_OUT<27>
    DSP48E2_X17Y84       DSP_OUTPUT (Prop_DSP_OUTPUT_DSP48E2_ALU_OUT[27]_P[27])
                                                      0.109     2.166 r  u_adder/full_sum/DSP_OUTPUT_INST/P[27]
                         net (fo=2, routed)           0.315     2.481    u_adder/p_0_in[4]
    SLICE_X91Y213        LUT6 (Prop_F6LUT_SLICEM_I0_O)
                                                      0.088     2.569 r  u_adder/data_out[22]_i_4/O
                         net (fo=1, routed)           0.043     2.612    u_adder/data_out[22]_i_4_n_0
    SLICE_X91Y213        LUT6 (Prop_H6LUT_SLICEM_I2_O)
                                                      0.090     2.702 r  u_adder/data_out[22]_i_2/O
                         net (fo=23, routed)          0.281     2.983    u_adder/data_out[22]_i_2_n_0
    SLICE_X94Y210        LUT5 (Prop_F6LUT_SLICEL_I0_O)
                                                      0.097     3.080 r  u_adder/data_out[21]_i_1/O
                         net (fo=1, routed)           0.051     3.131    sum_result[21]
    SLICE_X94Y210        FDCE                                         r  data_out_reg[21]/D
  -------------------------------------------------------------------    -------------------

Slack:                    inf
  Source:                 k_reg_reg[17]/C
                            (rising edge-triggered cell FDCE)
  Destination:            data_out_reg[22]/D
  Path Group:             (none)
  Path Type:              Max at Slow Process Corner
  Data Path Delay:        3.127ns  (logic 1.873ns (59.898%)  route 1.254ns (40.102%))
  Logic Levels:           10  (DSP_A_B_DATA=1 DSP_ALU=1 DSP_M_DATA=1 DSP_MULTIPLIER=1 DSP_OUTPUT=1 DSP_PREADD_DATA=1 FDCE=1 LUT5=1 LUT6=2)

    Location             Delay type                Incr(ns)  Path(ns)    Netlist Resource(s)
  -------------------------------------------------------------------    -------------------
    SLICE_X94Y213        FDCE                         0.000     0.000 r  k_reg_reg[17]/C
    SLICE_X94Y213        FDCE (Prop_EFF_SLICEL_C_Q)
                                                      0.079     0.079 f  k_reg_reg[17]/Q
                         net (fo=20, routed)          0.573     0.652    u_adder/full_sum/A[21]
    DSP48E2_X17Y84       DSP_A_B_DATA (Prop_DSP_A_B_DATA_DSP48E2_A[21]_A2_DATA[21])
                                                      0.192     0.844 r  u_adder/full_sum/DSP_A_B_DATA_INST/A2_DATA[21]
                         net (fo=1, routed)           0.000     0.844    u_adder/full_sum/DSP_A_B_DATA.A2_DATA<21>
    DSP48E2_X17Y84       DSP_PREADD_DATA (Prop_DSP_PREADD_DATA_DSP48E2_A2_DATA[21]_A2A1[21])
                                                      0.076     0.920 r  u_adder/full_sum/DSP_PREADD_DATA_INST/A2A1[21]
                         net (fo=1, routed)           0.000     0.920    u_adder/full_sum/DSP_PREADD_DATA.A2A1<21>
    DSP48E2_X17Y84       DSP_MULTIPLIER (Prop_DSP_MULTIPLIER_DSP48E2_A2A1[21]_U[27])
                                                      0.505     1.425 f  u_adder/full_sum/DSP_MULTIPLIER_INST/U[27]
                         net (fo=1, routed)           0.000     1.425    u_adder/full_sum/DSP_MULTIPLIER.U<27>
    DSP48E2_X17Y84       DSP_M_DATA (Prop_DSP_M_DATA_DSP48E2_U[27]_U_DATA[27])
                                                      0.047     1.472 r  u_adder/full_sum/DSP_M_DATA_INST/U_DATA[27]
                         net (fo=1, routed)           0.000     1.472    u_adder/full_sum/DSP_M_DATA.U_DATA<27>
    DSP48E2_X17Y84       DSP_ALU (Prop_DSP_ALU_DSP48E2_U_DATA[27]_ALU_OUT[27])
                                                      0.585     2.057 f  u_adder/full_sum/DSP_ALU_INST/ALU_OUT[27]
                         net (fo=1, routed)           0.000     2.057    u_adder/full_sum/DSP_ALU.ALU_OUT<27>
    DSP48E2_X17Y84       DSP_OUTPUT (Prop_DSP_OUTPUT_DSP48E2_ALU_OUT[27]_P[27])
                                                      0.109     2.166 r  u_adder/full_sum/DSP_OUTPUT_INST/P[27]
                         net (fo=2, routed)           0.269     2.435    u_adder/p_0_in[4]
    SLICE_X91Y213        LUT6 (Prop_E6LUT_SLICEM_I0_O)
                                                      0.100     2.535 r  u_adder/data_out[22]_i_5/O
                         net (fo=1, routed)           0.089     2.624    u_adder/data_out[22]_i_5_n_0
    SLICE_X91Y213        LUT6 (Prop_G6LUT_SLICEM_I2_O)
                                                      0.090     2.714 r  u_adder/data_out[22]_i_3/O
                         net (fo=23, routed)          0.277     2.991    u_adder/data_out[22]_i_3_n_0
    SLICE_X94Y210        LUT5 (Prop_E6LUT_SLICEL_I3_O)
                                                      0.090     3.081 r  u_adder/data_out[22]_i_1/O
                         net (fo=1, routed)           0.046     3.127    sum_result[22]
    SLICE_X94Y210        FDCE                                         r  data_out_reg[22]/D
  -------------------------------------------------------------------    -------------------

Slack:                    inf
  Source:                 k_reg_reg[17]/C
                            (rising edge-triggered cell FDCE)
  Destination:            data_out_reg[20]/D
  Path Group:             (none)
  Path Type:              Max at Slow Process Corner
  Data Path Delay:        3.124ns  (logic 1.919ns (61.428%)  route 1.205ns (38.572%))
  Logic Levels:           10  (DSP_A_B_DATA=1 DSP_ALU=1 DSP_M_DATA=1 DSP_MULTIPLIER=1 DSP_OUTPUT=1 DSP_PREADD_DATA=1 FDCE=1 LUT5=1 LUT6=2)

    Location             Delay type                Incr(ns)  Path(ns)    Netlist Resource(s)
  -------------------------------------------------------------------    -------------------
    SLICE_X94Y213        FDCE                         0.000     0.000 r  k_reg_reg[17]/C
    SLICE_X94Y213        FDCE (Prop_EFF_SLICEL_C_Q)
                                                      0.079     0.079 f  k_reg_reg[17]/Q
                         net (fo=20, routed)          0.573     0.652    u_adder/full_sum/A[21]
    DSP48E2_X17Y84       DSP_A_B_DATA (Prop_DSP_A_B_DATA_DSP48E2_A[21]_A2_DATA[21])
                                                      0.192     0.844 r  u_adder/full_sum/DSP_A_B_DATA_INST/A2_DATA[21]
                         net (fo=1, routed)           0.000     0.844    u_adder/full_sum/DSP_A_B_DATA.A2_DATA<21>
    DSP48E2_X17Y84       DSP_PREADD_DATA (Prop_DSP_PREADD_DATA_DSP48E2_A2_DATA[21]_A2A1[21])
                                                      0.076     0.920 r  u_adder/full_sum/DSP_PREADD_DATA_INST/A2A1[21]
                         net (fo=1, routed)           0.000     0.920    u_adder/full_sum/DSP_PREADD_DATA.A2A1<21>
    DSP48E2_X17Y84       DSP_MULTIPLIER (Prop_DSP_MULTIPLIER_DSP48E2_A2A1[21]_U[27])
                                                      0.505     1.425 f  u_adder/full_sum/DSP_MULTIPLIER_INST/U[27]
                         net (fo=1, routed)           0.000     1.425    u_adder/full_sum/DSP_MULTIPLIER.U<27>
    DSP48E2_X17Y84       DSP_M_DATA (Prop_DSP_M_DATA_DSP48E2_U[27]_U_DATA[27])
                                                      0.047     1.472 r  u_adder/full_sum/DSP_M_DATA_INST/U_DATA[27]
                         net (fo=1, routed)           0.000     1.472    u_adder/full_sum/DSP_M_DATA.U_DATA<27>
    DSP48E2_X17Y84       DSP_ALU (Prop_DSP_ALU_DSP48E2_U_DATA[27]_ALU_OUT[27])
                                                      0.585     2.057 f  u_adder/full_sum/DSP_ALU_INST/ALU_OUT[27]
                         net (fo=1, routed)           0.000     2.057    u_adder/full_sum/DSP_ALU.ALU_OUT<27>
    DSP48E2_X17Y84       DSP_OUTPUT (Prop_DSP_OUTPUT_DSP48E2_ALU_OUT[27]_P[27])
                                                      0.109     2.166 r  u_adder/full_sum/DSP_OUTPUT_INST/P[27]
                         net (fo=2, routed)           0.315     2.481    u_adder/p_0_in[4]
    SLICE_X91Y213        LUT6 (Prop_F6LUT_SLICEM_I0_O)
                                                      0.088     2.569 r  u_adder/data_out[22]_i_4/O
                         net (fo=1, routed)           0.043     2.612    u_adder/data_out[22]_i_4_n_0
    SLICE_X91Y213        LUT6 (Prop_H6LUT_SLICEM_I2_O)
                                                      0.090     2.702 r  u_adder/data_out[22]_i_2/O
                         net (fo=23, routed)          0.225     2.927    u_adder/data_out[22]_i_2_n_0
    SLICE_X94Y212        LUT5 (Prop_B6LUT_SLICEL_I0_O)
                                                      0.148     3.075 r  u_adder/data_out[20]_i_1/O
                         net (fo=1, routed)           0.049     3.124    sum_result[20]
    SLICE_X94Y212        FDCE                                         r  data_out_reg[20]/D
  -------------------------------------------------------------------    -------------------

Slack:                    inf
  Source:                 k_reg_reg[17]/C
                            (rising edge-triggered cell FDCE)
  Destination:            data_out_reg[8]/D
  Path Group:             (none)
  Path Type:              Max at Slow Process Corner
  Data Path Delay:        3.124ns  (logic 1.880ns (60.179%)  route 1.244ns (39.821%))
  Logic Levels:           10  (DSP_A_B_DATA=1 DSP_ALU=1 DSP_M_DATA=1 DSP_MULTIPLIER=1 DSP_OUTPUT=1 DSP_PREADD_DATA=1 FDCE=1 LUT5=1 LUT6=2)

    Location             Delay type                Incr(ns)  Path(ns)    Netlist Resource(s)
  -------------------------------------------------------------------    -------------------
    SLICE_X94Y213        FDCE                         0.000     0.000 r  k_reg_reg[17]/C
    SLICE_X94Y213        FDCE (Prop_EFF_SLICEL_C_Q)
                                                      0.079     0.079 f  k_reg_reg[17]/Q
                         net (fo=20, routed)          0.573     0.652    u_adder/full_sum/A[21]
    DSP48E2_X17Y84       DSP_A_B_DATA (Prop_DSP_A_B_DATA_DSP48E2_A[21]_A2_DATA[21])
                                                      0.192     0.844 r  u_adder/full_sum/DSP_A_B_DATA_INST/A2_DATA[21]
                         net (fo=1, routed)           0.000     0.844    u_adder/full_sum/DSP_A_B_DATA.A2_DATA<21>
    DSP48E2_X17Y84       DSP_PREADD_DATA (Prop_DSP_PREADD_DATA_DSP48E2_A2_DATA[21]_A2A1[21])
                                                      0.076     0.920 r  u_adder/full_sum/DSP_PREADD_DATA_INST/A2A1[21]
                         net (fo=1, routed)           0.000     0.920    u_adder/full_sum/DSP_PREADD_DATA.A2A1<21>
    DSP48E2_X17Y84       DSP_MULTIPLIER (Prop_DSP_MULTIPLIER_DSP48E2_A2A1[21]_U[27])
                                                      0.505     1.425 f  u_adder/full_sum/DSP_MULTIPLIER_INST/U[27]
                         net (fo=1, routed)           0.000     1.425    u_adder/full_sum/DSP_MULTIPLIER.U<27>
    DSP48E2_X17Y84       DSP_M_DATA (Prop_DSP_M_DATA_DSP48E2_U[27]_U_DATA[27])
                                                      0.047     1.472 r  u_adder/full_sum/DSP_M_DATA_INST/U_DATA[27]
                         net (fo=1, routed)           0.000     1.472    u_adder/full_sum/DSP_M_DATA.U_DATA<27>
    DSP48E2_X17Y84       DSP_ALU (Prop_DSP_ALU_DSP48E2_U_DATA[27]_ALU_OUT[27])
                                                      0.585     2.057 f  u_adder/full_sum/DSP_ALU_INST/ALU_OUT[27]
                         net (fo=1, routed)           0.000     2.057    u_adder/full_sum/DSP_ALU.ALU_OUT<27>
    DSP48E2_X17Y84       DSP_OUTPUT (Prop_DSP_OUTPUT_DSP48E2_ALU_OUT[27]_P[27])
                                                      0.109     2.166 r  u_adder/full_sum/DSP_OUTPUT_INST/P[27]
                         net (fo=2, routed)           0.269     2.435    u_adder/p_0_in[4]
    SLICE_X91Y213        LUT6 (Prop_E6LUT_SLICEM_I0_O)
                                                      0.100     2.535 r  u_adder/data_out[22]_i_5/O
                         net (fo=1, routed)           0.089     2.624    u_adder/data_out[22]_i_5_n_0
    SLICE_X91Y213        LUT6 (Prop_G6LUT_SLICEM_I2_O)
                                                      0.090     2.714 r  u_adder/data_out[22]_i_3/O
                         net (fo=23, routed)          0.262     2.976    u_adder/data_out[22]_i_3_n_0
    SLICE_X94Y211        LUT5 (Prop_F6LUT_SLICEL_I3_O)
                                                      0.097     3.073 r  u_adder/data_out[8]_i_1/O
                         net (fo=1, routed)           0.051     3.124    sum_result[8]
    SLICE_X94Y211        FDCE                                         r  data_out_reg[8]/D
  -------------------------------------------------------------------    -------------------

Slack:                    inf
  Source:                 k_reg_reg[17]/C
                            (rising edge-triggered cell FDCE)
  Destination:            data_out_reg[9]/D
  Path Group:             (none)
  Path Type:              Max at Slow Process Corner
  Data Path Delay:        3.123ns  (logic 1.882ns (60.263%)  route 1.241ns (39.737%))
  Logic Levels:           10  (DSP_A_B_DATA=1 DSP_ALU=1 DSP_M_DATA=1 DSP_MULTIPLIER=1 DSP_OUTPUT=1 DSP_PREADD_DATA=1 FDCE=1 LUT5=1 LUT6=2)

    Location             Delay type                Incr(ns)  Path(ns)    Netlist Resource(s)
  -------------------------------------------------------------------    -------------------
    SLICE_X94Y213        FDCE                         0.000     0.000 r  k_reg_reg[17]/C
    SLICE_X94Y213        FDCE (Prop_EFF_SLICEL_C_Q)
                                                      0.079     0.079 f  k_reg_reg[17]/Q
                         net (fo=20, routed)          0.573     0.652    u_adder/full_sum/A[21]
    DSP48E2_X17Y84       DSP_A_B_DATA (Prop_DSP_A_B_DATA_DSP48E2_A[21]_A2_DATA[21])
                                                      0.192     0.844 r  u_adder/full_sum/DSP_A_B_DATA_INST/A2_DATA[21]
                         net (fo=1, routed)           0.000     0.844    u_adder/full_sum/DSP_A_B_DATA.A2_DATA<21>
    DSP48E2_X17Y84       DSP_PREADD_DATA (Prop_DSP_PREADD_DATA_DSP48E2_A2_DATA[21]_A2A1[21])
                                                      0.076     0.920 r  u_adder/full_sum/DSP_PREADD_DATA_INST/A2A1[21]
                         net (fo=1, routed)           0.000     0.920    u_adder/full_sum/DSP_PREADD_DATA.A2A1<21>
    DSP48E2_X17Y84       DSP_MULTIPLIER (Prop_DSP_MULTIPLIER_DSP48E2_A2A1[21]_U[27])
                                                      0.505     1.425 f  u_adder/full_sum/DSP_MULTIPLIER_INST/U[27]
                         net (fo=1, routed)           0.000     1.425    u_adder/full_sum/DSP_MULTIPLIER.U<27>
    DSP48E2_X17Y84       DSP_M_DATA (Prop_DSP_M_DATA_DSP48E2_U[27]_U_DATA[27])
                                                      0.047     1.472 r  u_adder/full_sum/DSP_M_DATA_INST/U_DATA[27]
                         net (fo=1, routed)           0.000     1.472    u_adder/full_sum/DSP_M_DATA.U_DATA<27>
    DSP48E2_X17Y84       DSP_ALU (Prop_DSP_ALU_DSP48E2_U_DATA[27]_ALU_OUT[27])
                                                      0.585     2.057 f  u_adder/full_sum/DSP_ALU_INST/ALU_OUT[27]
                         net (fo=1, routed)           0.000     2.057    u_adder/full_sum/DSP_ALU.ALU_OUT<27>
    DSP48E2_X17Y84       DSP_OUTPUT (Prop_DSP_OUTPUT_DSP48E2_ALU_OUT[27]_P[27])
                                                      0.109     2.166 r  u_adder/full_sum/DSP_OUTPUT_INST/P[27]
                         net (fo=2, routed)           0.269     2.435    u_adder/p_0_in[4]
    SLICE_X91Y213        LUT6 (Prop_E6LUT_SLICEM_I0_O)
                                                      0.100     2.535 r  u_adder/data_out[22]_i_5/O
                         net (fo=1, routed)           0.089     2.624    u_adder/data_out[22]_i_5_n_0
    SLICE_X91Y213        LUT6 (Prop_G6LUT_SLICEM_I2_O)
                                                      0.090     2.714 r  u_adder/data_out[22]_i_3/O
                         net (fo=23, routed)          0.264     2.978    u_adder/data_out[22]_i_3_n_0
    SLICE_X94Y211        LUT5 (Prop_E6LUT_SLICEL_I3_O)
                                                      0.099     3.077 r  u_adder/data_out[9]_i_1/O
                         net (fo=1, routed)           0.046     3.123    sum_result[9]
    SLICE_X94Y211        FDCE                                         r  data_out_reg[9]/D
  -------------------------------------------------------------------    -------------------

Slack:                    inf
  Source:                 k_reg_reg[17]/C
                            (rising edge-triggered cell FDCE)
  Destination:            data_out_reg[5]/D
  Path Group:             (none)
  Path Type:              Max at Slow Process Corner
  Data Path Delay:        3.121ns  (logic 1.869ns (59.885%)  route 1.252ns (40.115%))
  Logic Levels:           10  (DSP_A_B_DATA=1 DSP_ALU=1 DSP_M_DATA=1 DSP_MULTIPLIER=1 DSP_OUTPUT=1 DSP_PREADD_DATA=1 FDCE=1 LUT5=1 LUT6=2)

    Location             Delay type                Incr(ns)  Path(ns)    Netlist Resource(s)
  -------------------------------------------------------------------    -------------------
    SLICE_X94Y213        FDCE                         0.000     0.000 r  k_reg_reg[17]/C
    SLICE_X94Y213        FDCE (Prop_EFF_SLICEL_C_Q)
                                                      0.079     0.079 f  k_reg_reg[17]/Q
                         net (fo=20, routed)          0.573     0.652    u_adder/full_sum/A[21]
    DSP48E2_X17Y84       DSP_A_B_DATA (Prop_DSP_A_B_DATA_DSP48E2_A[21]_A2_DATA[21])
                                                      0.192     0.844 r  u_adder/full_sum/DSP_A_B_DATA_INST/A2_DATA[21]
                         net (fo=1, routed)           0.000     0.844    u_adder/full_sum/DSP_A_B_DATA.A2_DATA<21>
    DSP48E2_X17Y84       DSP_PREADD_DATA (Prop_DSP_PREADD_DATA_DSP48E2_A2_DATA[21]_A2A1[21])
                                                      0.076     0.920 r  u_adder/full_sum/DSP_PREADD_DATA_INST/A2A1[21]
                         net (fo=1, routed)           0.000     0.920    u_adder/full_sum/DSP_PREADD_DATA.A2A1<21>
    DSP48E2_X17Y84       DSP_MULTIPLIER (Prop_DSP_MULTIPLIER_DSP48E2_A2A1[21]_U[27])
                                                      0.505     1.425 f  u_adder/full_sum/DSP_MULTIPLIER_INST/U[27]
                         net (fo=1, routed)           0.000     1.425    u_adder/full_sum/DSP_MULTIPLIER.U<27>
    DSP48E2_X17Y84       DSP_M_DATA (Prop_DSP_M_DATA_DSP48E2_U[27]_U_DATA[27])
                                                      0.047     1.472 r  u_adder/full_sum/DSP_M_DATA_INST/U_DATA[27]
                         net (fo=1, routed)           0.000     1.472    u_adder/full_sum/DSP_M_DATA.U_DATA<27>
    DSP48E2_X17Y84       DSP_ALU (Prop_DSP_ALU_DSP48E2_U_DATA[27]_ALU_OUT[27])
                                                      0.585     2.057 f  u_adder/full_sum/DSP_ALU_INST/ALU_OUT[27]
                         net (fo=1, routed)           0.000     2.057    u_adder/full_sum/DSP_ALU.ALU_OUT<27>
    DSP48E2_X17Y84       DSP_OUTPUT (Prop_DSP_OUTPUT_DSP48E2_ALU_OUT[27]_P[27])
                                                      0.109     2.166 r  u_adder/full_sum/DSP_OUTPUT_INST/P[27]
                         net (fo=2, routed)           0.315     2.481    u_adder/p_0_in[4]
    SLICE_X91Y213        LUT6 (Prop_F6LUT_SLICEM_I0_O)
                                                      0.088     2.569 r  u_adder/data_out[22]_i_4/O
                         net (fo=1, routed)           0.043     2.612    u_adder/data_out[22]_i_4_n_0
    SLICE_X91Y213        LUT6 (Prop_H6LUT_SLICEM_I2_O)
                                                      0.090     2.702 r  u_adder/data_out[22]_i_2/O
                         net (fo=23, routed)          0.273     2.975    u_adder/data_out[22]_i_2_n_0
    SLICE_X94Y212        LUT5 (Prop_A6LUT_SLICEL_I0_O)
                                                      0.098     3.073 r  u_adder/data_out[5]_i_1/O
                         net (fo=1, routed)           0.048     3.121    sum_result[5]
    SLICE_X94Y212        FDCE                                         r  data_out_reg[5]/D
  -------------------------------------------------------------------    -------------------





Min Delay Paths
--------------------------------------------------------------------------------------
Slack:                    inf
  Source:                 b_out_reg/CLKARDCLK
                            (rising edge-triggered cell RAMB18E2)
  Destination:            b_reg_reg[13]/D
  Path Group:             (none)
  Path Type:              Min at Fast Process Corner
  Data Path Delay:        0.301ns  (logic 0.229ns (76.080%)  route 0.072ns (23.920%))
  Logic Levels:           1  (RAMB18E2=1)

    Location             Delay type                Incr(ns)  Path(ns)    Netlist Resource(s)
  -------------------------------------------------------------------    -------------------
    RAMB18_X12Y84        RAMB18E2                     0.000     0.000 r  b_out_reg/CLKARDCLK
    RAMB18_X12Y84        RAMB18E2 (Prop_RAMB18E2_L_RAMB180_CLKARDCLK_DOUTADOUT[13])
                                                      0.229     0.229 r  b_out_reg/DOUTADOUT[13]
                         net (fo=1, routed)           0.072     0.301    b_coeff[13]
    SLICE_X95Y211        FDCE                                         r  b_reg_reg[13]/D
  -------------------------------------------------------------------    -------------------

Slack:                    inf
  Source:                 k_out_reg/CLKARDCLK
                            (rising edge-triggered cell RAMB18E2)
  Destination:            k_reg_reg[0]/D
  Path Group:             (none)
  Path Type:              Min at Fast Process Corner
  Data Path Delay:        0.309ns  (logic 0.210ns (67.961%)  route 0.099ns (32.039%))
  Logic Levels:           1  (RAMB18E2=1)

    Location             Delay type                Incr(ns)  Path(ns)    Netlist Resource(s)
  -------------------------------------------------------------------    -------------------
    RAMB18_X12Y85        RAMB18E2                     0.000     0.000 r  k_out_reg/CLKARDCLK
    RAMB18_X12Y85        RAMB18E2 (Prop_RAMB18E2_U_RAMB181_CLKARDCLK_DOUTADOUT[0])
                                                      0.210     0.210 r  k_out_reg/DOUTADOUT[0]
                         net (fo=1, routed)           0.099     0.309    k_coeff[0]
    SLICE_X95Y210        FDCE                                         r  k_reg_reg[0]/D
  -------------------------------------------------------------------    -------------------

Slack:                    inf
  Source:                 b_out_reg/CLKARDCLK
                            (rising edge-triggered cell RAMB18E2)
  Destination:            b_reg_reg[12]/D
  Path Group:             (none)
  Path Type:              Min at Fast Process Corner
  Data Path Delay:        0.318ns  (logic 0.236ns (74.214%)  route 0.082ns (25.786%))
  Logic Levels:           1  (RAMB18E2=1)

    Location             Delay type                Incr(ns)  Path(ns)    Netlist Resource(s)
  -------------------------------------------------------------------    -------------------
    RAMB18_X12Y84        RAMB18E2                     0.000     0.000 r  b_out_reg/CLKARDCLK
    RAMB18_X12Y84        RAMB18E2 (Prop_RAMB18E2_L_RAMB180_CLKARDCLK_DOUTADOUT[12])
                                                      0.236     0.236 r  b_out_reg/DOUTADOUT[12]
                         net (fo=1, routed)           0.082     0.318    b_coeff[12]
    SLICE_X95Y211        FDCE                                         r  b_reg_reg[12]/D
  -------------------------------------------------------------------    -------------------

Slack:                    inf
  Source:                 k_out_reg/CLKARDCLK
                            (rising edge-triggered cell RAMB18E2)
  Destination:            k_reg_reg[3]/D
  Path Group:             (none)
  Path Type:              Min at Fast Process Corner
  Data Path Delay:        0.330ns  (logic 0.229ns (69.394%)  route 0.101ns (30.606%))
  Logic Levels:           1  (RAMB18E2=1)

    Location             Delay type                Incr(ns)  Path(ns)    Netlist Resource(s)
  -------------------------------------------------------------------    -------------------
    RAMB18_X12Y85        RAMB18E2                     0.000     0.000 r  k_out_reg/CLKARDCLK
    RAMB18_X12Y85        RAMB18E2 (Prop_RAMB18E2_U_RAMB181_CLKARDCLK_DOUTADOUT[3])
                                                      0.229     0.229 r  k_out_reg/DOUTADOUT[3]
                         net (fo=1, routed)           0.101     0.330    k_coeff[3]
    SLICE_X95Y212        FDCE                                         r  k_reg_reg[3]/D
  -------------------------------------------------------------------    -------------------

Slack:                    inf
  Source:                 b_out_reg/CLKARDCLK
                            (rising edge-triggered cell RAMB18E2)
  Destination:            b_reg_reg[15]/D
  Path Group:             (none)
  Path Type:              Min at Fast Process Corner
  Data Path Delay:        0.332ns  (logic 0.213ns (64.157%)  route 0.119ns (35.843%))
  Logic Levels:           1  (RAMB18E2=1)

    Location             Delay type                Incr(ns)  Path(ns)    Netlist Resource(s)
  -------------------------------------------------------------------    -------------------
    RAMB18_X12Y84        RAMB18E2                     0.000     0.000 r  b_out_reg/CLKARDCLK
    RAMB18_X12Y84        RAMB18E2 (Prop_RAMB18E2_L_RAMB180_CLKARDCLK_DOUTADOUT[15])
                                                      0.213     0.213 r  b_out_reg/DOUTADOUT[15]
                         net (fo=1, routed)           0.119     0.332    b_coeff[15]
    SLICE_X94Y212        FDCE                                         r  b_reg_reg[15]/D
  -------------------------------------------------------------------    -------------------

Slack:                    inf
  Source:                 b_out_reg/CLKARDCLK
                            (rising edge-triggered cell RAMB18E2)
  Destination:            b_reg_reg[3]/D
  Path Group:             (none)
  Path Type:              Min at Fast Process Corner
  Data Path Delay:        0.338ns  (logic 0.244ns (72.189%)  route 0.094ns (27.811%))
  Logic Levels:           1  (RAMB18E2=1)

    Location             Delay type                Incr(ns)  Path(ns)    Netlist Resource(s)
  -------------------------------------------------------------------    -------------------
    RAMB18_X12Y84        RAMB18E2                     0.000     0.000 r  b_out_reg/CLKARDCLK
    RAMB18_X12Y84        RAMB18E2 (Prop_RAMB18E2_L_RAMB180_CLKARDCLK_DOUTADOUT[3])
                                                      0.244     0.244 r  b_out_reg/DOUTADOUT[3]
                         net (fo=1, routed)           0.094     0.338    b_coeff[3]
    SLICE_X94Y210        FDCE                                         r  b_reg_reg[3]/D
  -------------------------------------------------------------------    -------------------

Slack:                    inf
  Source:                 k_out_reg/CLKARDCLK
                            (rising edge-triggered cell RAMB18E2)
  Destination:            k_reg_reg[2]/D
  Path Group:             (none)
  Path Type:              Min at Fast Process Corner
  Data Path Delay:        0.341ns  (logic 0.224ns (65.689%)  route 0.117ns (34.311%))
  Logic Levels:           1  (RAMB18E2=1)

    Location             Delay type                Incr(ns)  Path(ns)    Netlist Resource(s)
  -------------------------------------------------------------------    -------------------
    RAMB18_X12Y85        RAMB18E2                     0.000     0.000 r  k_out_reg/CLKARDCLK
    RAMB18_X12Y85        RAMB18E2 (Prop_RAMB18E2_U_RAMB181_CLKARDCLK_DOUTADOUT[2])
                                                      0.224     0.224 r  k_out_reg/DOUTADOUT[2]
                         net (fo=1, routed)           0.117     0.341    k_coeff[2]
    SLICE_X94Y213        FDCE                                         r  k_reg_reg[2]/D
  -------------------------------------------------------------------    -------------------

Slack:                    inf
  Source:                 k_out_reg/CLKARDCLK
                            (rising edge-triggered cell RAMB18E2)
  Destination:            k_reg_reg[6]/D
  Path Group:             (none)
  Path Type:              Min at Fast Process Corner
  Data Path Delay:        0.341ns  (logic 0.241ns (70.674%)  route 0.100ns (29.326%))
  Logic Levels:           1  (RAMB18E2=1)

    Location             Delay type                Incr(ns)  Path(ns)    Netlist Resource(s)
  -------------------------------------------------------------------    -------------------
    RAMB18_X12Y85        RAMB18E2                     0.000     0.000 r  k_out_reg/CLKARDCLK
    RAMB18_X12Y85        RAMB18E2 (Prop_RAMB18E2_U_RAMB181_CLKARDCLK_DOUTADOUT[6])
                                                      0.241     0.241 r  k_out_reg/DOUTADOUT[6]
                         net (fo=1, routed)           0.100     0.341    k_coeff[6]
    SLICE_X95Y214        FDCE                                         r  k_reg_reg[6]/D
  -------------------------------------------------------------------    -------------------

Slack:                    inf
  Source:                 k_out_reg/CLKARDCLK
                            (rising edge-triggered cell RAMB18E2)
  Destination:            k_reg_reg[17]/D
  Path Group:             (none)
  Path Type:              Min at Fast Process Corner
  Data Path Delay:        0.351ns  (logic 0.226ns (64.387%)  route 0.125ns (35.613%))
  Logic Levels:           1  (RAMB18E2=1)

    Location             Delay type                Incr(ns)  Path(ns)    Netlist Resource(s)
  -------------------------------------------------------------------    -------------------
    RAMB18_X12Y85        RAMB18E2                     0.000     0.000 r  k_out_reg/CLKARDCLK
    RAMB18_X12Y85        RAMB18E2 (Prop_RAMB18E2_U_RAMB181_CLKARDCLK_DOUTADOUT[10])
                                                      0.226     0.226 r  k_out_reg/DOUTADOUT[10]
                         net (fo=1, routed)           0.125     0.351    k_coeff[10]
    SLICE_X94Y213        FDCE                                         r  k_reg_reg[17]/D
  -------------------------------------------------------------------    -------------------

Slack:                    inf
  Source:                 k_out_reg/CLKARDCLK
                            (rising edge-triggered cell RAMB18E2)
  Destination:            k_reg_reg[5]/D
  Path Group:             (none)
  Path Type:              Min at Fast Process Corner
  Data Path Delay:        0.357ns  (logic 0.239ns (66.947%)  route 0.118ns (33.053%))
  Logic Levels:           1  (RAMB18E2=1)

    Location             Delay type                Incr(ns)  Path(ns)    Netlist Resource(s)
  -------------------------------------------------------------------    -------------------
    RAMB18_X12Y85        RAMB18E2                     0.000     0.000 r  k_out_reg/CLKARDCLK
    RAMB18_X12Y85        RAMB18E2 (Prop_RAMB18E2_U_RAMB181_CLKARDCLK_DOUTADOUT[5])
                                                      0.239     0.239 r  k_out_reg/DOUTADOUT[5]
                         net (fo=1, routed)           0.118     0.357    k_coeff[5]
    SLICE_X95Y214        FDCE                                         r  k_reg_reg[5]/D
  -------------------------------------------------------------------    -------------------





