
*** Running vivado
    with args -log function_recovery.vdi -applog -m64 -product Vivado -messageDb vivado.pb -mode batch -source function_recovery.tcl -notrace


****** Vivado v2021.2 (64-bit)
  **** SW Build 3367213 on Tue Oct 19 02:47:39 MDT 2021
  **** IP Build 3369179 on Thu Oct 21 08:25:16 MDT 2021
    ** Copyright 1986-2021 Xilinx, Inc. All Rights Reserved.

source function_recovery.tcl -notrace
Command: link_design -top function_recovery -part xczu9eg-ffvb1156-2-e
Design is defaulting to srcset: sources_1
Design is defaulting to constrset: constrs_1
INFO: [Device 21-403] Loading part xczu9eg-ffvb1156-2-e
Netlist sorting complete. Time (s): cpu = 00:00:00 ; elapsed = 00:00:00 . Memory (MB): peak = 2801.387 ; gain = 0.000 ; free physical = 196845 ; free virtual = 255532
INFO: [Netlist 29-17] Analyzing 19 Unisim elements for replacement
INFO: [Netlist 29-28] Unisim Transformation completed in 0 CPU seconds
INFO: [Project 1-479] Netlist was created with Vivado 2021.2
INFO: [Project 1-570] Preparing netlist for logic optimization
Netlist sorting complete. Time (s): cpu = 00:00:00 ; elapsed = 00:00:00 . Memory (MB): peak = 2801.387 ; gain = 0.000 ; free physical = 196757 ; free virtual = 255444
INFO: [Project 1-111] Unisim Transformation Summary:
  A total of 19 instances were transformed.
  DSP48E2 => DSP48E2 (DSP_ALU, DSP_A_B_DATA, DSP_C_DATA, DSP_MULTIPLIER, DSP_M_DATA, DSP_OUTPUT, DSP_PREADD, DSP_PREADD_DATA): 1 instance 
  IBUF => IBUF (IBUFCTRL, INBUF): 18 instances

6 Infos, 0 Warnings, 0 Critical Warnings and 0 Errors encountered.
link_design completed successfully
link_design: Time (s): cpu = 00:00:07 ; elapsed = 00:00:09 . Memory (MB): peak = 2801.387 ; gain = 78.207 ; free physical = 196757 ; free virtual = 255444
Command: opt_design
Attempting to get a license for feature 'Implementation' and/or device 'xczu9eg'
INFO: [Common 17-349] Got license for feature 'Implementation' and/or device 'xczu9eg'
INFO: [Common 17-1540] The version limit for your license is '2023.02' and has expired for new software. A version limit expiration means that, although you may be able to continue to use the current version of tools or IP with this license, you will not be eligible for new releases.
Running DRC as a precondition to command opt_design

Starting DRC Task
INFO: [DRC 23-27] Running DRC with 8 threads
INFO: [Project 1-461] DRC finished with 0 Errors
INFO: [Project 1-462] Please refer to the DRC report (report_drc) for more information.

Time (s): cpu = 00:00:02 ; elapsed = 00:00:01 . Memory (MB): peak = 2873.422 ; gain = 64.031 ; free physical = 196755 ; free virtual = 255442

Starting Cache Timing Information Task
INFO: [Timing 38-35] Done setting XDC timing constraints.
Ending Cache Timing Information Task | Checksum: 3383c4bb

Time (s): cpu = 00:00:02 ; elapsed = 00:00:02 . Memory (MB): peak = 3030.609 ; gain = 157.188 ; free physical = 196570 ; free virtual = 255263

Starting Logic Optimization Task

Phase 1 Retarget
INFO: [Opt 31-138] Pushed 1 inverter(s) to 69 load pin(s).
INFO: [Opt 31-49] Retargeted 0 cell(s).
Phase 1 Retarget | Checksum: 1f43d0339

Time (s): cpu = 00:00:00.08 ; elapsed = 00:00:00.09 . Memory (MB): peak = 3283.594 ; gain = 0.000 ; free physical = 196340 ; free virtual = 255033
INFO: [Opt 31-389] Phase Retarget created 0 cells and removed 1 cells

Phase 2 Constant propagation
INFO: [Opt 31-138] Pushed 0 inverter(s) to 0 load pin(s).
Phase 2 Constant propagation | Checksum: 1f43d0339

Time (s): cpu = 00:00:00.08 ; elapsed = 00:00:00.09 . Memory (MB): peak = 3283.594 ; gain = 0.000 ; free physical = 196340 ; free virtual = 255033
INFO: [Opt 31-389] Phase Constant propagation created 0 cells and removed 0 cells

Phase 3 Sweep
Phase 3 Sweep | Checksum: 1f43d0339

Time (s): cpu = 00:00:00.09 ; elapsed = 00:00:00.09 . Memory (MB): peak = 3283.594 ; gain = 0.000 ; free physical = 196340 ; free virtual = 255033
INFO: [Opt 31-389] Phase Sweep created 0 cells and removed 0 cells

Phase 4 BUFG optimization
INFO: [Opt 31-1077] Phase BUFG optimization inserted 0 global clock buffer(s) for CLOCK_LOW_FANOUT.
Phase 4 BUFG optimization | Checksum: 1f43d0339

Time (s): cpu = 00:00:00.11 ; elapsed = 00:00:00.12 . Memory (MB): peak = 3283.594 ; gain = 0.000 ; free physical = 196340 ; free virtual = 255033
INFO: [Opt 31-662] Phase BUFG optimization created 0 cells of which 0 are BUFGs and removed 0 cells.

Phase 5 Shift Register Optimization
INFO: [Opt 31-1064] SRL Remap converted 0 SRLs to 0 registers and converted 0 registers of register chains to 0 SRLs
Phase 5 Shift Register Optimization | Checksum: 1f43d0339

Time (s): cpu = 00:00:00.11 ; elapsed = 00:00:00.13 . Memory (MB): peak = 3283.594 ; gain = 0.000 ; free physical = 196340 ; free virtual = 255033
INFO: [Opt 31-389] Phase Shift Register Optimization created 0 cells and removed 0 cells

Phase 6 Post Processing Netlist
Phase 6 Post Processing Netlist | Checksum: 1f43d0339

Time (s): cpu = 00:00:00.11 ; elapsed = 00:00:00.13 . Memory (MB): peak = 3283.594 ; gain = 0.000 ; free physical = 196340 ; free virtual = 255033
INFO: [Opt 31-389] Phase Post Processing Netlist created 0 cells and removed 0 cells
Opt_design Change Summary
=========================


-------------------------------------------------------------------------------------------------------------------------
|  Phase                        |  #Cells created  |  #Cells Removed  |  #Constrained objects preventing optimizations  |
-------------------------------------------------------------------------------------------------------------------------
|  Retarget                     |               0  |               1  |                                              0  |
|  Constant propagation         |               0  |               0  |                                              0  |
|  Sweep                        |               0  |               0  |                                              0  |
|  BUFG optimization            |               0  |               0  |                                              0  |
|  Shift Register Optimization  |               0  |               0  |                                              0  |
|  Post Processing Netlist      |               0  |               0  |                                              0  |
-------------------------------------------------------------------------------------------------------------------------



Starting Connectivity Check Task

Time (s): cpu = 00:00:00 ; elapsed = 00:00:00 . Memory (MB): peak = 3283.594 ; gain = 0.000 ; free physical = 196340 ; free virtual = 255033
Ending Logic Optimization Task | Checksum: 1f43d0339

Time (s): cpu = 00:00:00.12 ; elapsed = 00:00:00.13 . Memory (MB): peak = 3283.594 ; gain = 0.000 ; free physical = 196340 ; free virtual = 255033

Starting Power Optimization Task
INFO: [Pwropt 34-132] Skipping clock gating for clocks with a period < 2.00 ns.
INFO: [Pwropt 34-9] Applying IDT optimizations ...
INFO: [Pwropt 34-10] Applying ODC optimizations ...
INFO: [Timing 38-35] Done setting XDC timing constraints.
WARNING: [Power 33-232] No user defined clocks were found in the design! Power estimation will be inaccurate until this is corrected.
Resolution: Please specify clocks using create_clock/create_generated_clock for sequential elements. For pure combinatorial circuits, please specify a virtual clock, otherwise the vectorless estimation might be inaccurate
Running Vector-less Activity Propagation...

Finished Running Vector-less Activity Propagation


Starting PowerOpt Patch Enables Task
INFO: [Pwropt 34-162] WRITE_MODE attribute of 0 BRAM(s) out of a total of 2 has been updated to save power. Run report_power_opt to get a complete listing of the BRAMs updated.
INFO: [Pwropt 34-201] Structural ODC has moved 0 WE to EN ports
Number of BRAM Ports augmented: 0 newly gated: 0 Total Ports: 4
Ending PowerOpt Patch Enables Task | Checksum: 1f43d0339

Time (s): cpu = 00:00:00 ; elapsed = 00:00:00.09 . Memory (MB): peak = 3927.941 ; gain = 0.000 ; free physical = 195922 ; free virtual = 254632
Ending Power Optimization Task | Checksum: 1f43d0339

Time (s): cpu = 00:00:14 ; elapsed = 00:00:15 . Memory (MB): peak = 3927.941 ; gain = 644.348 ; free physical = 195944 ; free virtual = 254654

Starting Final Cleanup Task
Ending Final Cleanup Task | Checksum: 1f43d0339

Time (s): cpu = 00:00:00 ; elapsed = 00:00:00 . Memory (MB): peak = 3927.941 ; gain = 0.000 ; free physical = 195944 ; free virtual = 254654

Starting Netlist Obfuscation Task
Netlist sorting complete. Time (s): cpu = 00:00:00 ; elapsed = 00:00:00 . Memory (MB): peak = 3927.941 ; gain = 0.000 ; free physical = 195944 ; free virtual = 254654
Ending Netlist Obfuscation Task | Checksum: 1f43d0339

Time (s): cpu = 00:00:00 ; elapsed = 00:00:00 . Memory (MB): peak = 3927.941 ; gain = 0.000 ; free physical = 195944 ; free virtual = 254654
INFO: [Common 17-83] Releasing license: Implementation
30 Infos, 1 Warnings, 0 Critical Warnings and 0 Errors encountered.
opt_design completed successfully
opt_design: Time (s): cpu = 00:00:20 ; elapsed = 00:00:21 . Memory (MB): peak = 3927.941 ; gain = 1126.555 ; free physical = 195944 ; free virtual = 254654
INFO: [Common 17-1381] The checkpoint '/vol/datastore/jmzhao/CompressedLUT/b-spline/testCPP/hardware/recover/recover.runs/impl_1/function_recovery_opt.dcp' has been generated.
INFO: [runtcl-4] Executing : report_drc -file function_recovery_drc_opted.rpt -pb function_recovery_drc_opted.pb -rpx function_recovery_drc_opted.rpx
Command: report_drc -file function_recovery_drc_opted.rpt -pb function_recovery_drc_opted.pb -rpx function_recovery_drc_opted.rpx
INFO: [IP_Flow 19-234] Refreshing IP repositories
INFO: [IP_Flow 19-1704] No user IP repositories specified
INFO: [IP_Flow 19-2313] Loaded Vivado IP repository '/tools/Xilinx/Vivado/2021.2/data/ip'.
INFO: [Timing 38-35] Done setting XDC timing constraints.
INFO: [DRC 23-27] Running DRC with 8 threads
INFO: [Vivado_Tcl 2-168] The results of DRC are in file /vol/datastore/jmzhao/CompressedLUT/b-spline/testCPP/hardware/recover/recover.runs/impl_1/function_recovery_drc_opted.rpt.
report_drc completed successfully
report_drc: Time (s): cpu = 00:00:22 ; elapsed = 00:00:23 . Memory (MB): peak = 4651.117 ; gain = 723.176 ; free physical = 195328 ; free virtual = 254175
Command: place_design
Attempting to get a license for feature 'Implementation' and/or device 'xczu9eg'
INFO: [Common 17-349] Got license for feature 'Implementation' and/or device 'xczu9eg'
INFO: [Common 17-1540] The version limit for your license is '2023.02' and has expired for new software. A version limit expiration means that, although you may be able to continue to use the current version of tools or IP with this license, you will not be eligible for new releases.
INFO: [DRC 23-27] Running DRC with 8 threads
INFO: [Vivado_Tcl 4-198] DRC finished with 0 Errors
INFO: [Vivado_Tcl 4-199] Please refer to the DRC report (report_drc) for more information.
Running DRC as a precondition to command place_design
INFO: [DRC 23-27] Running DRC with 8 threads
INFO: [Vivado_Tcl 4-198] DRC finished with 0 Errors
INFO: [Vivado_Tcl 4-199] Please refer to the DRC report (report_drc) for more information.

Starting Placer Task
INFO: [Place 30-611] Multithreading enabled for place_design using a maximum of 8 CPUs

Phase 1 Placer Initialization

Phase 1.1 Placer Initialization Netlist Sorting
Netlist sorting complete. Time (s): cpu = 00:00:00 ; elapsed = 00:00:00 . Memory (MB): peak = 4651.117 ; gain = 0.000 ; free physical = 195311 ; free virtual = 254159
Phase 1.1 Placer Initialization Netlist Sorting | Checksum: f91a847c

Time (s): cpu = 00:00:00.01 ; elapsed = 00:00:00.03 . Memory (MB): peak = 4651.117 ; gain = 0.000 ; free physical = 195311 ; free virtual = 254159
Netlist sorting complete. Time (s): cpu = 00:00:00 ; elapsed = 00:00:00 . Memory (MB): peak = 4651.117 ; gain = 0.000 ; free physical = 195311 ; free virtual = 254159

Phase 1.2 IO Placement/ Clock Placement/ Build Placer Device
Phase 1.2 IO Placement/ Clock Placement/ Build Placer Device | Checksum: 1310b25c8

Time (s): cpu = 00:00:01 ; elapsed = 00:00:00.73 . Memory (MB): peak = 4651.117 ; gain = 0.000 ; free physical = 195289 ; free virtual = 254143

Phase 1.3 Build Placer Netlist Model
Phase 1.3 Build Placer Netlist Model | Checksum: 140cb0f6e

Time (s): cpu = 00:00:02 ; elapsed = 00:00:01 . Memory (MB): peak = 4651.117 ; gain = 0.000 ; free physical = 195254 ; free virtual = 254109

Phase 1.4 Constrain Clocks/Macros
Phase 1.4 Constrain Clocks/Macros | Checksum: 140cb0f6e

Time (s): cpu = 00:00:02 ; elapsed = 00:00:01 . Memory (MB): peak = 4651.117 ; gain = 0.000 ; free physical = 195254 ; free virtual = 254109
Phase 1 Placer Initialization | Checksum: 140cb0f6e

Time (s): cpu = 00:00:02 ; elapsed = 00:00:01 . Memory (MB): peak = 4651.117 ; gain = 0.000 ; free physical = 195254 ; free virtual = 254109

Phase 2 Global Placement

Phase 2.1 Floorplanning

Phase 2.1.1 Partition Driven Placement

Phase 2.1.1.1 PBP: Partition Driven Placement
Phase 2.1.1.1 PBP: Partition Driven Placement | Checksum: 196bd68ca

Time (s): cpu = 00:00:02 ; elapsed = 00:00:01 . Memory (MB): peak = 4651.117 ; gain = 0.000 ; free physical = 195249 ; free virtual = 254105

Phase 2.1.1.2 PBP: Clock Region Placement
Phase 2.1.1.2 PBP: Clock Region Placement | Checksum: 196bd68ca

Time (s): cpu = 00:00:02 ; elapsed = 00:00:02 . Memory (MB): peak = 4651.117 ; gain = 0.000 ; free physical = 195252 ; free virtual = 254108

Phase 2.1.1.3 PBP: Compute Congestion
Phase 2.1.1.3 PBP: Compute Congestion | Checksum: 196bd68ca

Time (s): cpu = 00:00:05 ; elapsed = 00:00:04 . Memory (MB): peak = 4663.465 ; gain = 12.348 ; free physical = 195138 ; free virtual = 254046

Phase 2.1.1.4 PBP: Add part constraints
Phase 2.1.1.4 PBP: Add part constraints | Checksum: 196bd68ca

Time (s): cpu = 00:00:05 ; elapsed = 00:00:04 . Memory (MB): peak = 4663.465 ; gain = 12.348 ; free physical = 195138 ; free virtual = 254046
Phase 2.1.1 Partition Driven Placement | Checksum: 196bd68ca

Time (s): cpu = 00:00:05 ; elapsed = 00:00:04 . Memory (MB): peak = 4663.465 ; gain = 12.348 ; free physical = 195137 ; free virtual = 254045
Phase 2.1 Floorplanning | Checksum: 196bd68ca

Time (s): cpu = 00:00:05 ; elapsed = 00:00:04 . Memory (MB): peak = 4663.465 ; gain = 12.348 ; free physical = 195137 ; free virtual = 254045

Phase 2.2 Update Timing before SLR Path Opt
Phase 2.2 Update Timing before SLR Path Opt | Checksum: 196bd68ca

Time (s): cpu = 00:00:05 ; elapsed = 00:00:04 . Memory (MB): peak = 4663.465 ; gain = 12.348 ; free physical = 195137 ; free virtual = 254045

Phase 2.3 Post-Processing in Floorplanning
Phase 2.3 Post-Processing in Floorplanning | Checksum: 196bd68ca

Time (s): cpu = 00:00:05 ; elapsed = 00:00:04 . Memory (MB): peak = 4663.465 ; gain = 12.348 ; free physical = 195137 ; free virtual = 254045

Phase 2.4 Global Placement Core
WARNING: [Place 46-29] place_design is not in timing mode. Skip physical synthesis in placer
Phase 2.4 Global Placement Core | Checksum: 21762c275

Time (s): cpu = 00:00:19 ; elapsed = 00:00:15 . Memory (MB): peak = 4727.496 ; gain = 76.379 ; free physical = 195053 ; free virtual = 253962
Phase 2 Global Placement | Checksum: 21762c275

Time (s): cpu = 00:00:19 ; elapsed = 00:00:15 . Memory (MB): peak = 4727.496 ; gain = 76.379 ; free physical = 195053 ; free virtual = 253962

Phase 3 Detail Placement

Phase 3.1 Commit Multi Column Macros
Phase 3.1 Commit Multi Column Macros | Checksum: 21762c275

Time (s): cpu = 00:00:21 ; elapsed = 00:00:17 . Memory (MB): peak = 4727.496 ; gain = 76.379 ; free physical = 195057 ; free virtual = 253966

Phase 3.2 Commit Most Macros & LUTRAMs
Phase 3.2 Commit Most Macros & LUTRAMs | Checksum: 21762c275

Time (s): cpu = 00:00:21 ; elapsed = 00:00:17 . Memory (MB): peak = 4727.496 ; gain = 76.379 ; free physical = 195054 ; free virtual = 253963

Phase 3.3 Small Shape DP

Phase 3.3.1 Small Shape Clustering
Phase 3.3.1 Small Shape Clustering | Checksum: 1aba35b6a

Time (s): cpu = 00:00:22 ; elapsed = 00:00:18 . Memory (MB): peak = 4727.496 ; gain = 76.379 ; free physical = 195045 ; free virtual = 253954

Phase 3.3.2 Flow Legalize Slice Clusters
Phase 3.3.2 Flow Legalize Slice Clusters | Checksum: 1b160f2eb

Time (s): cpu = 00:00:22 ; elapsed = 00:00:18 . Memory (MB): peak = 4727.496 ; gain = 76.379 ; free physical = 195042 ; free virtual = 253952

Phase 3.3.3 Slice Area Swap
Phase 3.3.3 Slice Area Swap | Checksum: 2016b1869

Time (s): cpu = 00:00:22 ; elapsed = 00:00:18 . Memory (MB): peak = 4727.496 ; gain = 76.379 ; free physical = 195021 ; free virtual = 253930
Phase 3.3 Small Shape DP | Checksum: 1d1811669

Time (s): cpu = 00:00:22 ; elapsed = 00:00:18 . Memory (MB): peak = 4727.496 ; gain = 76.379 ; free physical = 195043 ; free virtual = 253953

Phase 3.4 Re-assign LUT pins
Phase 3.4 Re-assign LUT pins | Checksum: 1d1811669

Time (s): cpu = 00:00:22 ; elapsed = 00:00:18 . Memory (MB): peak = 4727.496 ; gain = 76.379 ; free physical = 195036 ; free virtual = 253946

Phase 3.5 Pipeline Register Optimization
Phase 3.5 Pipeline Register Optimization | Checksum: 1d1811669

Time (s): cpu = 00:00:22 ; elapsed = 00:00:18 . Memory (MB): peak = 4727.496 ; gain = 76.379 ; free physical = 195036 ; free virtual = 253946
Phase 3 Detail Placement | Checksum: 1d1811669

Time (s): cpu = 00:00:22 ; elapsed = 00:00:18 . Memory (MB): peak = 4727.496 ; gain = 76.379 ; free physical = 195036 ; free virtual = 253946

Phase 4 Post Placement Optimization and Clean-Up

Phase 4.1 Post Commit Optimization
Phase 4.1 Post Commit Optimization | Checksum: 1d1811669

Time (s): cpu = 00:00:25 ; elapsed = 00:00:21 . Memory (MB): peak = 4727.496 ; gain = 76.379 ; free physical = 195041 ; free virtual = 253950
Netlist sorting complete. Time (s): cpu = 00:00:00 ; elapsed = 00:00:00 . Memory (MB): peak = 4733.496 ; gain = 0.000 ; free physical = 195079 ; free virtual = 253989

Phase 4.2 Post Placement Cleanup
Phase 4.2 Post Placement Cleanup | Checksum: 2c90cc59d

Time (s): cpu = 00:00:34 ; elapsed = 00:00:29 . Memory (MB): peak = 4733.496 ; gain = 82.379 ; free physical = 195091 ; free virtual = 254000

Phase 4.3 Placer Reporting

Phase 4.3.1 Print Estimated Congestion
INFO: [Place 30-612] Post-Placement Estimated Congestion 
 ________________________________________________________________________
|           | Global Congestion | Long Congestion   | Short Congestion  |
| Direction | Region Size       | Region Size       | Region Size       |
|___________|___________________|___________________|___________________|
|      North|                1x1|                1x1|                1x1|
|___________|___________________|___________________|___________________|
|      South|                1x1|                1x1|                1x1|
|___________|___________________|___________________|___________________|
|       East|                1x1|                1x1|                1x1|
|___________|___________________|___________________|___________________|
|       West|                1x1|                1x1|                1x1|
|___________|___________________|___________________|___________________|

Phase 4.3.1 Print Estimated Congestion | Checksum: 2c90cc59d

Time (s): cpu = 00:00:34 ; elapsed = 00:00:29 . Memory (MB): peak = 4733.496 ; gain = 82.379 ; free physical = 195091 ; free virtual = 254000
Phase 4.3 Placer Reporting | Checksum: 2c90cc59d

Time (s): cpu = 00:00:34 ; elapsed = 00:00:29 . Memory (MB): peak = 4733.496 ; gain = 82.379 ; free physical = 195091 ; free virtual = 254000

Phase 4.4 Final Placement Cleanup
Netlist sorting complete. Time (s): cpu = 00:00:00 ; elapsed = 00:00:00 . Memory (MB): peak = 4733.496 ; gain = 0.000 ; free physical = 195091 ; free virtual = 254000

Time (s): cpu = 00:00:34 ; elapsed = 00:00:29 . Memory (MB): peak = 4733.496 ; gain = 82.379 ; free physical = 195091 ; free virtual = 254000
Phase 4 Post Placement Optimization and Clean-Up | Checksum: 308a972f0

Time (s): cpu = 00:00:34 ; elapsed = 00:00:29 . Memory (MB): peak = 4733.496 ; gain = 82.379 ; free physical = 195090 ; free virtual = 254000
Ending Placer Task | Checksum: 21cb73526

Time (s): cpu = 00:00:34 ; elapsed = 00:00:29 . Memory (MB): peak = 4733.496 ; gain = 82.379 ; free physical = 195090 ; free virtual = 254000
INFO: [Common 17-83] Releasing license: Implementation
49 Infos, 2 Warnings, 0 Critical Warnings and 0 Errors encountered.
place_design completed successfully
place_design: Time (s): cpu = 00:00:37 ; elapsed = 00:00:31 . Memory (MB): peak = 4733.496 ; gain = 82.379 ; free physical = 195249 ; free virtual = 254159
Writing placer database...
Writing XDEF routing.
Writing XDEF routing logical nets.
Writing XDEF routing special nets.
Write XDEF Complete: Time (s): cpu = 00:00:00.19 ; elapsed = 00:00:00.23 . Memory (MB): peak = 4733.496 ; gain = 0.000 ; free physical = 195244 ; free virtual = 254157
INFO: [Common 17-1381] The checkpoint '/vol/datastore/jmzhao/CompressedLUT/b-spline/testCPP/hardware/recover/recover.runs/impl_1/function_recovery_placed.dcp' has been generated.
INFO: [runtcl-4] Executing : report_io -file function_recovery_io_placed.rpt
report_io: Time (s): cpu = 00:00:00.41 ; elapsed = 00:00:00.52 . Memory (MB): peak = 4733.496 ; gain = 0.000 ; free physical = 195202 ; free virtual = 254112
INFO: [runtcl-4] Executing : report_utilization -file function_recovery_utilization_placed.rpt -pb function_recovery_utilization_placed.pb
INFO: [runtcl-4] Executing : report_control_sets -verbose -file function_recovery_control_sets_placed.rpt
report_control_sets: Time (s): cpu = 00:00:00.06 ; elapsed = 00:00:00.16 . Memory (MB): peak = 4733.496 ; gain = 0.000 ; free physical = 195241 ; free virtual = 254152
Command: phys_opt_design
Attempting to get a license for feature 'Implementation' and/or device 'xczu9eg'
INFO: [Common 17-349] Got license for feature 'Implementation' and/or device 'xczu9eg'
INFO: [Common 17-1540] The version limit for your license is '2023.02' and has expired for new software. A version limit expiration means that, although you may be able to continue to use the current version of tools or IP with this license, you will not be eligible for new releases.
INFO: [Vivado_Tcl 4-235] No timing constraint found. The netlist was not modified.
INFO: [Common 17-83] Releasing license: Implementation
57 Infos, 2 Warnings, 0 Critical Warnings and 0 Errors encountered.
phys_opt_design completed successfully
Writing placer database...
Writing XDEF routing.
Writing XDEF routing logical nets.
Writing XDEF routing special nets.
Write XDEF Complete: Time (s): cpu = 00:00:00.11 ; elapsed = 00:00:00.09 . Memory (MB): peak = 4733.496 ; gain = 0.000 ; free physical = 195231 ; free virtual = 254145
INFO: [Common 17-1381] The checkpoint '/vol/datastore/jmzhao/CompressedLUT/b-spline/testCPP/hardware/recover/recover.runs/impl_1/function_recovery_physopt.dcp' has been generated.
Command: route_design
Attempting to get a license for feature 'Implementation' and/or device 'xczu9eg'
INFO: [Common 17-349] Got license for feature 'Implementation' and/or device 'xczu9eg'
INFO: [Common 17-1540] The version limit for your license is '2023.02' and has expired for new software. A version limit expiration means that, although you may be able to continue to use the current version of tools or IP with this license, you will not be eligible for new releases.
Running DRC as a precondition to command route_design
INFO: [DRC 23-27] Running DRC with 8 threads
INFO: [Vivado_Tcl 4-198] DRC finished with 0 Errors
INFO: [Vivado_Tcl 4-199] Please refer to the DRC report (report_drc) for more information.


Starting Routing Task
INFO: [Route 35-254] Multithreading enabled for route_design using a maximum of 8 CPUs

Phase 1 Build RT Design
Checksum: PlaceDB: 2c110176 ConstDB: 0 ShapeSum: f91a847c RouteDB: f78baf34
Nodegraph reading from file.  Time (s): cpu = 00:00:00.78 ; elapsed = 00:00:00.85 . Memory (MB): peak = 4733.496 ; gain = 0.000 ; free physical = 195093 ; free virtual = 254007
Post Restoration Checksum: NetGraph: 67a23c5f NumContArr: 3a12f88d Constraints: 1f71455c Timing: 0
Phase 1 Build RT Design | Checksum: c1267a48

Time (s): cpu = 00:00:07 ; elapsed = 00:00:07 . Memory (MB): peak = 4733.496 ; gain = 0.000 ; free physical = 195091 ; free virtual = 254006

Phase 2 Router Initialization
INFO: [Route 35-64] No timing constraints were detected. The router will operate in resource-optimization mode.

Phase 2.1 Fix Topology Constraints
Phase 2.1 Fix Topology Constraints | Checksum: c1267a48

Time (s): cpu = 00:00:07 ; elapsed = 00:00:07 . Memory (MB): peak = 4733.496 ; gain = 0.000 ; free physical = 195036 ; free virtual = 253952

Phase 2.2 Pre Route Cleanup
Phase 2.2 Pre Route Cleanup | Checksum: c1267a48

Time (s): cpu = 00:00:07 ; elapsed = 00:00:07 . Memory (MB): peak = 4733.496 ; gain = 0.000 ; free physical = 195036 ; free virtual = 253952

Phase 2.3 Global Clock Net Routing
 Number of Nodes with overlaps = 0
Phase 2.3 Global Clock Net Routing | Checksum: 11bed92fb

Time (s): cpu = 00:00:09 ; elapsed = 00:00:08 . Memory (MB): peak = 4733.496 ; gain = 0.000 ; free physical = 195058 ; free virtual = 253974

Router Utilization Summary
  Global Vertical Routing Utilization    = 0 %
  Global Horizontal Routing Utilization  = 0 %
  Routable Net Status*
  *Does not include unroutable nets such as driverless and loadless.
  Run report_route_status for detailed report.
  Number of Failed Nets               = 157
    (Failed Nets is the sum of unrouted and partially routed nets)
  Number of Unrouted Nets             = 153
  Number of Partially Routed Nets     = 4
  Number of Node Overlaps             = 0

Phase 2 Router Initialization | Checksum: 11bed92fb

Time (s): cpu = 00:00:11 ; elapsed = 00:00:08 . Memory (MB): peak = 4733.496 ; gain = 0.000 ; free physical = 195051 ; free virtual = 253967

Phase 3 Initial Routing

Phase 3.1 Global Routing
Phase 3.1 Global Routing | Checksum: 11bed92fb

Time (s): cpu = 00:00:11 ; elapsed = 00:00:08 . Memory (MB): peak = 4733.496 ; gain = 0.000 ; free physical = 195053 ; free virtual = 253969
Phase 3 Initial Routing | Checksum: 846c2230

Time (s): cpu = 00:00:13 ; elapsed = 00:00:09 . Memory (MB): peak = 4733.496 ; gain = 0.000 ; free physical = 195018 ; free virtual = 253934

Phase 4 Rip-up And Reroute

Phase 4.1 Global Iteration 0
 Number of Nodes with overlaps = 4
 Number of Nodes with overlaps = 0
Phase 4.1 Global Iteration 0 | Checksum: 94155085

Time (s): cpu = 00:00:14 ; elapsed = 00:00:09 . Memory (MB): peak = 4733.496 ; gain = 0.000 ; free physical = 195025 ; free virtual = 253942
Phase 4 Rip-up And Reroute | Checksum: 94155085

Time (s): cpu = 00:00:14 ; elapsed = 00:00:09 . Memory (MB): peak = 4733.496 ; gain = 0.000 ; free physical = 195026 ; free virtual = 253942

Phase 5 Delay and Skew Optimization
Phase 5 Delay and Skew Optimization | Checksum: 94155085

Time (s): cpu = 00:00:14 ; elapsed = 00:00:09 . Memory (MB): peak = 4733.496 ; gain = 0.000 ; free physical = 195030 ; free virtual = 253946

Phase 6 Post Hold Fix

Phase 6.1 Hold Fix Iter
Phase 6.1 Hold Fix Iter | Checksum: 94155085

Time (s): cpu = 00:00:14 ; elapsed = 00:00:09 . Memory (MB): peak = 4733.496 ; gain = 0.000 ; free physical = 195029 ; free virtual = 253945
Phase 6 Post Hold Fix | Checksum: 94155085

Time (s): cpu = 00:00:14 ; elapsed = 00:00:09 . Memory (MB): peak = 4733.496 ; gain = 0.000 ; free physical = 195029 ; free virtual = 253945

Phase 7 Route finalize

Router Utilization Summary
  Global Vertical Routing Utilization    = 0.00725934 %
  Global Horizontal Routing Utilization  = 0.00696102 %
  Routable Net Status*
  *Does not include unroutable nets such as driverless and loadless.
  Run report_route_status for detailed report.
  Number of Failed Nets               = 0
    (Failed Nets is the sum of unrouted and partially routed nets)
  Number of Unrouted Nets             = 0
  Number of Partially Routed Nets     = 0
  Number of Node Overlaps             = 0

Congestion Report
North Dir 1x1 Area, Max Cong = 18.6916%, No Congested Regions.
South Dir 1x1 Area, Max Cong = 3.31754%, No Congested Regions.
East Dir 1x1 Area, Max Cong = 15.3846%, No Congested Regions.
West Dir 1x1 Area, Max Cong = 19.2308%, No Congested Regions.

------------------------------
Reporting congestion hotspots
------------------------------
Direction: North
----------------
Congested clusters found at Level 0
Effective congestion level: 0 Aspect Ratio: 1 Sparse Ratio: 0
Direction: South
----------------
Congested clusters found at Level 0
Effective congestion level: 0 Aspect Ratio: 1 Sparse Ratio: 0
Direction: East
----------------
Congested clusters found at Level 0
Effective congestion level: 0 Aspect Ratio: 1 Sparse Ratio: 0
Direction: West
----------------
Congested clusters found at Level 0
Effective congestion level: 0 Aspect Ratio: 1 Sparse Ratio: 0

Phase 7 Route finalize | Checksum: 94155085

Time (s): cpu = 00:00:15 ; elapsed = 00:00:10 . Memory (MB): peak = 4733.496 ; gain = 0.000 ; free physical = 195028 ; free virtual = 253944

Phase 8 Verifying routed nets

 Verification completed successfully
Phase 8 Verifying routed nets | Checksum: 94155085

Time (s): cpu = 00:00:15 ; elapsed = 00:00:10 . Memory (MB): peak = 4733.496 ; gain = 0.000 ; free physical = 195027 ; free virtual = 253943

Phase 9 Depositing Routes
Phase 9 Depositing Routes | Checksum: 94155085

Time (s): cpu = 00:00:15 ; elapsed = 00:00:10 . Memory (MB): peak = 4781.520 ; gain = 48.023 ; free physical = 195025 ; free virtual = 253941

Phase 10 Resolve XTalk
Phase 10 Resolve XTalk | Checksum: 94155085

Time (s): cpu = 00:00:15 ; elapsed = 00:00:10 . Memory (MB): peak = 4781.520 ; gain = 48.023 ; free physical = 195026 ; free virtual = 253942
Time taken to check if laguna hold fix is required (in secs): 0
Skip PhysOpt in Router because non-negative WNS value: 1e+30 .
INFO: [Route 35-16] Router Completed Successfully

Time (s): cpu = 00:00:18 ; elapsed = 00:00:13 . Memory (MB): peak = 4781.520 ; gain = 48.023 ; free physical = 195113 ; free virtual = 254029

Routing Is Done.
INFO: [Common 17-83] Releasing license: Implementation
67 Infos, 2 Warnings, 0 Critical Warnings and 0 Errors encountered.
route_design completed successfully
route_design: Time (s): cpu = 00:00:20 ; elapsed = 00:00:14 . Memory (MB): peak = 4781.520 ; gain = 48.023 ; free physical = 195113 ; free virtual = 254029
Writing placer database...
Writing XDEF routing.
Writing XDEF routing logical nets.
Writing XDEF routing special nets.
Write XDEF Complete: Time (s): cpu = 00:00:00.12 ; elapsed = 00:00:00.11 . Memory (MB): peak = 4781.520 ; gain = 0.000 ; free physical = 195109 ; free virtual = 254028
INFO: [Common 17-1381] The checkpoint '/vol/datastore/jmzhao/CompressedLUT/b-spline/testCPP/hardware/recover/recover.runs/impl_1/function_recovery_routed.dcp' has been generated.
INFO: [runtcl-4] Executing : report_drc -file function_recovery_drc_routed.rpt -pb function_recovery_drc_routed.pb -rpx function_recovery_drc_routed.rpx
Command: report_drc -file function_recovery_drc_routed.rpt -pb function_recovery_drc_routed.pb -rpx function_recovery_drc_routed.rpx
INFO: [IP_Flow 19-1839] IP Catalog is up to date.
INFO: [DRC 23-27] Running DRC with 8 threads
INFO: [Vivado_Tcl 2-168] The results of DRC are in file /vol/datastore/jmzhao/CompressedLUT/b-spline/testCPP/hardware/recover/recover.runs/impl_1/function_recovery_drc_routed.rpt.
report_drc completed successfully
INFO: [runtcl-4] Executing : report_methodology -file function_recovery_methodology_drc_routed.rpt -pb function_recovery_methodology_drc_routed.pb -rpx function_recovery_methodology_drc_routed.rpx
Command: report_methodology -file function_recovery_methodology_drc_routed.rpt -pb function_recovery_methodology_drc_routed.pb -rpx function_recovery_methodology_drc_routed.rpx
INFO: [Timing 38-35] Done setting XDC timing constraints.
INFO: [DRC 23-133] Running Methodology with 8 threads
INFO: [Vivado_Tcl 2-1520] The results of Report Methodology are in file /vol/datastore/jmzhao/CompressedLUT/b-spline/testCPP/hardware/recover/recover.runs/impl_1/function_recovery_methodology_drc_routed.rpt.
report_methodology completed successfully
INFO: [runtcl-4] Executing : report_power -file function_recovery_power_routed.rpt -pb function_recovery_power_summary_routed.pb -rpx function_recovery_power_routed.rpx
Command: report_power -file function_recovery_power_routed.rpt -pb function_recovery_power_summary_routed.pb -rpx function_recovery_power_routed.rpx
INFO: [Timing 38-35] Done setting XDC timing constraints.
WARNING: [Power 33-232] No user defined clocks were found in the design! Power estimation will be inaccurate until this is corrected.
Resolution: Please specify clocks using create_clock/create_generated_clock for sequential elements. For pure combinatorial circuits, please specify a virtual clock, otherwise the vectorless estimation might be inaccurate
Running Vector-less Activity Propagation...

Finished Running Vector-less Activity Propagation
78 Infos, 3 Warnings, 0 Critical Warnings and 0 Errors encountered.
report_power completed successfully
report_power: Time (s): cpu = 00:00:06 ; elapsed = 00:00:06 . Memory (MB): peak = 4781.520 ; gain = 0.000 ; free physical = 195057 ; free virtual = 253974
INFO: [runtcl-4] Executing : report_route_status -file function_recovery_route_status.rpt -pb function_recovery_route_status.pb
INFO: [runtcl-4] Executing : report_timing_summary -max_paths 10 -report_unconstrained -file function_recovery_timing_summary_routed.rpt -pb function_recovery_timing_summary_routed.pb -rpx function_recovery_timing_summary_routed.rpx -warn_on_violation 
INFO: [Timing 38-91] UpdateTimingParams: Speed grade: -2, Temperature grade: E, Delay Type: min_max.
INFO: [Timing 38-191] Multithreading enabled for timing update using a maximum of 8 CPUs
WARNING: [Timing 38-313] There are no user specified timing constraints. Timing constraints are needed for proper timing analysis.
INFO: [runtcl-4] Executing : report_incremental_reuse -file function_recovery_incremental_reuse_routed.rpt
INFO: [Vivado_Tcl 4-1062] Incremental flow is disabled. No incremental reuse Info to report.
INFO: [runtcl-4] Executing : report_clock_utilization -file function_recovery_clock_utilization_routed.rpt
INFO: [runtcl-4] Executing : report_bus_skew -warn_on_violation -file function_recovery_bus_skew_routed.rpt -pb function_recovery_bus_skew_routed.pb -rpx function_recovery_bus_skew_routed.rpx
INFO: [Timing 38-91] UpdateTimingParams: Speed grade: -2, Temperature grade: E, Delay Type: min_max.
INFO: [Timing 38-191] Multithreading enabled for timing update using a maximum of 8 CPUs
INFO: [Common 17-206] Exiting Vivado at Thu Feb 27 15:59:07 2025...
