#-----------------------------------------------------------
# Vivado v2021.2 (64-bit)
# SW Build 3367213 on Tue Oct 19 02:47:39 MDT 2021
# IP Build 3369179 on Thu Oct 21 08:25:16 MDT 2021
# Start of session at: Mon Apr  7 15:17:33 2025
# Process ID: 4836
# Current directory: /vol/datastore/jmzhao/CompressedLUT/b-spline/testCPP/hardware/pwl_recover
# Command line: vivado
# Log file: /vol/datastore/jmzhao/CompressedLUT/b-spline/testCPP/hardware/pwl_recover/vivado.log
# Journal file: /vol/datastore/jmzhao/CompressedLUT/b-spline/testCPP/hardware/pwl_recover/vivado.jou
# Running On: americano02, OS: Linux, CPU Frequency: 1200.000 MHz, CPU Physical cores: 20, Host memory: 270320 MB
#-----------------------------------------------------------
start_gui
WARNING: [Board 49-26] cannot add Board Part xilinx.com:vck190_es:part0:1.3 available at /tools/Xilinx/Vivado/2021.2/data/xhub/boards/XilinxBoardStore/boards/Xilinx/vck190/es/1.3/board.xml as part xcvc1902-vsva2197-2mp-e-s-es1 specified in board_part file is either invalid or not available
WARNING: [Board 49-26] cannot add Board Part xilinx.com:vmk180_es:part0:1.3 available at /tools/Xilinx/Vivado/2021.2/data/xhub/boards/XilinxBoardStore/boards/Xilinx/vmk180/es/1.3/board.xml as part xcvm1802-vsva2197-2mp-e-s-es1 specified in board_part file is either invalid or not available
WARNING: [Board 49-26] cannot add Board Part xilinx.com:vpk120_es:part0:1.2 available at /tools/Xilinx/Vivado/2021.2/data/xhub/boards/XilinxBoardStore/boards/Xilinx/vpk120/es/1.2/board.xml as part xcvp1202-vsva2785-2mp-e-s-es1 specified in board_part file is either invalid or not available
WARNING: [Board 49-26] cannot add Board Part xilinx.com:zcu208_es:part0:1.0 available at /tools/Xilinx/Vivado/2021.2/data/xhub/boards/XilinxBoardStore/boards/Xilinx/zcu208/es/1.0/board.xml as part xczu48dr-fsvg1517-2-e-es1 specified in board_part file is either invalid or not available
WARNING: [Board 49-26] cannot add Board Part xilinx.com:zcu208_es:part0:1.1 available at /tools/Xilinx/Vivado/2021.2/data/xhub/boards/XilinxBoardStore/boards/Xilinx/zcu208/es/1.1/board.xml as part xczu48dr-fsvg1517-2-e-es1 specified in board_part file is either invalid or not available
WARNING: [Board 49-26] cannot add Board Part xilinx.com:zcu208_es:part0:1.2 available at /tools/Xilinx/Vivado/2021.2/data/xhub/boards/XilinxBoardStore/boards/Xilinx/zcu208/es/1.2/board.xml as part xczu48dr-fsvg1517-2-e-es1 specified in board_part file is either invalid or not available
WARNING: [Board 49-26] cannot add Board Part xilinx.com:zcu208ld:part0:2.0 available at /tools/Xilinx/Vivado/2021.2/data/xhub/boards/XilinxBoardStore/boards/Xilinx/zcu208ld/production/2.0/board.xml as part xczu58dr-fsvg1517-2-i specified in board_part file is either invalid or not available
WARNING: [Board 49-26] cannot add Board Part xilinx.com:zcu208ld_es:part0:1.0 available at /tools/Xilinx/Vivado/2021.2/data/xhub/boards/XilinxBoardStore/boards/Xilinx/zcu208ld/es/1.0/board.xml as part xczu58dr-fsvg1517-2-i-es1 specified in board_part file is either invalid or not available
WARNING: [Board 49-26] cannot add Board Part xilinx.com:zcu216_es:part0:1.0 available at /tools/Xilinx/Vivado/2021.2/data/xhub/boards/XilinxBoardStore/boards/Xilinx/zcu216/es/1.0/board.xml as part xczu49dr-ffvf1760-2-e-es1 specified in board_part file is either invalid or not available
WARNING: [Board 49-26] cannot add Board Part xilinx.com:zcu216_es:part0:1.1 available at /tools/Xilinx/Vivado/2021.2/data/xhub/boards/XilinxBoardStore/boards/Xilinx/zcu216/es/1.1/board.xml as part xczu49dr-ffvf1760-2-e-es1 specified in board_part file is either invalid or not available
WARNING: [Board 49-26] cannot add Board Part xilinx.com:zcu216_es:part0:1.2 available at /tools/Xilinx/Vivado/2021.2/data/xhub/boards/XilinxBoardStore/boards/Xilinx/zcu216/es/1.2/board.xml as part xczu49dr-ffvf1760-2-e-es1 specified in board_part file is either invalid or not available
WARNING: [Board 49-26] cannot add Board Part xilinx.com:zcu216ld:part0:2.0 available at /tools/Xilinx/Vivado/2021.2/data/xhub/boards/XilinxBoardStore/boards/Xilinx/zcu216ld/production/2.0/board.xml as part xczu59dr-ffvf1760-2-i specified in board_part file is either invalid or not available
WARNING: [Board 49-26] cannot add Board Part xilinx.com:zcu216ld_es:part0:1.0 available at /tools/Xilinx/Vivado/2021.2/data/xhub/boards/XilinxBoardStore/boards/Xilinx/zcu216ld/es/1.0/board.xml as part xczu59dr-ffvf1760-2-i-es1 specified in board_part file is either invalid or not available
WARNING: [Board 49-26] cannot add Board Part xilinx.com:zcu670:part0:1.0 available at /tools/Xilinx/Vivado/2021.2/data/xhub/boards/XilinxBoardStore/boards/Xilinx/zcu670/1.0/board.xml as part xczu67dr-fsve1156-2-i specified in board_part file is either invalid or not available
open_project /vol/datastore/jmzhao/CompressedLUT/b-spline/testCPP/hardware/pwl_recover/pwl_recover.xpr
INFO: [filemgmt 56-3] Default IP Output Path : Could not find the directory '/vol/datastore/jmzhao/CompressedLUT/b-spline/testCPP/hardware/pwl_recover/pwl_recover.gen/sources_1'.
Scanning sources...
Finished scanning sources
INFO: [IP_Flow 19-234] Refreshing IP repositories
INFO: [IP_Flow 19-1704] No user IP repositories specified
INFO: [IP_Flow 19-2313] Loaded Vivado IP repository '/tools/Xilinx/Vivado/2021.2/data/ip'.
open_project: Time (s): cpu = 00:00:24 ; elapsed = 00:00:06 . Memory (MB): peak = 7774.055 ; gain = 95.504 ; free physical = 251401 ; free virtual = 262376
update_compile_order -fileset sources_1
launch_simulation
Command: launch_simulation 
INFO: [Vivado 12-12493] Simulation top is 'tb_pwl_core'
WARNING: [Vivado 12-12986] Compiled library path does not exist: ''
INFO: [Vivado 12-5682] Launching behavioral simulation in '/vol/datastore/jmzhao/CompressedLUT/b-spline/testCPP/hardware/pwl_recover/pwl_recover.sim/sim_1/behav/xsim'
INFO: [SIM-utils-51] Simulation object is 'sim_1'
INFO: [SIM-utils-72] Using boost library from '/tools/Xilinx/Vivado/2021.2/tps/boost_1_72_0'
INFO: [SIM-utils-54] Inspecting design source files for 'tb_pwl_core' in fileset 'sim_1'...
INFO: [USF-XSim-97] Finding global include files...
INFO: [USF-XSim-98] Fetching design files from 'sim_1'...
INFO: [USF-XSim-2] XSim::Compile design
INFO: [USF-XSim-61] Executing 'COMPILE and ANALYZE' step in '/vol/datastore/jmzhao/CompressedLUT/b-spline/testCPP/hardware/pwl_recover/pwl_recover.sim/sim_1/behav/xsim'
xvlog --incr --relax -prj tb_pwl_core_vlog.prj
INFO: [VRFC 10-2263] Analyzing Verilog file "/vol/datastore/jmzhao/CompressedLUT/b-spline/testCPP/hardware/rtl/breakpoints_rom.v" into library xil_defaultlib
INFO: [VRFC 10-311] analyzing module breakpoints_rom
INFO: [VRFC 10-2263] Analyzing Verilog file "/vol/datastore/jmzhao/CompressedLUT/b-spline/testCPP/hardware/rtl/intercepts_rom.v" into library xil_defaultlib
INFO: [VRFC 10-311] analyzing module intercepts_rom
INFO: [VRFC 10-2263] Analyzing Verilog file "/vol/datastore/jmzhao/CompressedLUT/b-spline/testCPP/hardware/rtl/pwl_address_decoder.v" into library xil_defaultlib
INFO: [VRFC 10-311] analyzing module pwl_address_decoder
WARNING: [VRFC 10-8374] loop variable declaration is not allowed in this mode of Verilog [/vol/datastore/jmzhao/CompressedLUT/b-spline/testCPP/hardware/rtl/pwl_address_decoder.v:24]
ERROR: [VRFC 10-2989] 'PWL_ADDR_WIDTH' is not declared [/vol/datastore/jmzhao/CompressedLUT/b-spline/testCPP/hardware/rtl/pwl_address_decoder.v:12]
ERROR: [VRFC 10-1775] range must be bounded by constant expressions [/vol/datastore/jmzhao/CompressedLUT/b-spline/testCPP/hardware/rtl/pwl_address_decoder.v:12]
ERROR: [VRFC 10-2989] 'PWL_NUM_BREAKPOINTS' is not declared [/vol/datastore/jmzhao/CompressedLUT/b-spline/testCPP/hardware/rtl/pwl_address_decoder.v:18]
ERROR: [VRFC 10-1775] range must be bounded by constant expressions [/vol/datastore/jmzhao/CompressedLUT/b-spline/testCPP/hardware/rtl/pwl_address_decoder.v:18]
ERROR: [VRFC 10-2989] 'PWL_NUM_BREAKPOINTS' is not declared [/vol/datastore/jmzhao/CompressedLUT/b-spline/testCPP/hardware/rtl/pwl_address_decoder.v:24]
ERROR: [VRFC 10-2989] 'PWL_ADDR_WIDTH' is not declared [/vol/datastore/jmzhao/CompressedLUT/b-spline/testCPP/hardware/rtl/pwl_address_decoder.v:29]
ERROR: [VRFC 10-1775] range must be bounded by constant expressions [/vol/datastore/jmzhao/CompressedLUT/b-spline/testCPP/hardware/rtl/pwl_address_decoder.v:29]
ERROR: [VRFC 10-2989] 'PWL_ADDR_WIDTH' is not declared [/vol/datastore/jmzhao/CompressedLUT/b-spline/testCPP/hardware/rtl/pwl_address_decoder.v:41]
ERROR: [VRFC 10-2989] 'PWL_ADDR_WIDTH' is not declared [/vol/datastore/jmzhao/CompressedLUT/b-spline/testCPP/hardware/rtl/pwl_address_decoder.v:44]
ERROR: [VRFC 10-2989] 'PWL_ADDR_WIDTH' is not declared [/vol/datastore/jmzhao/CompressedLUT/b-spline/testCPP/hardware/rtl/pwl_address_decoder.v:45]
ERROR: [VRFC 10-2989] 'PWL_ADDR_WIDTH' is not declared [/vol/datastore/jmzhao/CompressedLUT/b-spline/testCPP/hardware/rtl/pwl_address_decoder.v:46]
ERROR: [VRFC 10-2989] 'PWL_ADDR_WIDTH' is not declared [/vol/datastore/jmzhao/CompressedLUT/b-spline/testCPP/hardware/rtl/pwl_address_decoder.v:58]
ERROR: [VRFC 10-2989] 'PWL_NUM_BREAKPOINTS' is not declared [/vol/datastore/jmzhao/CompressedLUT/b-spline/testCPP/hardware/rtl/pwl_address_decoder.v:59]
ERROR: [VRFC 10-2865] module 'pwl_address_decoder' ignored due to previous errors [/vol/datastore/jmzhao/CompressedLUT/b-spline/testCPP/hardware/rtl/pwl_address_decoder.v:7]
INFO: [USF-XSim-69] 'compile' step finished in '2' seconds
INFO: [USF-XSim-99] Step results log file:'/vol/datastore/jmzhao/CompressedLUT/b-spline/testCPP/hardware/pwl_recover/pwl_recover.sim/sim_1/behav/xsim/xvlog.log'
ERROR: [USF-XSim-62] 'compile' step failed with error(s). Please check the Tcl console output or '/vol/datastore/jmzhao/CompressedLUT/b-spline/testCPP/hardware/pwl_recover/pwl_recover.sim/sim_1/behav/xsim/xvlog.log' file for more information.
ERROR: [Vivado 12-4473] Detected error while running simulation. Please correct the issue and retry this operation.
ERROR: [Common 17-39] 'launch_simulation' failed due to earlier errors.
