Copyright 1986-2021 Xilinx, Inc. All Rights Reserved.
-----------------------------------------------------------------------------------------------------------------------------------------------------------------------------------------------------------------------
| Tool Version      : Vivado v.2021.2 (lin64) Build 3367213 Tue Oct 19 02:47:39 MDT 2021
| Date              : Sun Mar 30 18:28:48 2025
| Host              : americano02 running 64-bit Ubuntu 22.04.4 LTS
| Command           : report_timing_summary -max_paths 10 -report_unconstrained -file pwl_top_timing_summary_routed.rpt -pb pwl_top_timing_summary_routed.pb -rpx pwl_top_timing_summary_routed.rpx -warn_on_violation
| Design            : pwl_top
| Device            : xczu9eg-ffvb1156
| Speed File        : -2  PRODUCTION 1.29 08-03-2020
| Temperature Grade : E
-----------------------------------------------------------------------------------------------------------------------------------------------------------------------------------------------------------------------

Timing Summary Report

------------------------------------------------------------------------------------------------
| Timer Settings
| --------------
------------------------------------------------------------------------------------------------

  Enable Multi Corner Analysis               :  Yes
  Enable Pessimism Removal                   :  Yes
  Pessimism Removal Resolution               :  Nearest Common Node
  Enable Input Delay Default Clock           :  No
  Enable Preset / Clear Arcs                 :  No
  Disable Flight Delays                      :  No
  Ignore I/O Paths                           :  No
  Timing Early Launch at Borrowing Latches   :  No
  Borrow Time for Max Delay Exceptions       :  Yes
  Merge Timing Exceptions                    :  Yes

  Corner  Analyze    Analyze    
  Name    Max Paths  Min Paths  
  ------  ---------  ---------  
  Slow    Yes        Yes        
  Fast    Yes        Yes        


------------------------------------------------------------------------------------------------
| Report Methodology
| ------------------
------------------------------------------------------------------------------------------------

Rule       Severity          Description                  Violations  
---------  ----------------  ---------------------------  ----------  
TIMING-17  Critical Warning  Non-clocked sequential cell  91          
DPIR-2     Warning           Asynchronous driver check    16          

Note: This report is based on the most recent report_methodology run and may not be up-to-date. Run report_methodology on the current design for the latest report.



check_timing report

Table of Contents
-----------------
1. checking no_clock (91)
2. checking constant_clock (0)
3. checking pulse_width_clock (0)
4. checking unconstrained_internal_endpoints (292)
5. checking no_input_delay (19)
6. checking no_output_delay (18)
7. checking multiple_clock (0)
8. checking generated_clocks (0)
9. checking loops (0)
10. checking partial_input_delay (0)
11. checking partial_output_delay (0)
12. checking latch_loops (0)

1. checking no_clock (91)
-------------------------
 There are 91 register/latch pins with no clock driven by root clock pin: clk (HIGH)


2. checking constant_clock (0)
------------------------------
 There are 0 register/latch pins with constant_clock.


3. checking pulse_width_clock (0)
---------------------------------
 There are 0 register/latch pins which need pulse_width check


4. checking unconstrained_internal_endpoints (292)
--------------------------------------------------
 There are 292 pins that are not constrained for maximum delay. (HIGH)

 There are 0 pins that are not constrained for maximum delay due to constant clock.


5. checking no_input_delay (19)
-------------------------------
 There are 19 input ports with no input delay specified. (HIGH)

 There are 0 input ports with no input delay but user has a false path constraint.


6. checking no_output_delay (18)
--------------------------------
 There are 18 ports with no output delay specified. (HIGH)

 There are 0 ports with no output delay but user has a false path constraint

 There are 0 ports with no output delay but with a timing clock defined on it or propagating through it


7. checking multiple_clock (0)
------------------------------
 There are 0 register/latch pins with multiple clocks.


8. checking generated_clocks (0)
--------------------------------
 There are 0 generated clocks that are not connected to a clock source.


9. checking loops (0)
---------------------
 There are 0 combinational loops in the design.


10. checking partial_input_delay (0)
------------------------------------
 There are 0 input ports with partial input delay specified.


11. checking partial_output_delay (0)
-------------------------------------
 There are 0 ports with partial output delay specified.


12. checking latch_loops (0)
----------------------------
 There are 0 combinational latch loops in the design through latch input



------------------------------------------------------------------------------------------------
| Design Timing Summary
| ---------------------
------------------------------------------------------------------------------------------------

    WNS(ns)      TNS(ns)  TNS Failing Endpoints  TNS Total Endpoints      WHS(ns)      THS(ns)  THS Failing Endpoints  THS Total Endpoints     WPWS(ns)     TPWS(ns)  TPWS Failing Endpoints  TPWS Total Endpoints  
    -------      -------  ---------------------  -------------------      -------      -------  ---------------------  -------------------     --------     --------  ----------------------  --------------------  
        inf        0.000                      0                  261          inf        0.000                      0                  261           NA           NA                      NA                    NA  


There are no user specified timing constraints.


------------------------------------------------------------------------------------------------
| Clock Summary
| -------------
------------------------------------------------------------------------------------------------


------------------------------------------------------------------------------------------------
| Intra Clock Table
| -----------------
------------------------------------------------------------------------------------------------

Clock             WNS(ns)      TNS(ns)  TNS Failing Endpoints  TNS Total Endpoints      WHS(ns)      THS(ns)  THS Failing Endpoints  THS Total Endpoints     WPWS(ns)     TPWS(ns)  TPWS Failing Endpoints  TPWS Total Endpoints  
-----             -------      -------  ---------------------  -------------------      -------      -------  ---------------------  -------------------     --------     --------  ----------------------  --------------------  


------------------------------------------------------------------------------------------------
| Inter Clock Table
| -----------------
------------------------------------------------------------------------------------------------

From Clock    To Clock          WNS(ns)      TNS(ns)  TNS Failing Endpoints  TNS Total Endpoints      WHS(ns)      THS(ns)  THS Failing Endpoints  THS Total Endpoints  
----------    --------          -------      -------  ---------------------  -------------------      -------      -------  ---------------------  -------------------  


------------------------------------------------------------------------------------------------
| Other Path Groups Table
| -----------------------
------------------------------------------------------------------------------------------------

Path Group    From Clock    To Clock          WNS(ns)      TNS(ns)  TNS Failing Endpoints  TNS Total Endpoints      WHS(ns)      THS(ns)  THS Failing Endpoints  THS Total Endpoints  
----------    ----------    --------          -------      -------  ---------------------  -------------------      -------      -------  ---------------------  -------------------  


------------------------------------------------------------------------------------------------
| User Ignored Path Table
| -----------------------
------------------------------------------------------------------------------------------------

Path Group    From Clock    To Clock    
----------    ----------    --------    


------------------------------------------------------------------------------------------------
| Unconstrained Path Table
| ------------------------
------------------------------------------------------------------------------------------------

Path Group    From Clock    To Clock    
----------    ----------    --------    
(none)                                    


------------------------------------------------------------------------------------------------
| Timing Details
| --------------
------------------------------------------------------------------------------------------------


--------------------------------------------------------------------------------------
Path Group:  (none)
From Clock:  
  To Clock:  

Max Delay           261 Endpoints
Min Delay           261 Endpoints
--------------------------------------------------------------------------------------


Max Delay Paths
--------------------------------------------------------------------------------------
Slack:                    inf
  Source:                 u_pwl_core/u_interpolator/y_out_reg[0]/C
                            (rising edge-triggered cell FDCE)
  Destination:            m_axis_tdata[0]
                            (output port)
  Path Group:             (none)
  Path Type:              Max at Slow Process Corner
  Data Path Delay:        2.278ns  (logic 0.975ns (42.789%)  route 1.303ns (57.211%))
  Logic Levels:           2  (FDCE=1 OBUF=1)

    Location             Delay type                Incr(ns)  Path(ns)    Netlist Resource(s)
  -------------------------------------------------------------------    -------------------
    SLICE_X95Y218        FDCE                         0.000     0.000 r  u_pwl_core/u_interpolator/y_out_reg[0]/C
    SLICE_X95Y218        FDCE (Prop_DFF_SLICEL_C_Q)
                                                      0.079     0.079 r  u_pwl_core/u_interpolator/y_out_reg[0]/Q
                         net (fo=1, routed)           1.303     1.382    m_axis_tdata_OBUF[0]
    L15                  OBUF (Prop_OUTBUF_HPIOB_M_I_O)
                                                      0.896     2.278 r  m_axis_tdata_OBUF[0]_inst/O
                         net (fo=0)                   0.000     2.278    m_axis_tdata[0]
    L15                                                               r  m_axis_tdata[0] (OUT)
  -------------------------------------------------------------------    -------------------

Slack:                    inf
  Source:                 x_valid_buffer_reg/C
                            (rising edge-triggered cell FDCE)
  Destination:            s_axis_tready
                            (output port)
  Path Group:             (none)
  Path Type:              Max at Slow Process Corner
  Data Path Delay:        2.271ns  (logic 1.147ns (50.514%)  route 1.124ns (49.486%))
  Logic Levels:           3  (FDCE=1 LUT1=1 OBUF=1)

    Location             Delay type                Incr(ns)  Path(ns)    Netlist Resource(s)
  -------------------------------------------------------------------    -------------------
    SLICE_X96Y215        FDCE                         0.000     0.000 r  x_valid_buffer_reg/C
    SLICE_X96Y215        FDCE (Prop_CFF2_SLICEM_C_Q)
                                                      0.077     0.077 f  x_valid_buffer_reg/Q
                         net (fo=4, routed)           0.124     0.201    x_valid_buffer_reg_n_0
    SLICE_X96Y215        LUT1 (Prop_E6LUT_SLICEM_I0_O)
                                                      0.148     0.349 r  s_axis_tready_OBUF_inst_i_1/O
                         net (fo=1, routed)           1.000     1.349    s_axis_tready_OBUF
    N8                   OBUF (Prop_OUTBUF_HPIOB_S_I_O)
                                                      0.922     2.271 r  s_axis_tready_OBUF_inst/O
                         net (fo=0)                   0.000     2.271    s_axis_tready
    N8                                                                r  s_axis_tready (OUT)
  -------------------------------------------------------------------    -------------------

Slack:                    inf
  Source:                 u_pwl_core/u_interpolator/y_out_reg[8]/C
                            (rising edge-triggered cell FDCE)
  Destination:            m_axis_tdata[8]
                            (output port)
  Path Group:             (none)
  Path Type:              Max at Slow Process Corner
  Data Path Delay:        2.236ns  (logic 0.998ns (44.638%)  route 1.238ns (55.362%))
  Logic Levels:           2  (FDCE=1 OBUF=1)

    Location             Delay type                Incr(ns)  Path(ns)    Netlist Resource(s)
  -------------------------------------------------------------------    -------------------
    SLICE_X95Y219        FDCE                         0.000     0.000 r  u_pwl_core/u_interpolator/y_out_reg[8]/C
    SLICE_X95Y219        FDCE (Prop_FFF_SLICEL_C_Q)
                                                      0.079     0.079 r  u_pwl_core/u_interpolator/y_out_reg[8]/Q
                         net (fo=1, routed)           1.238     1.317    m_axis_tdata_OBUF[8]
    M15                  OBUF (Prop_OUTBUF_HPIOB_M_I_O)
                                                      0.919     2.236 r  m_axis_tdata_OBUF[8]_inst/O
                         net (fo=0)                   0.000     2.236    m_axis_tdata[8]
    M15                                                               r  m_axis_tdata[8] (OUT)
  -------------------------------------------------------------------    -------------------

Slack:                    inf
  Source:                 u_pwl_core/u_interpolator/y_out_reg[1]/C
                            (rising edge-triggered cell FDCE)
  Destination:            m_axis_tdata[1]
                            (output port)
  Path Group:             (none)
  Path Type:              Max at Slow Process Corner
  Data Path Delay:        2.184ns  (logic 0.988ns (45.250%)  route 1.196ns (54.750%))
  Logic Levels:           2  (FDCE=1 OBUF=1)

    Location             Delay type                Incr(ns)  Path(ns)    Netlist Resource(s)
  -------------------------------------------------------------------    -------------------
    SLICE_X95Y218        FDCE                         0.000     0.000 r  u_pwl_core/u_interpolator/y_out_reg[1]/C
    SLICE_X95Y218        FDCE (Prop_DFF2_SLICEL_C_Q)
                                                      0.081     0.081 r  u_pwl_core/u_interpolator/y_out_reg[1]/Q
                         net (fo=1, routed)           1.196     1.277    m_axis_tdata_OBUF[1]
    K15                  OBUF (Prop_OUTBUF_HPIOB_S_I_O)
                                                      0.907     2.184 r  m_axis_tdata_OBUF[1]_inst/O
                         net (fo=0)                   0.000     2.184    m_axis_tdata[1]
    K15                                                               r  m_axis_tdata[1] (OUT)
  -------------------------------------------------------------------    -------------------

Slack:                    inf
  Source:                 u_pwl_core/u_interpolator/y_out_reg[7]/C
                            (rising edge-triggered cell FDCE)
  Destination:            m_axis_tdata[7]
                            (output port)
  Path Group:             (none)
  Path Type:              Max at Slow Process Corner
  Data Path Delay:        2.170ns  (logic 0.971ns (44.753%)  route 1.199ns (55.247%))
  Logic Levels:           2  (FDCE=1 OBUF=1)

    Location             Delay type                Incr(ns)  Path(ns)    Netlist Resource(s)
  -------------------------------------------------------------------    -------------------
    SLICE_X95Y219        FDCE                         0.000     0.000 r  u_pwl_core/u_interpolator/y_out_reg[7]/C
    SLICE_X95Y219        FDCE (Prop_CFF2_SLICEL_C_Q)
                                                      0.080     0.080 r  u_pwl_core/u_interpolator/y_out_reg[7]/Q
                         net (fo=1, routed)           1.199     1.279    m_axis_tdata_OBUF[7]
    N12                  OBUF (Prop_OUTBUF_HPIOB_S_I_O)
                                                      0.891     2.170 r  m_axis_tdata_OBUF[7]_inst/O
                         net (fo=0)                   0.000     2.170    m_axis_tdata[7]
    N12                                                               r  m_axis_tdata[7] (OUT)
  -------------------------------------------------------------------    -------------------

Slack:                    inf
  Source:                 u_pwl_core/u_interpolator/y_out_reg[6]/C
                            (rising edge-triggered cell FDCE)
  Destination:            m_axis_tdata[6]
                            (output port)
  Path Group:             (none)
  Path Type:              Max at Slow Process Corner
  Data Path Delay:        2.143ns  (logic 0.970ns (45.271%)  route 1.173ns (54.729%))
  Logic Levels:           2  (FDCE=1 OBUF=1)

    Location             Delay type                Incr(ns)  Path(ns)    Netlist Resource(s)
  -------------------------------------------------------------------    -------------------
    SLICE_X95Y219        FDCE                         0.000     0.000 r  u_pwl_core/u_interpolator/y_out_reg[6]/C
    SLICE_X95Y219        FDCE (Prop_CFF_SLICEL_C_Q)
                                                      0.079     0.079 r  u_pwl_core/u_interpolator/y_out_reg[6]/Q
                         net (fo=1, routed)           1.173     1.252    m_axis_tdata_OBUF[6]
    P12                  OBUF (Prop_OUTBUF_HPIOB_M_I_O)
                                                      0.891     2.143 r  m_axis_tdata_OBUF[6]_inst/O
                         net (fo=0)                   0.000     2.143    m_axis_tdata[6]
    P12                                                               r  m_axis_tdata[6] (OUT)
  -------------------------------------------------------------------    -------------------

Slack:                    inf
  Source:                 u_pwl_core/u_interpolator/y_out_reg[11]/C
                            (rising edge-triggered cell FDCE)
  Destination:            m_axis_tdata[11]
                            (output port)
  Path Group:             (none)
  Path Type:              Max at Slow Process Corner
  Data Path Delay:        2.133ns  (logic 0.993ns (46.556%)  route 1.140ns (53.444%))
  Logic Levels:           2  (FDCE=1 OBUF=1)

    Location             Delay type                Incr(ns)  Path(ns)    Netlist Resource(s)
  -------------------------------------------------------------------    -------------------
    SLICE_X95Y218        FDCE                         0.000     0.000 r  u_pwl_core/u_interpolator/y_out_reg[11]/C
    SLICE_X95Y218        FDCE (Prop_CFF2_SLICEL_C_Q)
                                                      0.080     0.080 r  u_pwl_core/u_interpolator/y_out_reg[11]/Q
                         net (fo=1, routed)           1.140     1.220    m_axis_tdata_OBUF[11]
    K16                  OBUF (Prop_OUTBUF_HPIOB_S_I_O)
                                                      0.913     2.133 r  m_axis_tdata_OBUF[11]_inst/O
                         net (fo=0)                   0.000     2.133    m_axis_tdata[11]
    K16                                                               r  m_axis_tdata[11] (OUT)
  -------------------------------------------------------------------    -------------------

Slack:                    inf
  Source:                 u_pwl_core/u_interpolator/y_out_reg[9]/C
                            (rising edge-triggered cell FDCE)
  Destination:            m_axis_tdata[9]
                            (output port)
  Path Group:             (none)
  Path Type:              Max at Slow Process Corner
  Data Path Delay:        2.123ns  (logic 0.986ns (46.444%)  route 1.137ns (53.556%))
  Logic Levels:           2  (FDCE=1 OBUF=1)

    Location             Delay type                Incr(ns)  Path(ns)    Netlist Resource(s)
  -------------------------------------------------------------------    -------------------
    SLICE_X95Y219        FDCE                         0.000     0.000 r  u_pwl_core/u_interpolator/y_out_reg[9]/C
    SLICE_X95Y219        FDCE (Prop_FFF2_SLICEL_C_Q)
                                                      0.081     0.081 r  u_pwl_core/u_interpolator/y_out_reg[9]/Q
                         net (fo=1, routed)           1.137     1.218    m_axis_tdata_OBUF[9]
    M14                  OBUF (Prop_OUTBUF_HPIOB_S_I_O)
                                                      0.905     2.123 r  m_axis_tdata_OBUF[9]_inst/O
                         net (fo=0)                   0.000     2.123    m_axis_tdata[9]
    M14                                                               r  m_axis_tdata[9] (OUT)
  -------------------------------------------------------------------    -------------------

Slack:                    inf
  Source:                 u_pwl_core/u_interpolator/y_out_reg[5]/C
                            (rising edge-triggered cell FDCE)
  Destination:            m_axis_tdata[5]
                            (output port)
  Path Group:             (none)
  Path Type:              Max at Slow Process Corner
  Data Path Delay:        2.120ns  (logic 0.972ns (45.850%)  route 1.148ns (54.150%))
  Logic Levels:           2  (FDCE=1 OBUF=1)

    Location             Delay type                Incr(ns)  Path(ns)    Netlist Resource(s)
  -------------------------------------------------------------------    -------------------
    SLICE_X95Y219        FDCE                         0.000     0.000 r  u_pwl_core/u_interpolator/y_out_reg[5]/C
    SLICE_X95Y219        FDCE (Prop_DFF2_SLICEL_C_Q)
                                                      0.081     0.081 r  u_pwl_core/u_interpolator/y_out_reg[5]/Q
                         net (fo=1, routed)           1.148     1.229    m_axis_tdata_OBUF[5]
    M13                  OBUF (Prop_OUTBUF_HPIOB_S_I_O)
                                                      0.891     2.120 r  m_axis_tdata_OBUF[5]_inst/O
                         net (fo=0)                   0.000     2.120    m_axis_tdata[5]
    M13                                                               r  m_axis_tdata[5] (OUT)
  -------------------------------------------------------------------    -------------------

Slack:                    inf
  Source:                 u_pwl_core/u_interpolator/y_out_reg[4]/C
                            (rising edge-triggered cell FDCE)
  Destination:            m_axis_tdata[4]
                            (output port)
  Path Group:             (none)
  Path Type:              Max at Slow Process Corner
  Data Path Delay:        2.119ns  (logic 0.970ns (45.784%)  route 1.149ns (54.216%))
  Logic Levels:           2  (FDCE=1 OBUF=1)

    Location             Delay type                Incr(ns)  Path(ns)    Netlist Resource(s)
  -------------------------------------------------------------------    -------------------
    SLICE_X95Y219        FDCE                         0.000     0.000 r  u_pwl_core/u_interpolator/y_out_reg[4]/C
    SLICE_X95Y219        FDCE (Prop_DFF_SLICEL_C_Q)
                                                      0.079     0.079 r  u_pwl_core/u_interpolator/y_out_reg[4]/Q
                         net (fo=1, routed)           1.149     1.228    m_axis_tdata_OBUF[4]
    N13                  OBUF (Prop_OUTBUF_HPIOB_M_I_O)
                                                      0.891     2.119 r  m_axis_tdata_OBUF[4]_inst/O
                         net (fo=0)                   0.000     2.119    m_axis_tdata[4]
    N13                                                               r  m_axis_tdata[4] (OUT)
  -------------------------------------------------------------------    -------------------





Min Delay Paths
--------------------------------------------------------------------------------------
Slack:                    inf
  Source:                 x_in_buffer_reg[0]/C
                            (rising edge-triggered cell FDCE)
  Destination:            u_pwl_core/x_in_r_reg[0]/D
  Path Group:             (none)
  Path Type:              Min at Fast Process Corner
  Data Path Delay:        0.077ns  (logic 0.039ns (50.649%)  route 0.038ns (49.351%))
  Logic Levels:           1  (FDCE=1)

    Location             Delay type                Incr(ns)  Path(ns)    Netlist Resource(s)
  -------------------------------------------------------------------    -------------------
    SLICE_X96Y213        FDCE                         0.000     0.000 r  x_in_buffer_reg[0]/C
    SLICE_X96Y213        FDCE (Prop_HFF_SLICEM_C_Q)
                                                      0.039     0.039 r  x_in_buffer_reg[0]/Q
                         net (fo=1, routed)           0.038     0.077    u_pwl_core/Q[0]
    SLICE_X96Y213        FDCE                                         r  u_pwl_core/x_in_r_reg[0]/D
  -------------------------------------------------------------------    -------------------

Slack:                    inf
  Source:                 x_in_buffer_reg[6]/C
                            (rising edge-triggered cell FDCE)
  Destination:            u_pwl_core/x_in_r_reg[6]/D
  Path Group:             (none)
  Path Type:              Min at Fast Process Corner
  Data Path Delay:        0.079ns  (logic 0.038ns (48.101%)  route 0.041ns (51.899%))
  Logic Levels:           1  (FDCE=1)

    Location             Delay type                Incr(ns)  Path(ns)    Netlist Resource(s)
  -------------------------------------------------------------------    -------------------
    SLICE_X96Y211        FDCE                         0.000     0.000 r  x_in_buffer_reg[6]/C
    SLICE_X96Y211        FDCE (Prop_BFF_SLICEM_C_Q)
                                                      0.038     0.038 r  x_in_buffer_reg[6]/Q
                         net (fo=1, routed)           0.041     0.079    u_pwl_core/Q[6]
    SLICE_X96Y211        FDCE                                         r  u_pwl_core/x_in_r_reg[6]/D
  -------------------------------------------------------------------    -------------------

Slack:                    inf
  Source:                 u_pwl_core/u_addr_decoder/FSM_onehot_state_reg[1]/C
                            (rising edge-triggered cell FDCE)
  Destination:            u_pwl_core/u_addr_decoder/FSM_onehot_state_reg[2]/D
  Path Group:             (none)
  Path Type:              Min at Fast Process Corner
  Data Path Delay:        0.098ns  (logic 0.039ns (39.796%)  route 0.059ns (60.204%))
  Logic Levels:           1  (FDCE=1)

    Location             Delay type                Incr(ns)  Path(ns)    Netlist Resource(s)
  -------------------------------------------------------------------    -------------------
    SLICE_X96Y215        FDCE                         0.000     0.000 r  u_pwl_core/u_addr_decoder/FSM_onehot_state_reg[1]/C
    SLICE_X96Y215        FDCE (Prop_GFF_SLICEM_C_Q)
                                                      0.039     0.039 r  u_pwl_core/u_addr_decoder/FSM_onehot_state_reg[1]/Q
                         net (fo=6, routed)           0.059     0.098    u_pwl_core/u_addr_decoder/FSM_onehot_state_reg_n_0_[1]
    SLICE_X96Y215        FDCE                                         r  u_pwl_core/u_addr_decoder/FSM_onehot_state_reg[2]/D
  -------------------------------------------------------------------    -------------------

Slack:                    inf
  Source:                 u_pwl_core/u_addr_decoder/FSM_onehot_state_reg[2]/C
                            (rising edge-triggered cell FDCE)
  Destination:            u_pwl_core/u_addr_decoder/FSM_onehot_state_reg[3]/D
  Path Group:             (none)
  Path Type:              Min at Fast Process Corner
  Data Path Delay:        0.099ns  (logic 0.037ns (37.374%)  route 0.062ns (62.626%))
  Logic Levels:           1  (FDCE=1)

    Location             Delay type                Incr(ns)  Path(ns)    Netlist Resource(s)
  -------------------------------------------------------------------    -------------------
    SLICE_X96Y215        FDCE                         0.000     0.000 r  u_pwl_core/u_addr_decoder/FSM_onehot_state_reg[2]/C
    SLICE_X96Y215        FDCE (Prop_FFF_SLICEM_C_Q)
                                                      0.037     0.037 r  u_pwl_core/u_addr_decoder/FSM_onehot_state_reg[2]/Q
                         net (fo=10, routed)          0.062     0.099    u_pwl_core/u_addr_decoder/FSM_onehot_state_reg_n_0_[2]
    SLICE_X96Y215        FDCE                                         r  u_pwl_core/u_addr_decoder/FSM_onehot_state_reg[3]/D
  -------------------------------------------------------------------    -------------------

Slack:                    inf
  Source:                 x_in_buffer_reg[11]/C
                            (rising edge-triggered cell FDCE)
  Destination:            u_pwl_core/x_in_r_reg[11]/D
  Path Group:             (none)
  Path Type:              Min at Fast Process Corner
  Data Path Delay:        0.100ns  (logic 0.039ns (39.000%)  route 0.061ns (61.000%))
  Logic Levels:           1  (FDCE=1)

    Location             Delay type                Incr(ns)  Path(ns)    Netlist Resource(s)
  -------------------------------------------------------------------    -------------------
    SLICE_X96Y211        FDCE                         0.000     0.000 r  x_in_buffer_reg[11]/C
    SLICE_X96Y211        FDCE (Prop_HFF_SLICEM_C_Q)
                                                      0.039     0.039 r  x_in_buffer_reg[11]/Q
                         net (fo=1, routed)           0.061     0.100    u_pwl_core/Q[11]
    SLICE_X95Y211        FDCE                                         r  u_pwl_core/x_in_r_reg[11]/D
  -------------------------------------------------------------------    -------------------

Slack:                    inf
  Source:                 u_pwl_core/u_addr_decoder/mid_reg[1]/C
                            (rising edge-triggered cell FDCE)
  Destination:            u_pwl_core/u_addr_decoder/left_reg[3]/D
  Path Group:             (none)
  Path Type:              Min at Fast Process Corner
  Data Path Delay:        0.121ns  (logic 0.059ns (48.760%)  route 0.062ns (51.240%))
  Logic Levels:           2  (FDCE=1 LUT5=1)

    Location             Delay type                Incr(ns)  Path(ns)    Netlist Resource(s)
  -------------------------------------------------------------------    -------------------
    SLICE_X95Y214        FDCE                         0.000     0.000 r  u_pwl_core/u_addr_decoder/mid_reg[1]/C
    SLICE_X95Y214        FDCE (Prop_HFF2_SLICEL_C_Q)
                                                      0.039     0.039 r  u_pwl_core/u_addr_decoder/mid_reg[1]/Q
                         net (fo=5, routed)           0.056     0.095    u_pwl_core/u_addr_decoder/mid[1]
    SLICE_X95Y213        LUT5 (Prop_D5LUT_SLICEL_I2_O)
                                                      0.020     0.115 r  u_pwl_core/u_addr_decoder/left[3]_i_1/O
                         net (fo=1, routed)           0.006     0.121    u_pwl_core/u_addr_decoder/left[3]_i_1_n_0
    SLICE_X95Y213        FDCE                                         r  u_pwl_core/u_addr_decoder/left_reg[3]/D
  -------------------------------------------------------------------    -------------------

Slack:                    inf
  Source:                 x_in_buffer_reg[13]/C
                            (rising edge-triggered cell FDCE)
  Destination:            u_pwl_core/x_in_r_reg[13]/D
  Path Group:             (none)
  Path Type:              Min at Fast Process Corner
  Data Path Delay:        0.122ns  (logic 0.039ns (31.967%)  route 0.083ns (68.033%))
  Logic Levels:           1  (FDCE=1)

    Location             Delay type                Incr(ns)  Path(ns)    Netlist Resource(s)
  -------------------------------------------------------------------    -------------------
    SLICE_X96Y211        FDCE                         0.000     0.000 r  x_in_buffer_reg[13]/C
    SLICE_X96Y211        FDCE (Prop_GFF_SLICEM_C_Q)
                                                      0.039     0.039 r  x_in_buffer_reg[13]/Q
                         net (fo=1, routed)           0.083     0.122    u_pwl_core/Q[13]
    SLICE_X96Y211        FDCE                                         r  u_pwl_core/x_in_r_reg[13]/D
  -------------------------------------------------------------------    -------------------

Slack:                    inf
  Source:                 x_in_buffer_reg[7]/C
                            (rising edge-triggered cell FDCE)
  Destination:            u_pwl_core/x_in_r_reg[7]/D
  Path Group:             (none)
  Path Type:              Min at Fast Process Corner
  Data Path Delay:        0.123ns  (logic 0.038ns (30.894%)  route 0.085ns (69.106%))
  Logic Levels:           1  (FDCE=1)

    Location             Delay type                Incr(ns)  Path(ns)    Netlist Resource(s)
  -------------------------------------------------------------------    -------------------
    SLICE_X96Y211        FDCE                         0.000     0.000 r  x_in_buffer_reg[7]/C
    SLICE_X96Y211        FDCE (Prop_AFF_SLICEM_C_Q)
                                                      0.038     0.038 r  x_in_buffer_reg[7]/Q
                         net (fo=1, routed)           0.085     0.123    u_pwl_core/Q[7]
    SLICE_X95Y211        FDCE                                         r  u_pwl_core/x_in_r_reg[7]/D
  -------------------------------------------------------------------    -------------------

Slack:                    inf
  Source:                 u_pwl_core/u_addr_decoder/left_reg[1]/C
                            (rising edge-triggered cell FDCE)
  Destination:            u_pwl_core/u_addr_decoder/mid_reg[1]/D
  Path Group:             (none)
  Path Type:              Min at Fast Process Corner
  Data Path Delay:        0.123ns  (logic 0.059ns (47.967%)  route 0.064ns (52.033%))
  Logic Levels:           2  (FDCE=1 LUT5=1)

    Location             Delay type                Incr(ns)  Path(ns)    Netlist Resource(s)
  -------------------------------------------------------------------    -------------------
    SLICE_X96Y214        FDCE                         0.000     0.000 r  u_pwl_core/u_addr_decoder/left_reg[1]/C
    SLICE_X96Y214        FDCE (Prop_HFF_SLICEM_C_Q)
                                                      0.039     0.039 r  u_pwl_core/u_addr_decoder/left_reg[1]/Q
                         net (fo=4, routed)           0.058     0.097    u_pwl_core/u_addr_decoder/left[1]
    SLICE_X95Y214        LUT5 (Prop_H5LUT_SLICEL_I2_O)
                                                      0.020     0.117 r  u_pwl_core/u_addr_decoder/mid[1]_i_1/O
                         net (fo=1, routed)           0.006     0.123    u_pwl_core/u_addr_decoder/mid1[2]
    SLICE_X95Y214        FDCE                                         r  u_pwl_core/u_addr_decoder/mid_reg[1]/D
  -------------------------------------------------------------------    -------------------

Slack:                    inf
  Source:                 x_in_buffer_reg[4]/C
                            (rising edge-triggered cell FDCE)
  Destination:            u_pwl_core/x_in_r_reg[4]/D
  Path Group:             (none)
  Path Type:              Min at Fast Process Corner
  Data Path Delay:        0.124ns  (logic 0.037ns (29.839%)  route 0.087ns (70.161%))
  Logic Levels:           1  (FDCE=1)

    Location             Delay type                Incr(ns)  Path(ns)    Netlist Resource(s)
  -------------------------------------------------------------------    -------------------
    SLICE_X96Y211        FDCE                         0.000     0.000 r  x_in_buffer_reg[4]/C
    SLICE_X96Y211        FDCE (Prop_FFF_SLICEM_C_Q)
                                                      0.037     0.037 r  x_in_buffer_reg[4]/Q
                         net (fo=1, routed)           0.087     0.124    u_pwl_core/Q[4]
    SLICE_X96Y211        FDCE                                         r  u_pwl_core/x_in_r_reg[4]/D
  -------------------------------------------------------------------    -------------------





