
*** Running vivado
    with args -log pwl_top.vdi -applog -m64 -product Vivado -messageDb vivado.pb -mode batch -source pwl_top.tcl -notrace


****** Vivado v2021.2 (64-bit)
  **** SW Build 3367213 on Tue Oct 19 02:47:39 MDT 2021
  **** IP Build 3369179 on Thu Oct 21 08:25:16 MDT 2021
    ** Copyright 1986-2021 Xilinx, Inc. All Rights Reserved.

source pwl_top.tcl -notrace
Command: link_design -top pwl_top -part xczu9eg-ffvb1156-2-e
Design is defaulting to srcset: sources_1
Design is defaulting to constrset: constrs_1
INFO: [Device 21-403] Loading part xczu9eg-ffvb1156-2-e
Netlist sorting complete. Time (s): cpu = 00:00:00 ; elapsed = 00:00:00 . Memory (MB): peak = 2801.355 ; gain = 0.000 ; free physical = 248987 ; free virtual = 260218
INFO: [Netlist 29-17] Analyzing 26 Unisim elements for replacement
INFO: [Netlist 29-28] Unisim Transformation completed in 0 CPU seconds
INFO: [Project 1-479] Netlist was created with Vivado 2021.2
INFO: [Project 1-570] Preparing netlist for logic optimization
Parsing XDC File [/vol/datastore/jmzhao/CompressedLUT/b-spline/testCPP/hardware/constraints/pwl_constraints.xdc]
Finished Parsing XDC File [/vol/datastore/jmzhao/CompressedLUT/b-spline/testCPP/hardware/constraints/pwl_constraints.xdc]
INFO: [Opt 31-138] Pushed 0 inverter(s) to 0 load pin(s).
Netlist sorting complete. Time (s): cpu = 00:00:00 ; elapsed = 00:00:00 . Memory (MB): peak = 2857.383 ; gain = 0.000 ; free physical = 248873 ; free virtual = 260103
INFO: [Project 1-111] Unisim Transformation Summary:
  A total of 21 instances were transformed.
  DSP48E2 => DSP48E2 (DSP_ALU, DSP_A_B_DATA, DSP_C_DATA, DSP_MULTIPLIER, DSP_M_DATA, DSP_OUTPUT, DSP_PREADD, DSP_PREADD_DATA): 1 instance 
  IBUF => IBUF (IBUFCTRL, INBUF): 20 instances

7 Infos, 0 Warnings, 0 Critical Warnings and 0 Errors encountered.
link_design completed successfully
link_design: Time (s): cpu = 00:00:12 ; elapsed = 00:00:13 . Memory (MB): peak = 2857.383 ; gain = 132.234 ; free physical = 248873 ; free virtual = 260103
Command: opt_design
Attempting to get a license for feature 'Implementation' and/or device 'xczu9eg'
INFO: [Common 17-349] Got license for feature 'Implementation' and/or device 'xczu9eg'
Running DRC as a precondition to command opt_design

Starting DRC Task
INFO: [DRC 23-27] Running DRC with 8 threads
INFO: [Project 1-461] DRC finished with 0 Errors
INFO: [Project 1-462] Please refer to the DRC report (report_drc) for more information.

Time (s): cpu = 00:00:02 ; elapsed = 00:00:01 . Memory (MB): peak = 2932.387 ; gain = 67.000 ; free physical = 248857 ; free virtual = 260089

Starting Cache Timing Information Task
INFO: [Timing 38-35] Done setting XDC timing constraints.
Ending Cache Timing Information Task | Checksum: 184c00ca5

Time (s): cpu = 00:00:02 ; elapsed = 00:00:02 . Memory (MB): peak = 3117.512 ; gain = 185.125 ; free physical = 248684 ; free virtual = 259916

Starting Logic Optimization Task

Phase 1 Retarget
INFO: [Opt 31-138] Pushed 1 inverter(s) to 171 load pin(s).
INFO: [Opt 31-49] Retargeted 0 cell(s).
Phase 1 Retarget | Checksum: 13292cea9

Time (s): cpu = 00:00:00.13 ; elapsed = 00:00:00.06 . Memory (MB): peak = 3370.496 ; gain = 0.000 ; free physical = 248454 ; free virtual = 259686
INFO: [Opt 31-389] Phase Retarget created 0 cells and removed 1 cells

Phase 2 Constant propagation
INFO: [Opt 31-138] Pushed 0 inverter(s) to 0 load pin(s).
Phase 2 Constant propagation | Checksum: 13292cea9

Time (s): cpu = 00:00:00.13 ; elapsed = 00:00:00.06 . Memory (MB): peak = 3370.496 ; gain = 0.000 ; free physical = 248454 ; free virtual = 259686
INFO: [Opt 31-389] Phase Constant propagation created 0 cells and removed 0 cells

Phase 3 Sweep
Phase 3 Sweep | Checksum: 166ca6b68

Time (s): cpu = 00:00:00.14 ; elapsed = 00:00:00.07 . Memory (MB): peak = 3370.496 ; gain = 0.000 ; free physical = 248454 ; free virtual = 259686
INFO: [Opt 31-389] Phase Sweep created 1 cells and removed 0 cells

Phase 4 BUFG optimization
INFO: [Opt 31-1077] Phase BUFG optimization inserted 0 global clock buffer(s) for CLOCK_LOW_FANOUT.
Phase 4 BUFG optimization | Checksum: 166ca6b68

Time (s): cpu = 00:00:00.17 ; elapsed = 00:00:00.10 . Memory (MB): peak = 3370.496 ; gain = 0.000 ; free physical = 248454 ; free virtual = 259686
INFO: [Opt 31-662] Phase BUFG optimization created 0 cells of which 0 are BUFGs and removed 0 cells.

Phase 5 Shift Register Optimization
INFO: [Opt 31-1064] SRL Remap converted 0 SRLs to 0 registers and converted 0 registers of register chains to 0 SRLs
Phase 5 Shift Register Optimization | Checksum: 166ca6b68

Time (s): cpu = 00:00:00.17 ; elapsed = 00:00:00.10 . Memory (MB): peak = 3370.496 ; gain = 0.000 ; free physical = 248454 ; free virtual = 259686
INFO: [Opt 31-389] Phase Shift Register Optimization created 0 cells and removed 0 cells

Phase 6 Post Processing Netlist
Phase 6 Post Processing Netlist | Checksum: 136427ee2

Time (s): cpu = 00:00:00.17 ; elapsed = 00:00:00.10 . Memory (MB): peak = 3370.496 ; gain = 0.000 ; free physical = 248454 ; free virtual = 259686
INFO: [Opt 31-389] Phase Post Processing Netlist created 0 cells and removed 0 cells
Opt_design Change Summary
=========================


-------------------------------------------------------------------------------------------------------------------------
|  Phase                        |  #Cells created  |  #Cells Removed  |  #Constrained objects preventing optimizations  |
-------------------------------------------------------------------------------------------------------------------------
|  Retarget                     |               0  |               1  |                                              0  |
|  Constant propagation         |               0  |               0  |                                              0  |
|  Sweep                        |               1  |               0  |                                              0  |
|  BUFG optimization            |               0  |               0  |                                              0  |
|  Shift Register Optimization  |               0  |               0  |                                              0  |
|  Post Processing Netlist      |               0  |               0  |                                              0  |
-------------------------------------------------------------------------------------------------------------------------



Starting Connectivity Check Task

Time (s): cpu = 00:00:00 ; elapsed = 00:00:00 . Memory (MB): peak = 3370.496 ; gain = 0.000 ; free physical = 248454 ; free virtual = 259686
Ending Logic Optimization Task | Checksum: 1797185f2

Time (s): cpu = 00:00:00.19 ; elapsed = 00:00:00.11 . Memory (MB): peak = 3370.496 ; gain = 0.000 ; free physical = 248454 ; free virtual = 259686

Starting Power Optimization Task
INFO: [Pwropt 34-132] Skipping clock gating for clocks with a period < 2.00 ns.
Ending Power Optimization Task | Checksum: 1797185f2

Time (s): cpu = 00:00:00 ; elapsed = 00:00:00.01 . Memory (MB): peak = 3370.496 ; gain = 0.000 ; free physical = 248453 ; free virtual = 259685

Starting Final Cleanup Task
Ending Final Cleanup Task | Checksum: 1797185f2

Time (s): cpu = 00:00:00 ; elapsed = 00:00:00 . Memory (MB): peak = 3370.496 ; gain = 0.000 ; free physical = 248453 ; free virtual = 259685

Starting Netlist Obfuscation Task
Netlist sorting complete. Time (s): cpu = 00:00:00 ; elapsed = 00:00:00 . Memory (MB): peak = 3370.496 ; gain = 0.000 ; free physical = 248453 ; free virtual = 259685
Ending Netlist Obfuscation Task | Checksum: 1797185f2

Time (s): cpu = 00:00:00 ; elapsed = 00:00:00 . Memory (MB): peak = 3370.496 ; gain = 0.000 ; free physical = 248453 ; free virtual = 259685
INFO: [Common 17-83] Releasing license: Implementation
25 Infos, 0 Warnings, 0 Critical Warnings and 0 Errors encountered.
opt_design completed successfully
opt_design: Time (s): cpu = 00:00:06 ; elapsed = 00:00:06 . Memory (MB): peak = 3370.496 ; gain = 513.113 ; free physical = 248453 ; free virtual = 259685
INFO: [Timing 38-480] Writing timing data to binary archive.
INFO: [Common 17-1381] The checkpoint '/vol/datastore/jmzhao/CompressedLUT/b-spline/testCPP/hardware/pwl_recover/pwl_recover.runs/impl_1/pwl_top_opt.dcp' has been generated.
INFO: [runtcl-4] Executing : report_drc -file pwl_top_drc_opted.rpt -pb pwl_top_drc_opted.pb -rpx pwl_top_drc_opted.rpx
Command: report_drc -file pwl_top_drc_opted.rpt -pb pwl_top_drc_opted.pb -rpx pwl_top_drc_opted.rpx
INFO: [IP_Flow 19-234] Refreshing IP repositories
INFO: [IP_Flow 19-1704] No user IP repositories specified
INFO: [IP_Flow 19-2313] Loaded Vivado IP repository '/tools/Xilinx/Vivado/2021.2/data/ip'.
INFO: [Timing 38-35] Done setting XDC timing constraints.
INFO: [DRC 23-27] Running DRC with 8 threads
INFO: [Vivado_Tcl 2-168] The results of DRC are in file /vol/datastore/jmzhao/CompressedLUT/b-spline/testCPP/hardware/pwl_recover/pwl_recover.runs/impl_1/pwl_top_drc_opted.rpt.
report_drc completed successfully
report_drc: Time (s): cpu = 00:00:29 ; elapsed = 00:00:32 . Memory (MB): peak = 4645.211 ; gain = 1234.695 ; free physical = 247484 ; free virtual = 258848
Command: place_design
Attempting to get a license for feature 'Implementation' and/or device 'xczu9eg'
INFO: [Common 17-349] Got license for feature 'Implementation' and/or device 'xczu9eg'
INFO: [DRC 23-27] Running DRC with 8 threads
INFO: [Vivado_Tcl 4-198] DRC finished with 0 Errors
INFO: [Vivado_Tcl 4-199] Please refer to the DRC report (report_drc) for more information.
Running DRC as a precondition to command place_design
INFO: [DRC 23-27] Running DRC with 8 threads
INFO: [Vivado_Tcl 4-198] DRC finished with 0 Errors
INFO: [Vivado_Tcl 4-199] Please refer to the DRC report (report_drc) for more information.

Starting Placer Task
INFO: [Place 30-611] Multithreading enabled for place_design using a maximum of 8 CPUs

Phase 1 Placer Initialization

Phase 1.1 Placer Initialization Netlist Sorting
Netlist sorting complete. Time (s): cpu = 00:00:00 ; elapsed = 00:00:00 . Memory (MB): peak = 4645.211 ; gain = 0.000 ; free physical = 247460 ; free virtual = 258825
Phase 1.1 Placer Initialization Netlist Sorting | Checksum: ba1d7101

Time (s): cpu = 00:00:00.02 ; elapsed = 00:00:00.04 . Memory (MB): peak = 4645.211 ; gain = 0.000 ; free physical = 247460 ; free virtual = 258825
Netlist sorting complete. Time (s): cpu = 00:00:00 ; elapsed = 00:00:00 . Memory (MB): peak = 4645.211 ; gain = 0.000 ; free physical = 247460 ; free virtual = 258825

Phase 1.2 IO Placement/ Clock Placement/ Build Placer Device
Phase 1.2 IO Placement/ Clock Placement/ Build Placer Device | Checksum: 17b8dff4d

Time (s): cpu = 00:00:01 ; elapsed = 00:00:00.74 . Memory (MB): peak = 4645.211 ; gain = 0.000 ; free physical = 247457 ; free virtual = 258827

Phase 1.3 Build Placer Netlist Model
Phase 1.3 Build Placer Netlist Model | Checksum: 1a1832784

Time (s): cpu = 00:00:02 ; elapsed = 00:00:01 . Memory (MB): peak = 4645.211 ; gain = 0.000 ; free physical = 247416 ; free virtual = 258787

Phase 1.4 Constrain Clocks/Macros
Phase 1.4 Constrain Clocks/Macros | Checksum: 1a1832784

Time (s): cpu = 00:00:02 ; elapsed = 00:00:01 . Memory (MB): peak = 4645.211 ; gain = 0.000 ; free physical = 247416 ; free virtual = 258787
Phase 1 Placer Initialization | Checksum: 1a1832784

Time (s): cpu = 00:00:02 ; elapsed = 00:00:01 . Memory (MB): peak = 4645.211 ; gain = 0.000 ; free physical = 247416 ; free virtual = 258787

Phase 2 Global Placement

Phase 2.1 Floorplanning

Phase 2.1.1 Partition Driven Placement

Phase 2.1.1.1 PBP: Partition Driven Placement
Phase 2.1.1.1 PBP: Partition Driven Placement | Checksum: 261c4027b

Time (s): cpu = 00:00:02 ; elapsed = 00:00:01 . Memory (MB): peak = 4645.211 ; gain = 0.000 ; free physical = 247407 ; free virtual = 258780

Phase 2.1.1.2 PBP: Clock Region Placement
Phase 2.1.1.2 PBP: Clock Region Placement | Checksum: 261c4027b

Time (s): cpu = 00:00:03 ; elapsed = 00:00:02 . Memory (MB): peak = 4645.211 ; gain = 0.000 ; free physical = 247408 ; free virtual = 258781

Phase 2.1.1.3 PBP: Compute Congestion
Phase 2.1.1.3 PBP: Compute Congestion | Checksum: 261c4027b

Time (s): cpu = 00:00:05 ; elapsed = 00:00:04 . Memory (MB): peak = 4691.574 ; gain = 46.363 ; free physical = 247322 ; free virtual = 258747

Phase 2.1.1.4 PBP: UpdateTiming
Phase 2.1.1.4 PBP: UpdateTiming | Checksum: 222f4a6a7

Time (s): cpu = 00:00:05 ; elapsed = 00:00:04 . Memory (MB): peak = 4721.590 ; gain = 76.379 ; free physical = 247322 ; free virtual = 258747

Phase 2.1.1.5 PBP: Add part constraints
Phase 2.1.1.5 PBP: Add part constraints | Checksum: 222f4a6a7

Time (s): cpu = 00:00:05 ; elapsed = 00:00:04 . Memory (MB): peak = 4721.590 ; gain = 76.379 ; free physical = 247322 ; free virtual = 258747
Phase 2.1.1 Partition Driven Placement | Checksum: 222f4a6a7

Time (s): cpu = 00:00:05 ; elapsed = 00:00:04 . Memory (MB): peak = 4721.590 ; gain = 76.379 ; free physical = 247322 ; free virtual = 258747
Phase 2.1 Floorplanning | Checksum: 2055fcfba

Time (s): cpu = 00:00:05 ; elapsed = 00:00:05 . Memory (MB): peak = 4721.590 ; gain = 76.379 ; free physical = 247322 ; free virtual = 258747

Phase 2.2 Update Timing before SLR Path Opt
Phase 2.2 Update Timing before SLR Path Opt | Checksum: 2055fcfba

Time (s): cpu = 00:00:05 ; elapsed = 00:00:05 . Memory (MB): peak = 4721.590 ; gain = 76.379 ; free physical = 247322 ; free virtual = 258747

Phase 2.3 Post-Processing in Floorplanning
Phase 2.3 Post-Processing in Floorplanning | Checksum: 2055fcfba

Time (s): cpu = 00:00:05 ; elapsed = 00:00:05 . Memory (MB): peak = 4721.590 ; gain = 76.379 ; free physical = 247322 ; free virtual = 258747

Phase 2.4 Global Placement Core

Phase 2.4.1 Physical Synthesis In Placer
INFO: [Physopt 32-1035] Found 0 LUTNM shape to break, 9 LUT instances to create LUTNM shape
INFO: [Physopt 32-1044] Break lutnm for timing: one critical 0, two critical 0, total 0, new lutff created 0
INFO: [Physopt 32-1138] End 1 Pass. Optimized 4 nets or LUTs. Breaked 0 LUT, combined 4 existing LUTs and moved 0 existing LUT
INFO: [Physopt 32-69] No nets found for rewiring optimization.
INFO: [Physopt 32-661] Optimized 0 net.  Re-placed 0 instance.
INFO: [Physopt 32-775] End 1 Pass. Optimized 0 net or cell. Created 0 new cell, deleted 0 existing cell and moved 0 existing cell
INFO: [Physopt 32-65] No nets found for high-fanout optimization.
INFO: [Physopt 32-232] Optimized 0 net. Created 0 new instance.
INFO: [Physopt 32-775] End 1 Pass. Optimized 0 net or cell. Created 0 new cell, deleted 0 existing cell and moved 0 existing cell
INFO: [Physopt 32-670] No setup violation found.  DSP Register Optimization was not performed.
INFO: [Physopt 32-670] No setup violation found.  Shift Register to Pipeline Optimization was not performed.
INFO: [Physopt 32-670] No setup violation found.  Shift Register Optimization was not performed.
INFO: [Physopt 32-670] No setup violation found.  BRAM Register Optimization was not performed.
INFO: [Physopt 32-670] No setup violation found.  URAM Register Optimization was not performed.
INFO: [Physopt 32-949] No candidate nets found for dynamic/static region interface net replication
INFO: [Physopt 32-775] End 1 Pass. Optimized 0 net or cell. Created 0 new cell, deleted 0 existing cell and moved 0 existing cell
Netlist sorting complete. Time (s): cpu = 00:00:00 ; elapsed = 00:00:00 . Memory (MB): peak = 4737.598 ; gain = 0.000 ; free physical = 247252 ; free virtual = 258680

Summary of Physical Synthesis Optimizations
============================================


-----------------------------------------------------------------------------------------------------------------------------------------------------------
|  Optimization                                     |  Added Cells  |  Removed Cells  |  Optimized Cells/Nets  |  Dont Touch  |  Iterations  |  Elapsed   |
-----------------------------------------------------------------------------------------------------------------------------------------------------------
|  LUT Combining                                    |            0  |              4  |                     4  |           0  |           1  |  00:00:00  |
|  Retime                                           |            0  |              0  |                     0  |           0  |           1  |  00:00:00  |
|  Equivalent Driver Rewiring                       |            0  |              0  |                     0  |           0  |           1  |  00:00:00  |
|  Very High Fanout                                 |            0  |              0  |                     0  |           0  |           1  |  00:00:00  |
|  DSP Register                                     |            0  |              0  |                     0  |           0  |           0  |  00:00:00  |
|  Shift Register to Pipeline                       |            0  |              0  |                     0  |           0  |           0  |  00:00:00  |
|  Shift Register                                   |            0  |              0  |                     0  |           0  |           0  |  00:00:00  |
|  BRAM Register                                    |            0  |              0  |                     0  |           0  |           0  |  00:00:00  |
|  URAM Register                                    |            0  |              0  |                     0  |           0  |           0  |  00:00:00  |
|  Dynamic/Static Region Interface Net Replication  |            0  |              0  |                     0  |           0  |           1  |  00:00:00  |
|  Total                                            |            0  |              4  |                     4  |           0  |           5  |  00:00:00  |
-----------------------------------------------------------------------------------------------------------------------------------------------------------


Phase 2.4.1 Physical Synthesis In Placer | Checksum: 1a3a67cac

Time (s): cpu = 00:00:14 ; elapsed = 00:00:11 . Memory (MB): peak = 4737.598 ; gain = 92.387 ; free physical = 247252 ; free virtual = 258680
Phase 2.4 Global Placement Core | Checksum: 1157b8d44

Time (s): cpu = 00:00:18 ; elapsed = 00:00:15 . Memory (MB): peak = 4737.598 ; gain = 92.387 ; free physical = 247230 ; free virtual = 258658
Phase 2 Global Placement | Checksum: 1157b8d44

Time (s): cpu = 00:00:19 ; elapsed = 00:00:15 . Memory (MB): peak = 4737.598 ; gain = 92.387 ; free physical = 247230 ; free virtual = 258658

Phase 3 Detail Placement

Phase 3.1 Commit Multi Column Macros
Phase 3.1 Commit Multi Column Macros | Checksum: 12ae27acd

Time (s): cpu = 00:00:22 ; elapsed = 00:00:18 . Memory (MB): peak = 4737.598 ; gain = 92.387 ; free physical = 247260 ; free virtual = 258688

Phase 3.2 Commit Most Macros & LUTRAMs
Phase 3.2 Commit Most Macros & LUTRAMs | Checksum: 11abe044b

Time (s): cpu = 00:00:22 ; elapsed = 00:00:19 . Memory (MB): peak = 4737.598 ; gain = 92.387 ; free physical = 247252 ; free virtual = 258680

Phase 3.3 Small Shape DP

Phase 3.3.1 Small Shape Clustering
Phase 3.3.1 Small Shape Clustering | Checksum: bb94b6a9

Time (s): cpu = 00:00:23 ; elapsed = 00:00:19 . Memory (MB): peak = 4737.598 ; gain = 92.387 ; free physical = 247240 ; free virtual = 258668

Phase 3.3.2 Flow Legalize Slice Clusters
Phase 3.3.2 Flow Legalize Slice Clusters | Checksum: 119949b5b

Time (s): cpu = 00:00:23 ; elapsed = 00:00:19 . Memory (MB): peak = 4737.598 ; gain = 92.387 ; free physical = 247237 ; free virtual = 258666

Phase 3.3.3 Slice Area Swap
Phase 3.3.3 Slice Area Swap | Checksum: af596221

Time (s): cpu = 00:00:23 ; elapsed = 00:00:19 . Memory (MB): peak = 4737.598 ; gain = 92.387 ; free physical = 247214 ; free virtual = 258642
Phase 3.3 Small Shape DP | Checksum: 8032edd0

Time (s): cpu = 00:00:23 ; elapsed = 00:00:19 . Memory (MB): peak = 4737.598 ; gain = 92.387 ; free physical = 247237 ; free virtual = 258665

Phase 3.4 Re-assign LUT pins
Phase 3.4 Re-assign LUT pins | Checksum: 8e1ea86a

Time (s): cpu = 00:00:23 ; elapsed = 00:00:19 . Memory (MB): peak = 4737.598 ; gain = 92.387 ; free physical = 247237 ; free virtual = 258665

Phase 3.5 Pipeline Register Optimization
Phase 3.5 Pipeline Register Optimization | Checksum: 1490b2fbd

Time (s): cpu = 00:00:23 ; elapsed = 00:00:19 . Memory (MB): peak = 4737.598 ; gain = 92.387 ; free physical = 247237 ; free virtual = 258665
Phase 3 Detail Placement | Checksum: 1490b2fbd

Time (s): cpu = 00:00:23 ; elapsed = 00:00:19 . Memory (MB): peak = 4737.598 ; gain = 92.387 ; free physical = 247237 ; free virtual = 258665

Phase 4 Post Placement Optimization and Clean-Up

Phase 4.1 Post Commit Optimization
INFO: [Timing 38-35] Done setting XDC timing constraints.

Phase 4.1.1 Post Placement Optimization
Post Placement Optimization Initialization | Checksum: 1a656b420

Phase 4.1.1.1 BUFG Insertion

Starting Physical Synthesis Task

Phase 1 Physical Synthesis Initialization
INFO: [Physopt 32-721] Multithreading enabled for phys_opt_design using a maximum of 8 CPUs
INFO: [Physopt 32-619] Estimated Timing Summary | WNS=1.915 | TNS=0.000 |
Phase 1 Physical Synthesis Initialization | Checksum: 20da17410

Time (s): cpu = 00:00:00.10 ; elapsed = 00:00:00.05 . Memory (MB): peak = 4737.598 ; gain = 0.000 ; free physical = 247232 ; free virtual = 258661
INFO: [Place 46-56] BUFG insertion identified 0 candidate nets. Inserted BUFG: 0, Replicated BUFG Driver: 0, Skipped due to Placement/Routing Conflicts: 0, Skipped due to Timing Degradation: 0, Skipped due to Illegal Netlist: 0.
Ending Physical Synthesis Task | Checksum: 20a1ee1e4

Time (s): cpu = 00:00:00.12 ; elapsed = 00:00:00.07 . Memory (MB): peak = 4737.598 ; gain = 0.000 ; free physical = 247232 ; free virtual = 258661
Phase 4.1.1.1 BUFG Insertion | Checksum: 1a656b420

Time (s): cpu = 00:00:28 ; elapsed = 00:00:23 . Memory (MB): peak = 4737.598 ; gain = 92.387 ; free physical = 247232 ; free virtual = 258661

Phase 4.1.1.2 Post Placement Timing Optimization
INFO: [Place 30-746] Post Placement Timing Summary WNS=1.915. For the most accurate timing information please run report_timing.
Phase 4.1.1.2 Post Placement Timing Optimization | Checksum: 23666a013

Time (s): cpu = 00:00:28 ; elapsed = 00:00:23 . Memory (MB): peak = 4737.598 ; gain = 92.387 ; free physical = 247232 ; free virtual = 258661

Time (s): cpu = 00:00:28 ; elapsed = 00:00:23 . Memory (MB): peak = 4737.598 ; gain = 92.387 ; free physical = 247232 ; free virtual = 258661
Phase 4.1 Post Commit Optimization | Checksum: 23666a013

Time (s): cpu = 00:00:28 ; elapsed = 00:00:24 . Memory (MB): peak = 4737.598 ; gain = 92.387 ; free physical = 247232 ; free virtual = 258661
Netlist sorting complete. Time (s): cpu = 00:00:00 ; elapsed = 00:00:00 . Memory (MB): peak = 4737.598 ; gain = 0.000 ; free physical = 247237 ; free virtual = 258666

Phase 4.2 Post Placement Cleanup
Phase 4.2 Post Placement Cleanup | Checksum: 314929f76

Time (s): cpu = 00:00:37 ; elapsed = 00:00:32 . Memory (MB): peak = 4737.598 ; gain = 92.387 ; free physical = 247243 ; free virtual = 258672

Phase 4.3 Placer Reporting

Phase 4.3.1 Print Estimated Congestion
INFO: [Place 30-612] Post-Placement Estimated Congestion 
 ________________________________________________________________________
|           | Global Congestion | Long Congestion   | Short Congestion  |
| Direction | Region Size       | Region Size       | Region Size       |
|___________|___________________|___________________|___________________|
|      North|                1x1|                1x1|                1x1|
|___________|___________________|___________________|___________________|
|      South|                1x1|                1x1|                1x1|
|___________|___________________|___________________|___________________|
|       East|                1x1|                1x1|                1x1|
|___________|___________________|___________________|___________________|
|       West|                1x1|                1x1|                1x1|
|___________|___________________|___________________|___________________|

Phase 4.3.1 Print Estimated Congestion | Checksum: 314929f76

Time (s): cpu = 00:00:37 ; elapsed = 00:00:32 . Memory (MB): peak = 4737.598 ; gain = 92.387 ; free physical = 247243 ; free virtual = 258672
Phase 4.3 Placer Reporting | Checksum: 314929f76

Time (s): cpu = 00:00:37 ; elapsed = 00:00:32 . Memory (MB): peak = 4737.598 ; gain = 92.387 ; free physical = 247243 ; free virtual = 258672

Phase 4.4 Final Placement Cleanup
Netlist sorting complete. Time (s): cpu = 00:00:00 ; elapsed = 00:00:00 . Memory (MB): peak = 4737.598 ; gain = 0.000 ; free physical = 247243 ; free virtual = 258672

Time (s): cpu = 00:00:37 ; elapsed = 00:00:32 . Memory (MB): peak = 4737.598 ; gain = 92.387 ; free physical = 247243 ; free virtual = 258672
Phase 4 Post Placement Optimization and Clean-Up | Checksum: 25dea9d97

Time (s): cpu = 00:00:37 ; elapsed = 00:00:32 . Memory (MB): peak = 4737.598 ; gain = 92.387 ; free physical = 247243 ; free virtual = 258672
Ending Placer Task | Checksum: 1724eca77

Time (s): cpu = 00:00:37 ; elapsed = 00:00:32 . Memory (MB): peak = 4737.598 ; gain = 92.387 ; free physical = 247243 ; free virtual = 258672
INFO: [Common 17-83] Releasing license: Implementation
65 Infos, 0 Warnings, 0 Critical Warnings and 0 Errors encountered.
place_design completed successfully
place_design: Time (s): cpu = 00:00:40 ; elapsed = 00:00:34 . Memory (MB): peak = 4737.598 ; gain = 92.387 ; free physical = 247402 ; free virtual = 258831
INFO: [Timing 38-480] Writing timing data to binary archive.
Writing placer database...
Writing XDEF routing.
Writing XDEF routing logical nets.
Writing XDEF routing special nets.
Write XDEF Complete: Time (s): cpu = 00:00:00.18 ; elapsed = 00:00:00.10 . Memory (MB): peak = 4737.598 ; gain = 0.000 ; free physical = 247396 ; free virtual = 258828
INFO: [Common 17-1381] The checkpoint '/vol/datastore/jmzhao/CompressedLUT/b-spline/testCPP/hardware/pwl_recover/pwl_recover.runs/impl_1/pwl_top_placed.dcp' has been generated.
INFO: [runtcl-4] Executing : report_io -file pwl_top_io_placed.rpt
report_io: Time (s): cpu = 00:00:00.35 ; elapsed = 00:00:00.44 . Memory (MB): peak = 4737.598 ; gain = 0.000 ; free physical = 247367 ; free virtual = 258796
INFO: [runtcl-4] Executing : report_utilization -file pwl_top_utilization_placed.rpt -pb pwl_top_utilization_placed.pb
INFO: [runtcl-4] Executing : report_control_sets -verbose -file pwl_top_control_sets_placed.rpt
report_control_sets: Time (s): cpu = 00:00:00.05 ; elapsed = 00:00:00.16 . Memory (MB): peak = 4737.598 ; gain = 0.000 ; free physical = 247385 ; free virtual = 258814
Command: phys_opt_design
Attempting to get a license for feature 'Implementation' and/or device 'xczu9eg'
INFO: [Common 17-349] Got license for feature 'Implementation' and/or device 'xczu9eg'
INFO: [Vivado_Tcl 4-383] Design worst setup slack (WNS) is greater than or equal to 0.000 ns. Skipping all physical synthesis optimizations.
INFO: [Vivado_Tcl 4-232] No setup violation found. The netlist was not modified.
INFO: [Common 17-83] Releasing license: Implementation
74 Infos, 0 Warnings, 0 Critical Warnings and 0 Errors encountered.
phys_opt_design completed successfully
INFO: [Timing 38-480] Writing timing data to binary archive.
Writing placer database...
Writing XDEF routing.
Writing XDEF routing logical nets.
Writing XDEF routing special nets.
Write XDEF Complete: Time (s): cpu = 00:00:00.17 ; elapsed = 00:00:00.09 . Memory (MB): peak = 4737.598 ; gain = 0.000 ; free physical = 247370 ; free virtual = 258804
INFO: [Common 17-1381] The checkpoint '/vol/datastore/jmzhao/CompressedLUT/b-spline/testCPP/hardware/pwl_recover/pwl_recover.runs/impl_1/pwl_top_physopt.dcp' has been generated.
Command: route_design
Attempting to get a license for feature 'Implementation' and/or device 'xczu9eg'
INFO: [Common 17-349] Got license for feature 'Implementation' and/or device 'xczu9eg'
Running DRC as a precondition to command route_design
INFO: [DRC 23-27] Running DRC with 8 threads
INFO: [Vivado_Tcl 4-198] DRC finished with 0 Errors
INFO: [Vivado_Tcl 4-199] Please refer to the DRC report (report_drc) for more information.


Starting Routing Task
INFO: [Route 35-254] Multithreading enabled for route_design using a maximum of 8 CPUs

Phase 1 Build RT Design
Checksum: PlaceDB: 58095501 ConstDB: 0 ShapeSum: 3c197613 RouteDB: de2bff63
Nodegraph reading from file.  Time (s): cpu = 00:00:00.82 ; elapsed = 00:00:00.87 . Memory (MB): peak = 4737.598 ; gain = 0.000 ; free physical = 247223 ; free virtual = 258657
Post Restoration Checksum: NetGraph: 40d308b9 NumContArr: 97d74965 Constraints: 7c8f51ce Timing: 0
Phase 1 Build RT Design | Checksum: 15539a3ec

Time (s): cpu = 00:00:07 ; elapsed = 00:00:07 . Memory (MB): peak = 4737.598 ; gain = 0.000 ; free physical = 247227 ; free virtual = 258662

Phase 2 Router Initialization

Phase 2.1 Fix Topology Constraints
Phase 2.1 Fix Topology Constraints | Checksum: 15539a3ec

Time (s): cpu = 00:00:07 ; elapsed = 00:00:07 . Memory (MB): peak = 4737.598 ; gain = 0.000 ; free physical = 247166 ; free virtual = 258602

Phase 2.2 Pre Route Cleanup
Phase 2.2 Pre Route Cleanup | Checksum: 15539a3ec

Time (s): cpu = 00:00:07 ; elapsed = 00:00:07 . Memory (MB): peak = 4737.598 ; gain = 0.000 ; free physical = 247166 ; free virtual = 258602

Phase 2.3 Global Clock Net Routing
 Number of Nodes with overlaps = 0
Phase 2.3 Global Clock Net Routing | Checksum: 1bc80fda6

Time (s): cpu = 00:00:09 ; elapsed = 00:00:08 . Memory (MB): peak = 4737.598 ; gain = 0.000 ; free physical = 247187 ; free virtual = 258622

Phase 2.4 Update Timing
Phase 2.4 Update Timing | Checksum: 112cfafd4

Time (s): cpu = 00:00:09 ; elapsed = 00:00:08 . Memory (MB): peak = 4737.598 ; gain = 0.000 ; free physical = 247186 ; free virtual = 258622
INFO: [Route 35-416] Intermediate Timing Summary | WNS=1.937  | TNS=0.000  | WHS=0.016  | THS=0.000  |


Router Utilization Summary
  Global Vertical Routing Utilization    = 0 %
  Global Horizontal Routing Utilization  = 0 %
  Routable Net Status*
  *Does not include unroutable nets such as driverless and loadless.
  Run report_route_status for detailed report.
  Number of Failed Nets               = 281
    (Failed Nets is the sum of unrouted and partially routed nets)
  Number of Unrouted Nets             = 276
  Number of Partially Routed Nets     = 5
  Number of Node Overlaps             = 0

Phase 2 Router Initialization | Checksum: 167582c1f

Time (s): cpu = 00:00:12 ; elapsed = 00:00:08 . Memory (MB): peak = 4737.598 ; gain = 0.000 ; free physical = 247183 ; free virtual = 258619

Phase 3 Initial Routing

Phase 3.1 Global Routing
Phase 3.1 Global Routing | Checksum: 167582c1f

Time (s): cpu = 00:00:12 ; elapsed = 00:00:09 . Memory (MB): peak = 4737.598 ; gain = 0.000 ; free physical = 247183 ; free virtual = 258619
Phase 3 Initial Routing | Checksum: 17eabdf88

Time (s): cpu = 00:00:15 ; elapsed = 00:00:09 . Memory (MB): peak = 4737.598 ; gain = 0.000 ; free physical = 247156 ; free virtual = 258592

Phase 4 Rip-up And Reroute

Phase 4.1 Global Iteration 0
 Number of Nodes with overlaps = 11
 Number of Nodes with overlaps = 0
INFO: [Route 35-416] Intermediate Timing Summary | WNS=1.890  | TNS=0.000  | WHS=0.038  | THS=0.000  |

Phase 4.1 Global Iteration 0 | Checksum: 26115351b

Time (s): cpu = 00:00:16 ; elapsed = 00:00:10 . Memory (MB): peak = 4793.652 ; gain = 56.055 ; free physical = 247156 ; free virtual = 258592

Phase 4.2 Additional Iteration for Hold
Phase 4.2 Additional Iteration for Hold | Checksum: 204ffc614

Time (s): cpu = 00:00:16 ; elapsed = 00:00:10 . Memory (MB): peak = 4793.652 ; gain = 56.055 ; free physical = 247152 ; free virtual = 258588
Phase 4 Rip-up And Reroute | Checksum: 204ffc614

Time (s): cpu = 00:00:16 ; elapsed = 00:00:10 . Memory (MB): peak = 4793.652 ; gain = 56.055 ; free physical = 247152 ; free virtual = 258588

Phase 5 Delay and Skew Optimization

Phase 5.1 Delay CleanUp
Phase 5.1 Delay CleanUp | Checksum: 204ffc614

Time (s): cpu = 00:00:16 ; elapsed = 00:00:10 . Memory (MB): peak = 4793.652 ; gain = 56.055 ; free physical = 247154 ; free virtual = 258590

Phase 5.2 Clock Skew Optimization
Phase 5.2 Clock Skew Optimization | Checksum: 204ffc614

Time (s): cpu = 00:00:16 ; elapsed = 00:00:10 . Memory (MB): peak = 4793.652 ; gain = 56.055 ; free physical = 247154 ; free virtual = 258590
Phase 5 Delay and Skew Optimization | Checksum: 204ffc614

Time (s): cpu = 00:00:16 ; elapsed = 00:00:10 . Memory (MB): peak = 4793.652 ; gain = 56.055 ; free physical = 247154 ; free virtual = 258590

Phase 6 Post Hold Fix

Phase 6.1 Hold Fix Iter

Phase 6.1.1 Update Timing
Phase 6.1.1 Update Timing | Checksum: 20219f4f7

Time (s): cpu = 00:00:16 ; elapsed = 00:00:10 . Memory (MB): peak = 4793.652 ; gain = 56.055 ; free physical = 247154 ; free virtual = 258590
INFO: [Route 35-416] Intermediate Timing Summary | WNS=1.890  | TNS=0.000  | WHS=0.038  | THS=0.000  |

Phase 6.1 Hold Fix Iter | Checksum: 20219f4f7

Time (s): cpu = 00:00:16 ; elapsed = 00:00:10 . Memory (MB): peak = 4793.652 ; gain = 56.055 ; free physical = 247154 ; free virtual = 258590
Phase 6 Post Hold Fix | Checksum: 20219f4f7

Time (s): cpu = 00:00:16 ; elapsed = 00:00:10 . Memory (MB): peak = 4793.652 ; gain = 56.055 ; free physical = 247154 ; free virtual = 258590

Phase 7 Route finalize

Router Utilization Summary
  Global Vertical Routing Utilization    = 0.0128349 %
  Global Horizontal Routing Utilization  = 0.00921921 %
  Routable Net Status*
  *Does not include unroutable nets such as driverless and loadless.
  Run report_route_status for detailed report.
  Number of Failed Nets               = 0
    (Failed Nets is the sum of unrouted and partially routed nets)
  Number of Unrouted Nets             = 0
  Number of Partially Routed Nets     = 0
  Number of Node Overlaps             = 0

Phase 7 Route finalize | Checksum: 2827052af

Time (s): cpu = 00:00:17 ; elapsed = 00:00:10 . Memory (MB): peak = 4793.652 ; gain = 56.055 ; free physical = 247154 ; free virtual = 258590

Phase 8 Verifying routed nets

 Verification completed successfully
Phase 8 Verifying routed nets | Checksum: 2827052af

Time (s): cpu = 00:00:17 ; elapsed = 00:00:10 . Memory (MB): peak = 4793.652 ; gain = 56.055 ; free physical = 247153 ; free virtual = 258589

Phase 9 Depositing Routes
Phase 9 Depositing Routes | Checksum: 2827052af

Time (s): cpu = 00:00:17 ; elapsed = 00:00:10 . Memory (MB): peak = 4793.652 ; gain = 56.055 ; free physical = 247152 ; free virtual = 258588

Phase 10 Resolve XTalk
Phase 10 Resolve XTalk | Checksum: 2827052af

Time (s): cpu = 00:00:17 ; elapsed = 00:00:10 . Memory (MB): peak = 4793.652 ; gain = 56.055 ; free physical = 247153 ; free virtual = 258589

Phase 11 Post Router Timing
INFO: [Route 35-57] Estimated Timing Summary | WNS=1.890  | TNS=0.000  | WHS=0.038  | THS=0.000  |

INFO: [Route 35-327] The final timing numbers are based on the router estimated timing analysis. For a complete and accurate timing signoff, please run report_timing_summary.
Phase 11 Post Router Timing | Checksum: 2827052af

Time (s): cpu = 00:00:17 ; elapsed = 00:00:10 . Memory (MB): peak = 4793.652 ; gain = 56.055 ; free physical = 247153 ; free virtual = 258589
INFO: [Route 35-16] Router Completed Successfully

Time (s): cpu = 00:00:17 ; elapsed = 00:00:11 . Memory (MB): peak = 4793.652 ; gain = 56.055 ; free physical = 247243 ; free virtual = 258679

Routing Is Done.
INFO: [Common 17-83] Releasing license: Implementation
88 Infos, 0 Warnings, 0 Critical Warnings and 0 Errors encountered.
route_design completed successfully
route_design: Time (s): cpu = 00:00:20 ; elapsed = 00:00:12 . Memory (MB): peak = 4793.652 ; gain = 56.055 ; free physical = 247243 ; free virtual = 258679
INFO: [Timing 38-480] Writing timing data to binary archive.
Writing placer database...
Writing XDEF routing.
Writing XDEF routing logical nets.
Writing XDEF routing special nets.
Write XDEF Complete: Time (s): cpu = 00:00:00.22 ; elapsed = 00:00:00.12 . Memory (MB): peak = 4793.652 ; gain = 0.000 ; free physical = 247238 ; free virtual = 258678
INFO: [Common 17-1381] The checkpoint '/vol/datastore/jmzhao/CompressedLUT/b-spline/testCPP/hardware/pwl_recover/pwl_recover.runs/impl_1/pwl_top_routed.dcp' has been generated.
INFO: [runtcl-4] Executing : report_drc -file pwl_top_drc_routed.rpt -pb pwl_top_drc_routed.pb -rpx pwl_top_drc_routed.rpx
Command: report_drc -file pwl_top_drc_routed.rpt -pb pwl_top_drc_routed.pb -rpx pwl_top_drc_routed.rpx
INFO: [IP_Flow 19-1839] IP Catalog is up to date.
INFO: [DRC 23-27] Running DRC with 8 threads
INFO: [Vivado_Tcl 2-168] The results of DRC are in file /vol/datastore/jmzhao/CompressedLUT/b-spline/testCPP/hardware/pwl_recover/pwl_recover.runs/impl_1/pwl_top_drc_routed.rpt.
report_drc completed successfully
INFO: [runtcl-4] Executing : report_methodology -file pwl_top_methodology_drc_routed.rpt -pb pwl_top_methodology_drc_routed.pb -rpx pwl_top_methodology_drc_routed.rpx
Command: report_methodology -file pwl_top_methodology_drc_routed.rpt -pb pwl_top_methodology_drc_routed.pb -rpx pwl_top_methodology_drc_routed.rpx
INFO: [Timing 38-35] Done setting XDC timing constraints.
INFO: [DRC 23-133] Running Methodology with 8 threads
INFO: [Vivado_Tcl 2-1520] The results of Report Methodology are in file /vol/datastore/jmzhao/CompressedLUT/b-spline/testCPP/hardware/pwl_recover/pwl_recover.runs/impl_1/pwl_top_methodology_drc_routed.rpt.
report_methodology completed successfully
INFO: [runtcl-4] Executing : report_power -file pwl_top_power_routed.rpt -pb pwl_top_power_summary_routed.pb -rpx pwl_top_power_routed.rpx
Command: report_power -file pwl_top_power_routed.rpt -pb pwl_top_power_summary_routed.pb -rpx pwl_top_power_routed.rpx
INFO: [Timing 38-35] Done setting XDC timing constraints.
Running Vector-less Activity Propagation...

Finished Running Vector-less Activity Propagation
100 Infos, 0 Warnings, 0 Critical Warnings and 0 Errors encountered.
report_power completed successfully
INFO: [runtcl-4] Executing : report_route_status -file pwl_top_route_status.rpt -pb pwl_top_route_status.pb
INFO: [runtcl-4] Executing : report_timing_summary -max_paths 10 -report_unconstrained -file pwl_top_timing_summary_routed.rpt -pb pwl_top_timing_summary_routed.pb -rpx pwl_top_timing_summary_routed.rpx -warn_on_violation 
INFO: [Timing 38-91] UpdateTimingParams: Speed grade: -2, Temperature grade: E, Delay Type: min_max.
INFO: [Timing 38-191] Multithreading enabled for timing update using a maximum of 8 CPUs
INFO: [runtcl-4] Executing : report_incremental_reuse -file pwl_top_incremental_reuse_routed.rpt
INFO: [Vivado_Tcl 4-1062] Incremental flow is disabled. No incremental reuse Info to report.
INFO: [runtcl-4] Executing : report_clock_utilization -file pwl_top_clock_utilization_routed.rpt
INFO: [runtcl-4] Executing : report_bus_skew -warn_on_violation -file pwl_top_bus_skew_routed.rpt -pb pwl_top_bus_skew_routed.pb -rpx pwl_top_bus_skew_routed.rpx
INFO: [Timing 38-91] UpdateTimingParams: Speed grade: -2, Temperature grade: E, Delay Type: min_max.
INFO: [Timing 38-191] Multithreading enabled for timing update using a maximum of 8 CPUs
INFO: [Common 17-206] Exiting Vivado at Mon Apr  7 20:08:38 2025...
