
*** Running vivado
    with args -log pwl_top.vdi -applog -m64 -product Vivado -messageDb vivado.pb -mode batch -source pwl_top.tcl -notrace


****** Vivado v2021.2 (64-bit)
  **** SW Build 3367213 on Tue Oct 19 02:47:39 MDT 2021
  **** IP Build 3369179 on Thu Oct 21 08:25:16 MDT 2021
    ** Copyright 1986-2021 Xilinx, Inc. All Rights Reserved.

source pwl_top.tcl -notrace
Command: link_design -top pwl_top -part xczu9eg-ffvb1156-2-e
Design is defaulting to srcset: sources_1
Design is defaulting to constrset: constrs_1
INFO: [Device 21-403] Loading part xczu9eg-ffvb1156-2-e
Netlist sorting complete. Time (s): cpu = 00:00:00 ; elapsed = 00:00:00 . Memory (MB): peak = 2801.418 ; gain = 0.000 ; free physical = 226817 ; free virtual = 244476
INFO: [Netlist 29-17] Analyzing 25 Unisim elements for replacement
INFO: [Netlist 29-28] Unisim Transformation completed in 0 CPU seconds
INFO: [Project 1-479] Netlist was created with Vivado 2021.2
INFO: [Project 1-570] Preparing netlist for logic optimization
Parsing XDC File [/vol/datastore/jmzhao/CompressedLUT/b-spline/testCPP/hardware/constraints/pwl_constraints.xdc]
WARNING: [Vivado 12-5460] The attribute CONFIG_VOLTAGE is not supported in the xczu9eg-ffvb1156-2-e device [/vol/datastore/jmzhao/CompressedLUT/b-spline/testCPP/hardware/constraints/pwl_constraints.xdc:28]
CRITICAL WARNING: [Common 17-55] 'set_property' expects at least one object. [/vol/datastore/jmzhao/CompressedLUT/b-spline/testCPP/hardware/constraints/pwl_constraints.xdc:32]
Resolution: If [get_<value>] was used to populate the object, check to make sure this command returns at least one valid object.
CRITICAL WARNING: [Common 17-55] 'set_property' expects at least one object. [/vol/datastore/jmzhao/CompressedLUT/b-spline/testCPP/hardware/constraints/pwl_constraints.xdc:33]
Resolution: If [get_<value>] was used to populate the object, check to make sure this command returns at least one valid object.
CRITICAL WARNING: [Common 17-55] 'set_property' expects at least one object. [/vol/datastore/jmzhao/CompressedLUT/b-spline/testCPP/hardware/constraints/pwl_constraints.xdc:37]
Resolution: If [get_<value>] was used to populate the object, check to make sure this command returns at least one valid object.
CRITICAL WARNING: [Common 17-55] 'set_property' expects at least one object. [/vol/datastore/jmzhao/CompressedLUT/b-spline/testCPP/hardware/constraints/pwl_constraints.xdc:38]
Resolution: If [get_<value>] was used to populate the object, check to make sure this command returns at least one valid object.
CRITICAL WARNING: [Common 17-55] 'set_property' expects at least one object. [/vol/datastore/jmzhao/CompressedLUT/b-spline/testCPP/hardware/constraints/pwl_constraints.xdc:39]
Resolution: If [get_<value>] was used to populate the object, check to make sure this command returns at least one valid object.
CRITICAL WARNING: [Common 17-55] 'set_property' expects at least one object. [/vol/datastore/jmzhao/CompressedLUT/b-spline/testCPP/hardware/constraints/pwl_constraints.xdc:40]
Resolution: If [get_<value>] was used to populate the object, check to make sure this command returns at least one valid object.
Finished Parsing XDC File [/vol/datastore/jmzhao/CompressedLUT/b-spline/testCPP/hardware/constraints/pwl_constraints.xdc]
INFO: [Opt 31-138] Pushed 0 inverter(s) to 0 load pin(s).
Netlist sorting complete. Time (s): cpu = 00:00:00 ; elapsed = 00:00:00 . Memory (MB): peak = 2857.445 ; gain = 0.000 ; free physical = 226690 ; free virtual = 244349
INFO: [Project 1-111] Unisim Transformation Summary:
  A total of 21 instances were transformed.
  DSP48E2 => DSP48E2 (DSP_ALU, DSP_A_B_DATA, DSP_C_DATA, DSP_MULTIPLIER, DSP_M_DATA, DSP_OUTPUT, DSP_PREADD, DSP_PREADD_DATA): 2 instances
  IBUF => IBUF (IBUFCTRL, INBUF): 19 instances

7 Infos, 1 Warnings, 6 Critical Warnings and 0 Errors encountered.
link_design completed successfully
link_design: Time (s): cpu = 00:00:12 ; elapsed = 00:00:14 . Memory (MB): peak = 2857.445 ; gain = 136.258 ; free physical = 226690 ; free virtual = 244349
Command: opt_design
Attempting to get a license for feature 'Implementation' and/or device 'xczu9eg'
INFO: [Common 17-349] Got license for feature 'Implementation' and/or device 'xczu9eg'
Running DRC as a precondition to command opt_design

Starting DRC Task
INFO: [DRC 23-27] Running DRC with 8 threads
INFO: [Project 1-461] DRC finished with 0 Errors
INFO: [Project 1-462] Please refer to the DRC report (report_drc) for more information.

Time (s): cpu = 00:00:02 ; elapsed = 00:00:01 . Memory (MB): peak = 2929.480 ; gain = 64.031 ; free physical = 226682 ; free virtual = 244340

Starting Cache Timing Information Task
INFO: [Timing 38-35] Done setting XDC timing constraints.
Ending Cache Timing Information Task | Checksum: 11a56c2d3

Time (s): cpu = 00:00:02 ; elapsed = 00:00:02 . Memory (MB): peak = 3125.605 ; gain = 196.125 ; free physical = 226524 ; free virtual = 244182

Starting Logic Optimization Task

Phase 1 Retarget
INFO: [Opt 31-138] Pushed 1 inverter(s) to 67 load pin(s).
INFO: [Opt 31-49] Retargeted 0 cell(s).
Phase 1 Retarget | Checksum: 82ecd4a6

Time (s): cpu = 00:00:00.13 ; elapsed = 00:00:00.05 . Memory (MB): peak = 3376.559 ; gain = 0.000 ; free physical = 226290 ; free virtual = 243949
INFO: [Opt 31-389] Phase Retarget created 0 cells and removed 1 cells

Phase 2 Constant propagation
INFO: [Opt 31-138] Pushed 0 inverter(s) to 0 load pin(s).
Phase 2 Constant propagation | Checksum: 82ecd4a6

Time (s): cpu = 00:00:00.13 ; elapsed = 00:00:00.06 . Memory (MB): peak = 3376.559 ; gain = 0.000 ; free physical = 226290 ; free virtual = 243949
INFO: [Opt 31-389] Phase Constant propagation created 0 cells and removed 0 cells

Phase 3 Sweep
Phase 3 Sweep | Checksum: f1d12c77

Time (s): cpu = 00:00:00.14 ; elapsed = 00:00:00.07 . Memory (MB): peak = 3376.559 ; gain = 0.000 ; free physical = 226290 ; free virtual = 243949
INFO: [Opt 31-389] Phase Sweep created 1 cells and removed 0 cells

Phase 4 BUFG optimization
INFO: [Opt 31-1077] Phase BUFG optimization inserted 0 global clock buffer(s) for CLOCK_LOW_FANOUT.
Phase 4 BUFG optimization | Checksum: f1d12c77

Time (s): cpu = 00:00:00.16 ; elapsed = 00:00:00.10 . Memory (MB): peak = 3376.559 ; gain = 0.000 ; free physical = 226290 ; free virtual = 243949
INFO: [Opt 31-662] Phase BUFG optimization created 0 cells of which 0 are BUFGs and removed 0 cells.

Phase 5 Shift Register Optimization
INFO: [Opt 31-1064] SRL Remap converted 0 SRLs to 0 registers and converted 0 registers of register chains to 0 SRLs
Phase 5 Shift Register Optimization | Checksum: f1d12c77

Time (s): cpu = 00:00:00.17 ; elapsed = 00:00:00.10 . Memory (MB): peak = 3376.559 ; gain = 0.000 ; free physical = 226290 ; free virtual = 243949
INFO: [Opt 31-389] Phase Shift Register Optimization created 0 cells and removed 0 cells

Phase 6 Post Processing Netlist
Phase 6 Post Processing Netlist | Checksum: 11c23d2bf

Time (s): cpu = 00:00:00.17 ; elapsed = 00:00:00.10 . Memory (MB): peak = 3376.559 ; gain = 0.000 ; free physical = 226290 ; free virtual = 243949
INFO: [Opt 31-389] Phase Post Processing Netlist created 0 cells and removed 0 cells
Opt_design Change Summary
=========================


-------------------------------------------------------------------------------------------------------------------------
|  Phase                        |  #Cells created  |  #Cells Removed  |  #Constrained objects preventing optimizations  |
-------------------------------------------------------------------------------------------------------------------------
|  Retarget                     |               0  |               1  |                                              0  |
|  Constant propagation         |               0  |               0  |                                              0  |
|  Sweep                        |               1  |               0  |                                              0  |
|  BUFG optimization            |               0  |               0  |                                              0  |
|  Shift Register Optimization  |               0  |               0  |                                              0  |
|  Post Processing Netlist      |               0  |               0  |                                              0  |
-------------------------------------------------------------------------------------------------------------------------



Starting Connectivity Check Task

Time (s): cpu = 00:00:00 ; elapsed = 00:00:00 . Memory (MB): peak = 3376.559 ; gain = 0.000 ; free physical = 226290 ; free virtual = 243949
Ending Logic Optimization Task | Checksum: 138794eab

Time (s): cpu = 00:00:00.18 ; elapsed = 00:00:00.12 . Memory (MB): peak = 3376.559 ; gain = 0.000 ; free physical = 226290 ; free virtual = 243949

Starting Power Optimization Task
INFO: [Pwropt 34-132] Skipping clock gating for clocks with a period < 2.00 ns.
Ending Power Optimization Task | Checksum: 138794eab

Time (s): cpu = 00:00:00.01 ; elapsed = 00:00:00.01 . Memory (MB): peak = 3376.559 ; gain = 0.000 ; free physical = 226289 ; free virtual = 243948

Starting Final Cleanup Task
Ending Final Cleanup Task | Checksum: 138794eab

Time (s): cpu = 00:00:00 ; elapsed = 00:00:00 . Memory (MB): peak = 3376.559 ; gain = 0.000 ; free physical = 226289 ; free virtual = 243948

Starting Netlist Obfuscation Task
Netlist sorting complete. Time (s): cpu = 00:00:00 ; elapsed = 00:00:00 . Memory (MB): peak = 3376.559 ; gain = 0.000 ; free physical = 226289 ; free virtual = 243948
Ending Netlist Obfuscation Task | Checksum: 138794eab

Time (s): cpu = 00:00:00 ; elapsed = 00:00:00.01 . Memory (MB): peak = 3376.559 ; gain = 0.000 ; free physical = 226289 ; free virtual = 243948
INFO: [Common 17-83] Releasing license: Implementation
25 Infos, 1 Warnings, 6 Critical Warnings and 0 Errors encountered.
opt_design completed successfully
opt_design: Time (s): cpu = 00:00:07 ; elapsed = 00:00:06 . Memory (MB): peak = 3376.559 ; gain = 519.113 ; free physical = 226289 ; free virtual = 243948
INFO: [Timing 38-480] Writing timing data to binary archive.
INFO: [Common 17-1381] The checkpoint '/vol/datastore/jmzhao/CompressedLUT/b-spline/testCPP/hardware/pwl_recover/project_1/project_1.runs/impl_1/pwl_top_opt.dcp' has been generated.
INFO: [runtcl-4] Executing : report_drc -file pwl_top_drc_opted.rpt -pb pwl_top_drc_opted.pb -rpx pwl_top_drc_opted.rpx
Command: report_drc -file pwl_top_drc_opted.rpt -pb pwl_top_drc_opted.pb -rpx pwl_top_drc_opted.rpx
INFO: [IP_Flow 19-234] Refreshing IP repositories
INFO: [IP_Flow 19-1704] No user IP repositories specified
INFO: [IP_Flow 19-2313] Loaded Vivado IP repository '/tools/Xilinx/Vivado/2021.2/data/ip'.
INFO: [Timing 38-35] Done setting XDC timing constraints.
INFO: [DRC 23-27] Running DRC with 8 threads
INFO: [Vivado_Tcl 2-168] The results of DRC are in file /vol/datastore/jmzhao/CompressedLUT/b-spline/testCPP/hardware/pwl_recover/project_1/project_1.runs/impl_1/pwl_top_drc_opted.rpt.
report_drc completed successfully
report_drc: Time (s): cpu = 00:00:30 ; elapsed = 00:00:33 . Memory (MB): peak = 4653.008 ; gain = 1236.430 ; free physical = 225463 ; free virtual = 243122
Command: place_design
Attempting to get a license for feature 'Implementation' and/or device 'xczu9eg'
INFO: [Common 17-349] Got license for feature 'Implementation' and/or device 'xczu9eg'
INFO: [DRC 23-27] Running DRC with 8 threads
INFO: [Vivado_Tcl 4-198] DRC finished with 0 Errors
INFO: [Vivado_Tcl 4-199] Please refer to the DRC report (report_drc) for more information.
Running DRC as a precondition to command place_design
INFO: [DRC 23-27] Running DRC with 8 threads
INFO: [Vivado_Tcl 4-198] DRC finished with 0 Errors
INFO: [Vivado_Tcl 4-199] Please refer to the DRC report (report_drc) for more information.

Starting Placer Task
INFO: [Place 30-611] Multithreading enabled for place_design using a maximum of 8 CPUs

Phase 1 Placer Initialization

Phase 1.1 Placer Initialization Netlist Sorting
Netlist sorting complete. Time (s): cpu = 00:00:00 ; elapsed = 00:00:00 . Memory (MB): peak = 4653.008 ; gain = 0.000 ; free physical = 225440 ; free virtual = 243099
Phase 1.1 Placer Initialization Netlist Sorting | Checksum: fbc07728

Time (s): cpu = 00:00:00 ; elapsed = 00:00:00.03 . Memory (MB): peak = 4653.008 ; gain = 0.000 ; free physical = 225440 ; free virtual = 243099
Netlist sorting complete. Time (s): cpu = 00:00:00 ; elapsed = 00:00:00 . Memory (MB): peak = 4653.008 ; gain = 0.000 ; free physical = 225440 ; free virtual = 243099

Phase 1.2 IO Placement/ Clock Placement/ Build Placer Device
Phase 1.2 IO Placement/ Clock Placement/ Build Placer Device | Checksum: 9dfedf34

Time (s): cpu = 00:00:01 ; elapsed = 00:00:00.74 . Memory (MB): peak = 4653.008 ; gain = 0.000 ; free physical = 225436 ; free virtual = 243095

Phase 1.3 Build Placer Netlist Model
Phase 1.3 Build Placer Netlist Model | Checksum: 171a8b3f5

Time (s): cpu = 00:00:02 ; elapsed = 00:00:01 . Memory (MB): peak = 4653.008 ; gain = 0.000 ; free physical = 225399 ; free virtual = 243058

Phase 1.4 Constrain Clocks/Macros
Phase 1.4 Constrain Clocks/Macros | Checksum: 171a8b3f5

Time (s): cpu = 00:00:02 ; elapsed = 00:00:01 . Memory (MB): peak = 4653.008 ; gain = 0.000 ; free physical = 225399 ; free virtual = 243058
Phase 1 Placer Initialization | Checksum: 171a8b3f5

Time (s): cpu = 00:00:02 ; elapsed = 00:00:01 . Memory (MB): peak = 4653.008 ; gain = 0.000 ; free physical = 225399 ; free virtual = 243058

Phase 2 Global Placement

Phase 2.1 Floorplanning

Phase 2.1.1 Partition Driven Placement

Phase 2.1.1.1 PBP: Partition Driven Placement
Phase 2.1.1.1 PBP: Partition Driven Placement | Checksum: e321dd7b

Time (s): cpu = 00:00:03 ; elapsed = 00:00:02 . Memory (MB): peak = 4653.008 ; gain = 0.000 ; free physical = 225388 ; free virtual = 243047

Phase 2.1.1.2 PBP: Clock Region Placement
Phase 2.1.1.2 PBP: Clock Region Placement | Checksum: e321dd7b

Time (s): cpu = 00:00:03 ; elapsed = 00:00:02 . Memory (MB): peak = 4653.008 ; gain = 0.000 ; free physical = 225395 ; free virtual = 243054

Phase 2.1.1.3 PBP: Compute Congestion
Phase 2.1.1.3 PBP: Compute Congestion | Checksum: e321dd7b

Time (s): cpu = 00:00:06 ; elapsed = 00:00:04 . Memory (MB): peak = 4699.371 ; gain = 46.363 ; free physical = 225347 ; free virtual = 243006

Phase 2.1.1.4 PBP: UpdateTiming
Phase 2.1.1.4 PBP: UpdateTiming | Checksum: f0e45b2e

Time (s): cpu = 00:00:06 ; elapsed = 00:00:05 . Memory (MB): peak = 4729.387 ; gain = 76.379 ; free physical = 225346 ; free virtual = 243005

Phase 2.1.1.5 PBP: Add part constraints
Phase 2.1.1.5 PBP: Add part constraints | Checksum: f0e45b2e

Time (s): cpu = 00:00:06 ; elapsed = 00:00:05 . Memory (MB): peak = 4729.387 ; gain = 76.379 ; free physical = 225346 ; free virtual = 243005
Phase 2.1.1 Partition Driven Placement | Checksum: f0e45b2e

Time (s): cpu = 00:00:06 ; elapsed = 00:00:05 . Memory (MB): peak = 4729.387 ; gain = 76.379 ; free physical = 225346 ; free virtual = 243005
Phase 2.1 Floorplanning | Checksum: 11a50ec01

Time (s): cpu = 00:00:06 ; elapsed = 00:00:05 . Memory (MB): peak = 4729.387 ; gain = 76.379 ; free physical = 225346 ; free virtual = 243005

Phase 2.2 Update Timing before SLR Path Opt
Phase 2.2 Update Timing before SLR Path Opt | Checksum: 11a50ec01

Time (s): cpu = 00:00:06 ; elapsed = 00:00:05 . Memory (MB): peak = 4729.387 ; gain = 76.379 ; free physical = 225346 ; free virtual = 243005

Phase 2.3 Post-Processing in Floorplanning
Phase 2.3 Post-Processing in Floorplanning | Checksum: 11a50ec01

Time (s): cpu = 00:00:06 ; elapsed = 00:00:05 . Memory (MB): peak = 4729.387 ; gain = 76.379 ; free physical = 225346 ; free virtual = 243005

Phase 2.4 Global Placement Core

Phase 2.4.1 Physical Synthesis In Placer
INFO: [Physopt 32-1044] Break lutnm for timing: one critical 0, two critical 0, total 0, new lutff created 0
INFO: [Physopt 32-1138] End 1 Pass. Optimized 0 net or LUT. Breaked 0 LUT, combined 0 existing LUT and moved 0 existing LUT
INFO: [Physopt 32-69] No nets found for rewiring optimization.
INFO: [Physopt 32-661] Optimized 0 net.  Re-placed 0 instance.
INFO: [Physopt 32-775] End 1 Pass. Optimized 0 net or cell. Created 0 new cell, deleted 0 existing cell and moved 0 existing cell
INFO: [Physopt 32-65] No nets found for high-fanout optimization.
INFO: [Physopt 32-232] Optimized 0 net. Created 0 new instance.
INFO: [Physopt 32-775] End 1 Pass. Optimized 0 net or cell. Created 0 new cell, deleted 0 existing cell and moved 0 existing cell
INFO: [Physopt 32-670] No setup violation found.  DSP Register Optimization was not performed.
INFO: [Physopt 32-670] No setup violation found.  Shift Register to Pipeline Optimization was not performed.
INFO: [Physopt 32-670] No setup violation found.  Shift Register Optimization was not performed.
INFO: [Physopt 32-670] No setup violation found.  BRAM Register Optimization was not performed.
INFO: [Physopt 32-670] No setup violation found.  URAM Register Optimization was not performed.
INFO: [Physopt 32-949] No candidate nets found for dynamic/static region interface net replication
INFO: [Physopt 32-775] End 1 Pass. Optimized 0 net or cell. Created 0 new cell, deleted 0 existing cell and moved 0 existing cell
Netlist sorting complete. Time (s): cpu = 00:00:00 ; elapsed = 00:00:00 . Memory (MB): peak = 4745.395 ; gain = 0.000 ; free physical = 225279 ; free virtual = 242938

Summary of Physical Synthesis Optimizations
============================================


-----------------------------------------------------------------------------------------------------------------------------------------------------------
|  Optimization                                     |  Added Cells  |  Removed Cells  |  Optimized Cells/Nets  |  Dont Touch  |  Iterations  |  Elapsed   |
-----------------------------------------------------------------------------------------------------------------------------------------------------------
|  LUT Combining                                    |            0  |              0  |                     0  |           0  |           1  |  00:00:00  |
|  Retime                                           |            0  |              0  |                     0  |           0  |           1  |  00:00:00  |
|  Equivalent Driver Rewiring                       |            0  |              0  |                     0  |           0  |           1  |  00:00:00  |
|  Very High Fanout                                 |            0  |              0  |                     0  |           0  |           1  |  00:00:00  |
|  DSP Register                                     |            0  |              0  |                     0  |           0  |           0  |  00:00:00  |
|  Shift Register to Pipeline                       |            0  |              0  |                     0  |           0  |           0  |  00:00:00  |
|  Shift Register                                   |            0  |              0  |                     0  |           0  |           0  |  00:00:00  |
|  BRAM Register                                    |            0  |              0  |                     0  |           0  |           0  |  00:00:00  |
|  URAM Register                                    |            0  |              0  |                     0  |           0  |           0  |  00:00:00  |
|  Dynamic/Static Region Interface Net Replication  |            0  |              0  |                     0  |           0  |           1  |  00:00:00  |
|  Total                                            |            0  |              0  |                     0  |           0  |           5  |  00:00:00  |
-----------------------------------------------------------------------------------------------------------------------------------------------------------


Phase 2.4.1 Physical Synthesis In Placer | Checksum: 1bdbb5bb7

Time (s): cpu = 00:00:11 ; elapsed = 00:00:09 . Memory (MB): peak = 4745.395 ; gain = 92.387 ; free physical = 225279 ; free virtual = 242938
Phase 2.4 Global Placement Core | Checksum: 20518602f

Time (s): cpu = 00:00:14 ; elapsed = 00:00:11 . Memory (MB): peak = 4745.395 ; gain = 92.387 ; free physical = 225280 ; free virtual = 242939
Phase 2 Global Placement | Checksum: 20518602f

Time (s): cpu = 00:00:14 ; elapsed = 00:00:11 . Memory (MB): peak = 4745.395 ; gain = 92.387 ; free physical = 225280 ; free virtual = 242939

Phase 3 Detail Placement

Phase 3.1 Commit Multi Column Macros
Phase 3.1 Commit Multi Column Macros | Checksum: 238cba744

Time (s): cpu = 00:00:17 ; elapsed = 00:00:14 . Memory (MB): peak = 4745.395 ; gain = 92.387 ; free physical = 225284 ; free virtual = 242943

Phase 3.2 Commit Most Macros & LUTRAMs
Phase 3.2 Commit Most Macros & LUTRAMs | Checksum: 2191b8cd0

Time (s): cpu = 00:00:17 ; elapsed = 00:00:14 . Memory (MB): peak = 4745.395 ; gain = 92.387 ; free physical = 225275 ; free virtual = 242934

Phase 3.3 Small Shape DP

Phase 3.3.1 Small Shape Clustering
Phase 3.3.1 Small Shape Clustering | Checksum: 16ad2f1ac

Time (s): cpu = 00:00:18 ; elapsed = 00:00:14 . Memory (MB): peak = 4745.395 ; gain = 92.387 ; free physical = 225265 ; free virtual = 242924

Phase 3.3.2 Flow Legalize Slice Clusters
Phase 3.3.2 Flow Legalize Slice Clusters | Checksum: 197ebf59e

Time (s): cpu = 00:00:18 ; elapsed = 00:00:14 . Memory (MB): peak = 4745.395 ; gain = 92.387 ; free physical = 225262 ; free virtual = 242921

Phase 3.3.3 Slice Area Swap
Phase 3.3.3 Slice Area Swap | Checksum: 1ecfd852c

Time (s): cpu = 00:00:18 ; elapsed = 00:00:15 . Memory (MB): peak = 4745.395 ; gain = 92.387 ; free physical = 225235 ; free virtual = 242894
Phase 3.3 Small Shape DP | Checksum: 1743e7d6e

Time (s): cpu = 00:00:18 ; elapsed = 00:00:15 . Memory (MB): peak = 4745.395 ; gain = 92.387 ; free physical = 225259 ; free virtual = 242918

Phase 3.4 Re-assign LUT pins
Phase 3.4 Re-assign LUT pins | Checksum: 16312147c

Time (s): cpu = 00:00:18 ; elapsed = 00:00:15 . Memory (MB): peak = 4745.395 ; gain = 92.387 ; free physical = 225258 ; free virtual = 242917

Phase 3.5 Pipeline Register Optimization
Phase 3.5 Pipeline Register Optimization | Checksum: 11edeba5b

Time (s): cpu = 00:00:18 ; elapsed = 00:00:15 . Memory (MB): peak = 4745.395 ; gain = 92.387 ; free physical = 225258 ; free virtual = 242917
Phase 3 Detail Placement | Checksum: 11edeba5b

Time (s): cpu = 00:00:18 ; elapsed = 00:00:15 . Memory (MB): peak = 4745.395 ; gain = 92.387 ; free physical = 225258 ; free virtual = 242917

Phase 4 Post Placement Optimization and Clean-Up

Phase 4.1 Post Commit Optimization
INFO: [Timing 38-35] Done setting XDC timing constraints.

Phase 4.1.1 Post Placement Optimization
Post Placement Optimization Initialization | Checksum: 7b6efc01

Phase 4.1.1.1 BUFG Insertion

Starting Physical Synthesis Task

Phase 1 Physical Synthesis Initialization
INFO: [Physopt 32-721] Multithreading enabled for phys_opt_design using a maximum of 8 CPUs
INFO: [Physopt 32-619] Estimated Timing Summary | WNS=2.045 | TNS=0.000 |
Phase 1 Physical Synthesis Initialization | Checksum: ae1ee039

Time (s): cpu = 00:00:00.06 ; elapsed = 00:00:00.04 . Memory (MB): peak = 4745.395 ; gain = 0.000 ; free physical = 225245 ; free virtual = 242904
INFO: [Place 46-56] BUFG insertion identified 0 candidate nets. Inserted BUFG: 0, Replicated BUFG Driver: 0, Skipped due to Placement/Routing Conflicts: 0, Skipped due to Timing Degradation: 0, Skipped due to Illegal Netlist: 0.
Ending Physical Synthesis Task | Checksum: b2b87031

Time (s): cpu = 00:00:00.07 ; elapsed = 00:00:00.06 . Memory (MB): peak = 4745.395 ; gain = 0.000 ; free physical = 225245 ; free virtual = 242904
Phase 4.1.1.1 BUFG Insertion | Checksum: 7b6efc01

Time (s): cpu = 00:00:22 ; elapsed = 00:00:18 . Memory (MB): peak = 4745.395 ; gain = 92.387 ; free physical = 225245 ; free virtual = 242904

Phase 4.1.1.2 Post Placement Timing Optimization
INFO: [Place 30-746] Post Placement Timing Summary WNS=2.045. For the most accurate timing information please run report_timing.
Phase 4.1.1.2 Post Placement Timing Optimization | Checksum: 120832452

Time (s): cpu = 00:00:22 ; elapsed = 00:00:18 . Memory (MB): peak = 4745.395 ; gain = 92.387 ; free physical = 225245 ; free virtual = 242904

Time (s): cpu = 00:00:22 ; elapsed = 00:00:18 . Memory (MB): peak = 4745.395 ; gain = 92.387 ; free physical = 225245 ; free virtual = 242904
Phase 4.1 Post Commit Optimization | Checksum: 120832452

Time (s): cpu = 00:00:22 ; elapsed = 00:00:18 . Memory (MB): peak = 4745.395 ; gain = 92.387 ; free physical = 225245 ; free virtual = 242904
Netlist sorting complete. Time (s): cpu = 00:00:00 ; elapsed = 00:00:00 . Memory (MB): peak = 4745.395 ; gain = 0.000 ; free physical = 225250 ; free virtual = 242909

Phase 4.2 Post Placement Cleanup
Phase 4.2 Post Placement Cleanup | Checksum: 18985bb80

Time (s): cpu = 00:00:31 ; elapsed = 00:00:27 . Memory (MB): peak = 4745.395 ; gain = 92.387 ; free physical = 225255 ; free virtual = 242914

Phase 4.3 Placer Reporting

Phase 4.3.1 Print Estimated Congestion
INFO: [Place 30-612] Post-Placement Estimated Congestion 
 ________________________________________________________________________
|           | Global Congestion | Long Congestion   | Short Congestion  |
| Direction | Region Size       | Region Size       | Region Size       |
|___________|___________________|___________________|___________________|
|      North|                1x1|                1x1|                1x1|
|___________|___________________|___________________|___________________|
|      South|                1x1|                1x1|                1x1|
|___________|___________________|___________________|___________________|
|       East|                1x1|                1x1|                1x1|
|___________|___________________|___________________|___________________|
|       West|                1x1|                1x1|                1x1|
|___________|___________________|___________________|___________________|

Phase 4.3.1 Print Estimated Congestion | Checksum: 18985bb80

Time (s): cpu = 00:00:31 ; elapsed = 00:00:27 . Memory (MB): peak = 4745.395 ; gain = 92.387 ; free physical = 225255 ; free virtual = 242914
Phase 4.3 Placer Reporting | Checksum: 18985bb80

Time (s): cpu = 00:00:31 ; elapsed = 00:00:27 . Memory (MB): peak = 4745.395 ; gain = 92.387 ; free physical = 225255 ; free virtual = 242914

Phase 4.4 Final Placement Cleanup
Netlist sorting complete. Time (s): cpu = 00:00:00 ; elapsed = 00:00:00 . Memory (MB): peak = 4745.395 ; gain = 0.000 ; free physical = 225255 ; free virtual = 242914

Time (s): cpu = 00:00:31 ; elapsed = 00:00:27 . Memory (MB): peak = 4745.395 ; gain = 92.387 ; free physical = 225255 ; free virtual = 242914
Phase 4 Post Placement Optimization and Clean-Up | Checksum: 142de4b45

Time (s): cpu = 00:00:31 ; elapsed = 00:00:27 . Memory (MB): peak = 4745.395 ; gain = 92.387 ; free physical = 225255 ; free virtual = 242914
Ending Placer Task | Checksum: 985abfa1

Time (s): cpu = 00:00:31 ; elapsed = 00:00:27 . Memory (MB): peak = 4745.395 ; gain = 92.387 ; free physical = 225254 ; free virtual = 242913
INFO: [Common 17-83] Releasing license: Implementation
64 Infos, 1 Warnings, 6 Critical Warnings and 0 Errors encountered.
place_design completed successfully
place_design: Time (s): cpu = 00:00:34 ; elapsed = 00:00:29 . Memory (MB): peak = 4745.395 ; gain = 92.387 ; free physical = 225406 ; free virtual = 243065
INFO: [Timing 38-480] Writing timing data to binary archive.
Writing placer database...
Writing XDEF routing.
Writing XDEF routing logical nets.
Writing XDEF routing special nets.
Write XDEF Complete: Time (s): cpu = 00:00:00.23 ; elapsed = 00:00:00.16 . Memory (MB): peak = 4745.395 ; gain = 0.000 ; free physical = 225406 ; free virtual = 243069
INFO: [Common 17-1381] The checkpoint '/vol/datastore/jmzhao/CompressedLUT/b-spline/testCPP/hardware/pwl_recover/project_1/project_1.runs/impl_1/pwl_top_placed.dcp' has been generated.
INFO: [runtcl-4] Executing : report_io -file pwl_top_io_placed.rpt
report_io: Time (s): cpu = 00:00:00.38 ; elapsed = 00:00:00.51 . Memory (MB): peak = 4745.395 ; gain = 0.000 ; free physical = 225374 ; free virtual = 243034
INFO: [runtcl-4] Executing : report_utilization -file pwl_top_utilization_placed.rpt -pb pwl_top_utilization_placed.pb
INFO: [runtcl-4] Executing : report_control_sets -verbose -file pwl_top_control_sets_placed.rpt
report_control_sets: Time (s): cpu = 00:00:00.07 ; elapsed = 00:00:00.17 . Memory (MB): peak = 4745.395 ; gain = 0.000 ; free physical = 225403 ; free virtual = 243063
Command: phys_opt_design
Attempting to get a license for feature 'Implementation' and/or device 'xczu9eg'
INFO: [Common 17-349] Got license for feature 'Implementation' and/or device 'xczu9eg'
INFO: [Vivado_Tcl 4-383] Design worst setup slack (WNS) is greater than or equal to 0.000 ns. Skipping all physical synthesis optimizations.
INFO: [Vivado_Tcl 4-232] No setup violation found. The netlist was not modified.
INFO: [Common 17-83] Releasing license: Implementation
73 Infos, 1 Warnings, 6 Critical Warnings and 0 Errors encountered.
phys_opt_design completed successfully
INFO: [Timing 38-480] Writing timing data to binary archive.
Writing placer database...
Writing XDEF routing.
Writing XDEF routing logical nets.
Writing XDEF routing special nets.
Write XDEF Complete: Time (s): cpu = 00:00:00.26 ; elapsed = 00:00:00.14 . Memory (MB): peak = 4745.395 ; gain = 0.000 ; free physical = 225382 ; free virtual = 243046
INFO: [Common 17-1381] The checkpoint '/vol/datastore/jmzhao/CompressedLUT/b-spline/testCPP/hardware/pwl_recover/project_1/project_1.runs/impl_1/pwl_top_physopt.dcp' has been generated.
Command: route_design
Attempting to get a license for feature 'Implementation' and/or device 'xczu9eg'
INFO: [Common 17-349] Got license for feature 'Implementation' and/or device 'xczu9eg'
Running DRC as a precondition to command route_design
INFO: [DRC 23-27] Running DRC with 8 threads
INFO: [Vivado_Tcl 4-198] DRC finished with 0 Errors
INFO: [Vivado_Tcl 4-199] Please refer to the DRC report (report_drc) for more information.


Starting Routing Task
INFO: [Route 35-254] Multithreading enabled for route_design using a maximum of 8 CPUs

Phase 1 Build RT Design
Checksum: PlaceDB: a08f34b ConstDB: 0 ShapeSum: 254f3528 RouteDB: 6902972e
Nodegraph reading from file.  Time (s): cpu = 00:00:00.85 ; elapsed = 00:00:00.89 . Memory (MB): peak = 4745.395 ; gain = 0.000 ; free physical = 225231 ; free virtual = 242891
Post Restoration Checksum: NetGraph: f53998b1 NumContArr: e76b3195 Constraints: 5913754 Timing: 0
Phase 1 Build RT Design | Checksum: 1e236019a

Time (s): cpu = 00:00:07 ; elapsed = 00:00:07 . Memory (MB): peak = 4745.395 ; gain = 0.000 ; free physical = 225228 ; free virtual = 242888

Phase 2 Router Initialization

Phase 2.1 Fix Topology Constraints
Phase 2.1 Fix Topology Constraints | Checksum: 1e236019a

Time (s): cpu = 00:00:07 ; elapsed = 00:00:07 . Memory (MB): peak = 4745.395 ; gain = 0.000 ; free physical = 225166 ; free virtual = 242826

Phase 2.2 Pre Route Cleanup
Phase 2.2 Pre Route Cleanup | Checksum: 1e236019a

Time (s): cpu = 00:00:07 ; elapsed = 00:00:07 . Memory (MB): peak = 4745.395 ; gain = 0.000 ; free physical = 225166 ; free virtual = 242826

Phase 2.3 Global Clock Net Routing
 Number of Nodes with overlaps = 0
Phase 2.3 Global Clock Net Routing | Checksum: cd73a63a

Time (s): cpu = 00:00:09 ; elapsed = 00:00:08 . Memory (MB): peak = 4745.395 ; gain = 0.000 ; free physical = 225166 ; free virtual = 242827

Phase 2.4 Update Timing
Phase 2.4 Update Timing | Checksum: 196cf4762

Time (s): cpu = 00:00:10 ; elapsed = 00:00:08 . Memory (MB): peak = 4745.395 ; gain = 0.000 ; free physical = 225163 ; free virtual = 242824
INFO: [Route 35-416] Intermediate Timing Summary | WNS=2.065  | TNS=0.000  | WHS=0.003  | THS=0.000  |


Router Utilization Summary
  Global Vertical Routing Utilization    = 0 %
  Global Horizontal Routing Utilization  = 0 %
  Routable Net Status*
  *Does not include unroutable nets such as driverless and loadless.
  Run report_route_status for detailed report.
  Number of Failed Nets               = 229
    (Failed Nets is the sum of unrouted and partially routed nets)
  Number of Unrouted Nets             = 150
  Number of Partially Routed Nets     = 79
  Number of Node Overlaps             = 0

Phase 2 Router Initialization | Checksum: 2320fe0f0

Time (s): cpu = 00:00:12 ; elapsed = 00:00:09 . Memory (MB): peak = 4745.395 ; gain = 0.000 ; free physical = 225155 ; free virtual = 242816

Phase 3 Initial Routing

Phase 3.1 Global Routing
Phase 3.1 Global Routing | Checksum: 2320fe0f0

Time (s): cpu = 00:00:12 ; elapsed = 00:00:09 . Memory (MB): peak = 4745.395 ; gain = 0.000 ; free physical = 225153 ; free virtual = 242814
Phase 3 Initial Routing | Checksum: 136f2a87f

Time (s): cpu = 00:00:14 ; elapsed = 00:00:09 . Memory (MB): peak = 4745.395 ; gain = 0.000 ; free physical = 225126 ; free virtual = 242787

Phase 4 Rip-up And Reroute

Phase 4.1 Global Iteration 0
 Number of Nodes with overlaps = 31
 Number of Nodes with overlaps = 0
INFO: [Route 35-416] Intermediate Timing Summary | WNS=2.065  | TNS=0.000  | WHS=0.050  | THS=0.000  |

Phase 4.1 Global Iteration 0 | Checksum: 16b98132a

Time (s): cpu = 00:00:15 ; elapsed = 00:00:10 . Memory (MB): peak = 4802.422 ; gain = 57.027 ; free physical = 225119 ; free virtual = 242779

Phase 4.2 Additional Iteration for Hold
Phase 4.2 Additional Iteration for Hold | Checksum: 179b64782

Time (s): cpu = 00:00:15 ; elapsed = 00:00:10 . Memory (MB): peak = 4802.422 ; gain = 57.027 ; free physical = 225119 ; free virtual = 242779
Phase 4 Rip-up And Reroute | Checksum: 179b64782

Time (s): cpu = 00:00:15 ; elapsed = 00:00:10 . Memory (MB): peak = 4802.422 ; gain = 57.027 ; free physical = 225119 ; free virtual = 242779

Phase 5 Delay and Skew Optimization

Phase 5.1 Delay CleanUp
Phase 5.1 Delay CleanUp | Checksum: 179b64782

Time (s): cpu = 00:00:15 ; elapsed = 00:00:10 . Memory (MB): peak = 4802.422 ; gain = 57.027 ; free physical = 225121 ; free virtual = 242781

Phase 5.2 Clock Skew Optimization
Phase 5.2 Clock Skew Optimization | Checksum: 179b64782

Time (s): cpu = 00:00:15 ; elapsed = 00:00:10 . Memory (MB): peak = 4802.422 ; gain = 57.027 ; free physical = 225121 ; free virtual = 242781
Phase 5 Delay and Skew Optimization | Checksum: 179b64782

Time (s): cpu = 00:00:15 ; elapsed = 00:00:10 . Memory (MB): peak = 4802.422 ; gain = 57.027 ; free physical = 225121 ; free virtual = 242781

Phase 6 Post Hold Fix

Phase 6.1 Hold Fix Iter

Phase 6.1.1 Update Timing
Phase 6.1.1 Update Timing | Checksum: 13a60d036

Time (s): cpu = 00:00:15 ; elapsed = 00:00:10 . Memory (MB): peak = 4802.422 ; gain = 57.027 ; free physical = 225119 ; free virtual = 242780
INFO: [Route 35-416] Intermediate Timing Summary | WNS=2.065  | TNS=0.000  | WHS=0.050  | THS=0.000  |

Phase 6.1 Hold Fix Iter | Checksum: 13a60d036

Time (s): cpu = 00:00:15 ; elapsed = 00:00:10 . Memory (MB): peak = 4802.422 ; gain = 57.027 ; free physical = 225119 ; free virtual = 242780
Phase 6 Post Hold Fix | Checksum: 13a60d036

Time (s): cpu = 00:00:15 ; elapsed = 00:00:10 . Memory (MB): peak = 4802.422 ; gain = 57.027 ; free physical = 225119 ; free virtual = 242780

Phase 7 Route finalize

Router Utilization Summary
  Global Vertical Routing Utilization    = 0.0118267 %
  Global Horizontal Routing Utilization  = 0.00710604 %
  Routable Net Status*
  *Does not include unroutable nets such as driverless and loadless.
  Run report_route_status for detailed report.
  Number of Failed Nets               = 0
    (Failed Nets is the sum of unrouted and partially routed nets)
  Number of Unrouted Nets             = 0
  Number of Partially Routed Nets     = 0
  Number of Node Overlaps             = 0

Phase 7 Route finalize | Checksum: 167e61578

Time (s): cpu = 00:00:16 ; elapsed = 00:00:10 . Memory (MB): peak = 4802.422 ; gain = 57.027 ; free physical = 225122 ; free virtual = 242783

Phase 8 Verifying routed nets

 Verification completed successfully
Phase 8 Verifying routed nets | Checksum: 167e61578

Time (s): cpu = 00:00:16 ; elapsed = 00:00:10 . Memory (MB): peak = 4802.422 ; gain = 57.027 ; free physical = 225121 ; free virtual = 242782

Phase 9 Depositing Routes
Phase 9 Depositing Routes | Checksum: 167e61578

Time (s): cpu = 00:00:16 ; elapsed = 00:00:11 . Memory (MB): peak = 4802.422 ; gain = 57.027 ; free physical = 225120 ; free virtual = 242781

Phase 10 Resolve XTalk
Phase 10 Resolve XTalk | Checksum: 167e61578

Time (s): cpu = 00:00:16 ; elapsed = 00:00:11 . Memory (MB): peak = 4802.422 ; gain = 57.027 ; free physical = 225121 ; free virtual = 242782

Phase 11 Post Router Timing
INFO: [Route 35-57] Estimated Timing Summary | WNS=2.065  | TNS=0.000  | WHS=0.050  | THS=0.000  |

INFO: [Route 35-327] The final timing numbers are based on the router estimated timing analysis. For a complete and accurate timing signoff, please run report_timing_summary.
Phase 11 Post Router Timing | Checksum: 167e61578

Time (s): cpu = 00:00:17 ; elapsed = 00:00:11 . Memory (MB): peak = 4802.422 ; gain = 57.027 ; free physical = 225121 ; free virtual = 242782
INFO: [Route 35-16] Router Completed Successfully

Time (s): cpu = 00:00:17 ; elapsed = 00:00:11 . Memory (MB): peak = 4802.422 ; gain = 57.027 ; free physical = 225202 ; free virtual = 242863

Routing Is Done.
INFO: [Common 17-83] Releasing license: Implementation
87 Infos, 1 Warnings, 6 Critical Warnings and 0 Errors encountered.
route_design completed successfully
route_design: Time (s): cpu = 00:00:19 ; elapsed = 00:00:12 . Memory (MB): peak = 4802.422 ; gain = 57.027 ; free physical = 225202 ; free virtual = 242863
INFO: [Timing 38-480] Writing timing data to binary archive.
Writing placer database...
Writing XDEF routing.
Writing XDEF routing logical nets.
Writing XDEF routing special nets.
Write XDEF Complete: Time (s): cpu = 00:00:00.21 ; elapsed = 00:00:00.10 . Memory (MB): peak = 4802.422 ; gain = 0.000 ; free physical = 225199 ; free virtual = 242863
INFO: [Common 17-1381] The checkpoint '/vol/datastore/jmzhao/CompressedLUT/b-spline/testCPP/hardware/pwl_recover/project_1/project_1.runs/impl_1/pwl_top_routed.dcp' has been generated.
INFO: [runtcl-4] Executing : report_drc -file pwl_top_drc_routed.rpt -pb pwl_top_drc_routed.pb -rpx pwl_top_drc_routed.rpx
Command: report_drc -file pwl_top_drc_routed.rpt -pb pwl_top_drc_routed.pb -rpx pwl_top_drc_routed.rpx
INFO: [IP_Flow 19-1839] IP Catalog is up to date.
INFO: [DRC 23-27] Running DRC with 8 threads
INFO: [Vivado_Tcl 2-168] The results of DRC are in file /vol/datastore/jmzhao/CompressedLUT/b-spline/testCPP/hardware/pwl_recover/project_1/project_1.runs/impl_1/pwl_top_drc_routed.rpt.
report_drc completed successfully
INFO: [runtcl-4] Executing : report_methodology -file pwl_top_methodology_drc_routed.rpt -pb pwl_top_methodology_drc_routed.pb -rpx pwl_top_methodology_drc_routed.rpx
Command: report_methodology -file pwl_top_methodology_drc_routed.rpt -pb pwl_top_methodology_drc_routed.pb -rpx pwl_top_methodology_drc_routed.rpx
INFO: [Timing 38-35] Done setting XDC timing constraints.
INFO: [DRC 23-133] Running Methodology with 8 threads
INFO: [Vivado_Tcl 2-1520] The results of Report Methodology are in file /vol/datastore/jmzhao/CompressedLUT/b-spline/testCPP/hardware/pwl_recover/project_1/project_1.runs/impl_1/pwl_top_methodology_drc_routed.rpt.
report_methodology completed successfully
INFO: [runtcl-4] Executing : report_power -file pwl_top_power_routed.rpt -pb pwl_top_power_summary_routed.pb -rpx pwl_top_power_routed.rpx
Command: report_power -file pwl_top_power_routed.rpt -pb pwl_top_power_summary_routed.pb -rpx pwl_top_power_routed.rpx
INFO: [Timing 38-35] Done setting XDC timing constraints.
Running Vector-less Activity Propagation...

Finished Running Vector-less Activity Propagation
99 Infos, 1 Warnings, 6 Critical Warnings and 0 Errors encountered.
report_power completed successfully
INFO: [runtcl-4] Executing : report_route_status -file pwl_top_route_status.rpt -pb pwl_top_route_status.pb
INFO: [runtcl-4] Executing : report_timing_summary -max_paths 10 -report_unconstrained -file pwl_top_timing_summary_routed.rpt -pb pwl_top_timing_summary_routed.pb -rpx pwl_top_timing_summary_routed.rpx -warn_on_violation 
INFO: [Timing 38-91] UpdateTimingParams: Speed grade: -2, Temperature grade: E, Delay Type: min_max.
INFO: [Timing 38-191] Multithreading enabled for timing update using a maximum of 8 CPUs
INFO: [runtcl-4] Executing : report_incremental_reuse -file pwl_top_incremental_reuse_routed.rpt
INFO: [Vivado_Tcl 4-1062] Incremental flow is disabled. No incremental reuse Info to report.
INFO: [runtcl-4] Executing : report_clock_utilization -file pwl_top_clock_utilization_routed.rpt
INFO: [runtcl-4] Executing : report_bus_skew -warn_on_violation -file pwl_top_bus_skew_routed.rpt -pb pwl_top_bus_skew_routed.pb -rpx pwl_top_bus_skew_routed.rpx
INFO: [Timing 38-91] UpdateTimingParams: Speed grade: -2, Temperature grade: E, Delay Type: min_max.
INFO: [Timing 38-191] Multithreading enabled for timing update using a maximum of 8 CPUs
INFO: [Common 17-206] Exiting Vivado at Thu Apr 17 17:15:42 2025...
