
*** Running vivado
    with args -log pwl_top.vds -m64 -product Vivado -mode batch -messageDb vivado.pb -notrace -source pwl_top.tcl


****** Vivado v2021.2 (64-bit)
  **** SW Build 3367213 on Tue Oct 19 02:47:39 MDT 2021
  **** IP Build 3369179 on Thu Oct 21 08:25:16 MDT 2021
    ** Copyright 1986-2021 Xilinx, Inc. All Rights Reserved.

source pwl_top.tcl -notrace
Command: read_checkpoint -auto_incremental -incremental /vol/datastore/jmzhao/CompressedLUT/b-spline/testCPP/hardware/pwl_recover/project_1/project_1.srcs/utils_1/imports/synth_1/pwl_top.dcp
INFO: [Vivado 12-5825] Read reference checkpoint from /vol/datastore/jmzhao/CompressedLUT/b-spline/testCPP/hardware/pwl_recover/project_1/project_1.srcs/utils_1/imports/synth_1/pwl_top.dcp for incremental synthesis
INFO: [Vivado 12-7989] Please ensure there are no constraint changes
Command: synth_design -top pwl_top -part xczu9eg-ffvb1156-2-e
Starting synth_design
Attempting to get a license for feature 'Synthesis' and/or device 'xczu9eg'
INFO: [Common 17-349] Got license for feature 'Synthesis' and/or device 'xczu9eg'
INFO: [Device 21-403] Loading part xczu9eg-ffvb1156-2-e
WARNING: [Designutils 20-4072] Reference run did not run incremental synthesis because the design is too small; reverting to default synthesis
INFO: [Designutils 20-4379] Flow is switching to default flow due to incremental criteria not met. If you would like to alter this behaviour and have the flow terminate instead, please set the following parameter config_implementation {autoIncr.Synth.RejectBehavior Terminate}
INFO: [Synth 8-7079] Multithreading enabled for synth_design using a maximum of 4 processes.
INFO: [Synth 8-7078] Launching helper process for spawning children vivado processes
INFO: [Synth 8-7075] Helper process launched with PID 3724134
---------------------------------------------------------------------------------
Starting RTL Elaboration : Time (s): cpu = 00:00:04 ; elapsed = 00:00:04 . Memory (MB): peak = 2959.125 ; gain = 148.766 ; free physical = 225963 ; free virtual = 243622
---------------------------------------------------------------------------------
INFO: [Synth 8-6157] synthesizing module 'pwl_top' [/vol/datastore/jmzhao/CompressedLUT/b-spline/testCPP/hardware/rtl/pwl_top.v:8]
INFO: [Synth 8-6157] synthesizing module 'pwl_core' [/vol/datastore/jmzhao/CompressedLUT/b-spline/testCPP/hardware/rtl/pwl_core.v:7]
	Parameter INPUT_REG_STAGES bound to: 1 - type: integer 
	Parameter OUTPUT_REG_STAGES bound to: 1 - type: integer 
INFO: [Synth 8-6157] synthesizing module 'pwl_hlut' [/vol/datastore/jmzhao/CompressedLUT/b-spline/testCPP/hardware/rtl/pwl_hlut.v:8]
WARNING: [Synth 8-7186] Applying attribute ram_style = "distributed" is ignored, object 'group_info[0]' is not inferred as ram due to incorrect usage [/vol/datastore/jmzhao/CompressedLUT/b-spline/testCPP/hardware/rtl/pwl_hlut.v:55]
WARNING: [Synth 8-7186] Applying attribute ram_style = "distributed" is ignored, object 'group_info[1]' is not inferred as ram due to incorrect usage [/vol/datastore/jmzhao/CompressedLUT/b-spline/testCPP/hardware/rtl/pwl_hlut.v:55]
WARNING: [Synth 8-7186] Applying attribute ram_style = "distributed" is ignored, object 'group_info[2]' is not inferred as ram due to incorrect usage [/vol/datastore/jmzhao/CompressedLUT/b-spline/testCPP/hardware/rtl/pwl_hlut.v:55]
WARNING: [Synth 8-7186] Applying attribute ram_style = "distributed" is ignored, object 'group_info[3]' is not inferred as ram due to incorrect usage [/vol/datastore/jmzhao/CompressedLUT/b-spline/testCPP/hardware/rtl/pwl_hlut.v:55]
WARNING: [Synth 8-7186] Applying attribute ram_style = "distributed" is ignored, object 'group_info[4]' is not inferred as ram due to incorrect usage [/vol/datastore/jmzhao/CompressedLUT/b-spline/testCPP/hardware/rtl/pwl_hlut.v:55]
WARNING: [Synth 8-7186] Applying attribute ram_style = "distributed" is ignored, object 'group_info[5]' is not inferred as ram due to incorrect usage [/vol/datastore/jmzhao/CompressedLUT/b-spline/testCPP/hardware/rtl/pwl_hlut.v:55]
WARNING: [Synth 8-7186] Applying attribute ram_style = "distributed" is ignored, object 'group_info[6]' is not inferred as ram due to incorrect usage [/vol/datastore/jmzhao/CompressedLUT/b-spline/testCPP/hardware/rtl/pwl_hlut.v:55]
WARNING: [Synth 8-7186] Applying attribute ram_style = "distributed" is ignored, object 'group_info[7]' is not inferred as ram due to incorrect usage [/vol/datastore/jmzhao/CompressedLUT/b-spline/testCPP/hardware/rtl/pwl_hlut.v:55]
WARNING: [Synth 8-7186] Applying attribute ram_style = "distributed" is ignored, object 'group_info[8]' is not inferred as ram due to incorrect usage [/vol/datastore/jmzhao/CompressedLUT/b-spline/testCPP/hardware/rtl/pwl_hlut.v:55]
WARNING: [Synth 8-7186] Applying attribute ram_style = "distributed" is ignored, object 'group_info[9]' is not inferred as ram due to incorrect usage [/vol/datastore/jmzhao/CompressedLUT/b-spline/testCPP/hardware/rtl/pwl_hlut.v:55]
WARNING: [Synth 8-7186] Applying attribute ram_style = "distributed" is ignored, object 'group_info[10]' is not inferred as ram due to incorrect usage [/vol/datastore/jmzhao/CompressedLUT/b-spline/testCPP/hardware/rtl/pwl_hlut.v:55]
WARNING: [Synth 8-7186] Applying attribute ram_style = "distributed" is ignored, object 'group_info[11]' is not inferred as ram due to incorrect usage [/vol/datastore/jmzhao/CompressedLUT/b-spline/testCPP/hardware/rtl/pwl_hlut.v:55]
WARNING: [Synth 8-7186] Applying attribute ram_style = "distributed" is ignored, object 'group_info[12]' is not inferred as ram due to incorrect usage [/vol/datastore/jmzhao/CompressedLUT/b-spline/testCPP/hardware/rtl/pwl_hlut.v:55]
WARNING: [Synth 8-7186] Applying attribute ram_style = "distributed" is ignored, object 'group_info[13]' is not inferred as ram due to incorrect usage [/vol/datastore/jmzhao/CompressedLUT/b-spline/testCPP/hardware/rtl/pwl_hlut.v:55]
WARNING: [Synth 8-7186] Applying attribute ram_style = "distributed" is ignored, object 'group_info[14]' is not inferred as ram due to incorrect usage [/vol/datastore/jmzhao/CompressedLUT/b-spline/testCPP/hardware/rtl/pwl_hlut.v:55]
WARNING: [Synth 8-7186] Applying attribute ram_style = "distributed" is ignored, object 'group_info[15]' is not inferred as ram due to incorrect usage [/vol/datastore/jmzhao/CompressedLUT/b-spline/testCPP/hardware/rtl/pwl_hlut.v:55]
WARNING: [Synth 8-7186] Applying attribute ram_style = "distributed" is ignored, object 'group_info[16]' is not inferred as ram due to incorrect usage [/vol/datastore/jmzhao/CompressedLUT/b-spline/testCPP/hardware/rtl/pwl_hlut.v:55]
WARNING: [Synth 8-7186] Applying attribute ram_style = "distributed" is ignored, object 'group_info[17]' is not inferred as ram due to incorrect usage [/vol/datastore/jmzhao/CompressedLUT/b-spline/testCPP/hardware/rtl/pwl_hlut.v:55]
WARNING: [Synth 8-7186] Applying attribute ram_style = "distributed" is ignored, object 'group_info[18]' is not inferred as ram due to incorrect usage [/vol/datastore/jmzhao/CompressedLUT/b-spline/testCPP/hardware/rtl/pwl_hlut.v:55]
WARNING: [Synth 8-7186] Applying attribute ram_style = "distributed" is ignored, object 'group_info[19]' is not inferred as ram due to incorrect usage [/vol/datastore/jmzhao/CompressedLUT/b-spline/testCPP/hardware/rtl/pwl_hlut.v:55]
WARNING: [Synth 8-7186] Applying attribute ram_style = "distributed" is ignored, object 'group_info[20]' is not inferred as ram due to incorrect usage [/vol/datastore/jmzhao/CompressedLUT/b-spline/testCPP/hardware/rtl/pwl_hlut.v:55]
WARNING: [Synth 8-7186] Applying attribute ram_style = "distributed" is ignored, object 'group_info[21]' is not inferred as ram due to incorrect usage [/vol/datastore/jmzhao/CompressedLUT/b-spline/testCPP/hardware/rtl/pwl_hlut.v:55]
WARNING: [Synth 8-7186] Applying attribute ram_style = "distributed" is ignored, object 'group_info[22]' is not inferred as ram due to incorrect usage [/vol/datastore/jmzhao/CompressedLUT/b-spline/testCPP/hardware/rtl/pwl_hlut.v:55]
WARNING: [Synth 8-7186] Applying attribute ram_style = "distributed" is ignored, object 'group_info[23]' is not inferred as ram due to incorrect usage [/vol/datastore/jmzhao/CompressedLUT/b-spline/testCPP/hardware/rtl/pwl_hlut.v:55]
WARNING: [Synth 8-7186] Applying attribute ram_style = "distributed" is ignored, object 'group_info[24]' is not inferred as ram due to incorrect usage [/vol/datastore/jmzhao/CompressedLUT/b-spline/testCPP/hardware/rtl/pwl_hlut.v:55]
WARNING: [Synth 8-7186] Applying attribute ram_style = "distributed" is ignored, object 'group_info[25]' is not inferred as ram due to incorrect usage [/vol/datastore/jmzhao/CompressedLUT/b-spline/testCPP/hardware/rtl/pwl_hlut.v:55]
WARNING: [Synth 8-7186] Applying attribute ram_style = "distributed" is ignored, object 'group_info[26]' is not inferred as ram due to incorrect usage [/vol/datastore/jmzhao/CompressedLUT/b-spline/testCPP/hardware/rtl/pwl_hlut.v:55]
WARNING: [Synth 8-7186] Applying attribute ram_style = "distributed" is ignored, object 'group_info[27]' is not inferred as ram due to incorrect usage [/vol/datastore/jmzhao/CompressedLUT/b-spline/testCPP/hardware/rtl/pwl_hlut.v:55]
WARNING: [Synth 8-7186] Applying attribute ram_style = "distributed" is ignored, object 'group_info[28]' is not inferred as ram due to incorrect usage [/vol/datastore/jmzhao/CompressedLUT/b-spline/testCPP/hardware/rtl/pwl_hlut.v:55]
WARNING: [Synth 8-7186] Applying attribute ram_style = "distributed" is ignored, object 'group_info[29]' is not inferred as ram due to incorrect usage [/vol/datastore/jmzhao/CompressedLUT/b-spline/testCPP/hardware/rtl/pwl_hlut.v:55]
INFO: [Synth 8-251] 
===== Hardware Simulation (x = xxxx, decimal = x.x) ===== [/vol/datastore/jmzhao/CompressedLUT/b-spline/testCPP/hardware/rtl/pwl_hlut.v:150]
INFO: [Synth 8-251] Input domain transformation: [/vol/datastore/jmzhao/CompressedLUT/b-spline/testCPP/hardware/rtl/pwl_hlut.v:156]
INFO: [Synth 8-251]   Original x = xxxx (x.x) [/vol/datastore/jmzhao/CompressedLUT/b-spline/testCPP/hardware/rtl/pwl_hlut.v:157]
INFO: [Synth 8-251]   Domain-adjusted x = xxxx (x.x) [/vol/datastore/jmzhao/CompressedLUT/b-spline/testCPP/hardware/rtl/pwl_hlut.v:161]
INFO: [Synth 8-251] Group ranges (for domain [0,1]): [/vol/datastore/jmzhao/CompressedLUT/b-spline/testCPP/hardware/rtl/pwl_hlut.v:167]
INFO: [Synth 8-251]   Group 0: [xxxx (x.x), xxxx (x.x)] [/vol/datastore/jmzhao/CompressedLUT/b-spline/testCPP/hardware/rtl/pwl_hlut.v:168]
INFO: [Synth 8-251]   Group 1: [xxxx (x.x), xxxx (x.x)] [/vol/datastore/jmzhao/CompressedLUT/b-spline/testCPP/hardware/rtl/pwl_hlut.v:171]
INFO: [Synth 8-251]   Group 2: [xxxx (x.x), xxxx (x.x)] [/vol/datastore/jmzhao/CompressedLUT/b-spline/testCPP/hardware/rtl/pwl_hlut.v:174]
INFO: [Synth 8-251] Expected output: y = xxxx (x.x) [/vol/datastore/jmzhao/CompressedLUT/b-spline/testCPP/hardware/rtl/pwl_hlut.v:179]
INFO: [Synth 8-251] Final output calculation: [/vol/datastore/jmzhao/CompressedLUT/b-spline/testCPP/hardware/rtl/pwl_hlut.v:201]
INFO: [Synth 8-251]   Original x = xxxx (x.x) [/vol/datastore/jmzhao/CompressedLUT/b-spline/testCPP/hardware/rtl/pwl_hlut.v:202]
INFO: [Synth 8-251]   Output y = xxxx (x.x) [/vol/datastore/jmzhao/CompressedLUT/b-spline/testCPP/hardware/rtl/pwl_hlut.v:206]
INFO: [Synth 8-251] ------------------------------ [/vol/datastore/jmzhao/CompressedLUT/b-spline/testCPP/hardware/rtl/pwl_hlut.v:210]
WARNING: [Synth 8-6014] Unused sequential element x_reg_reg was removed.  [/vol/datastore/jmzhao/CompressedLUT/b-spline/testCPP/hardware/rtl/pwl_hlut.v:141]
WARNING: [Synth 8-6014] Unused sequential element debug_match_counter_reg was removed.  [/vol/datastore/jmzhao/CompressedLUT/b-spline/testCPP/hardware/rtl/pwl_hlut.v:192]
INFO: [Synth 8-6155] done synthesizing module 'pwl_hlut' (1#1) [/vol/datastore/jmzhao/CompressedLUT/b-spline/testCPP/hardware/rtl/pwl_hlut.v:8]
INFO: [Synth 8-6155] done synthesizing module 'pwl_core' (2#1) [/vol/datastore/jmzhao/CompressedLUT/b-spline/testCPP/hardware/rtl/pwl_core.v:7]
INFO: [Synth 8-6155] done synthesizing module 'pwl_top' (3#1) [/vol/datastore/jmzhao/CompressedLUT/b-spline/testCPP/hardware/rtl/pwl_top.v:8]
WARNING: [Synth 8-7129] Port out_ready in module pwl_core is either unconnected or has no load
---------------------------------------------------------------------------------
Finished RTL Elaboration : Time (s): cpu = 00:00:05 ; elapsed = 00:00:05 . Memory (MB): peak = 3006.062 ; gain = 195.703 ; free physical = 225545 ; free virtual = 243205
---------------------------------------------------------------------------------
---------------------------------------------------------------------------------
Start Handling Custom Attributes
---------------------------------------------------------------------------------
---------------------------------------------------------------------------------
Finished Handling Custom Attributes : Time (s): cpu = 00:00:06 ; elapsed = 00:00:06 . Memory (MB): peak = 3023.875 ; gain = 213.516 ; free physical = 225549 ; free virtual = 243209
---------------------------------------------------------------------------------
---------------------------------------------------------------------------------
Finished RTL Optimization Phase 1 : Time (s): cpu = 00:00:06 ; elapsed = 00:00:06 . Memory (MB): peak = 3023.875 ; gain = 213.516 ; free physical = 225549 ; free virtual = 243209
---------------------------------------------------------------------------------
Netlist sorting complete. Time (s): cpu = 00:00:00 ; elapsed = 00:00:00 . Memory (MB): peak = 3023.875 ; gain = 0.000 ; free physical = 225544 ; free virtual = 243203
INFO: [Project 1-570] Preparing netlist for logic optimization

Processing XDC Constraints
Initializing timing engine
Parsing XDC File [/vol/datastore/jmzhao/CompressedLUT/b-spline/testCPP/hardware/constraints/pwl_constraints.xdc]
WARNING: [Vivado 12-5460] The attribute CONFIG_VOLTAGE is not supported in the xczu9eg-ffvb1156-2-e device [/vol/datastore/jmzhao/CompressedLUT/b-spline/testCPP/hardware/constraints/pwl_constraints.xdc:28]
CRITICAL WARNING: [Common 17-55] 'set_property' expects at least one object. [/vol/datastore/jmzhao/CompressedLUT/b-spline/testCPP/hardware/constraints/pwl_constraints.xdc:32]
Resolution: If [get_<value>] was used to populate the object, check to make sure this command returns at least one valid object.
CRITICAL WARNING: [Common 17-55] 'set_property' expects at least one object. [/vol/datastore/jmzhao/CompressedLUT/b-spline/testCPP/hardware/constraints/pwl_constraints.xdc:33]
Resolution: If [get_<value>] was used to populate the object, check to make sure this command returns at least one valid object.
CRITICAL WARNING: [Common 17-55] 'set_property' expects at least one object. [/vol/datastore/jmzhao/CompressedLUT/b-spline/testCPP/hardware/constraints/pwl_constraints.xdc:37]
Resolution: If [get_<value>] was used to populate the object, check to make sure this command returns at least one valid object.
CRITICAL WARNING: [Common 17-55] 'set_property' expects at least one object. [/vol/datastore/jmzhao/CompressedLUT/b-spline/testCPP/hardware/constraints/pwl_constraints.xdc:38]
Resolution: If [get_<value>] was used to populate the object, check to make sure this command returns at least one valid object.
CRITICAL WARNING: [Common 17-55] 'set_property' expects at least one object. [/vol/datastore/jmzhao/CompressedLUT/b-spline/testCPP/hardware/constraints/pwl_constraints.xdc:39]
Resolution: If [get_<value>] was used to populate the object, check to make sure this command returns at least one valid object.
CRITICAL WARNING: [Common 17-55] 'set_property' expects at least one object. [/vol/datastore/jmzhao/CompressedLUT/b-spline/testCPP/hardware/constraints/pwl_constraints.xdc:40]
Resolution: If [get_<value>] was used to populate the object, check to make sure this command returns at least one valid object.
Finished Parsing XDC File [/vol/datastore/jmzhao/CompressedLUT/b-spline/testCPP/hardware/constraints/pwl_constraints.xdc]
Completed Processing XDC Constraints

Netlist sorting complete. Time (s): cpu = 00:00:00 ; elapsed = 00:00:00 . Memory (MB): peak = 3179.531 ; gain = 0.000 ; free physical = 226394 ; free virtual = 244053
INFO: [Project 1-111] Unisim Transformation Summary:
No Unisim elements were transformed.

Constraint Validation Runtime : Time (s): cpu = 00:00:00 ; elapsed = 00:00:00.01 . Memory (MB): peak = 3179.531 ; gain = 0.000 ; free physical = 226394 ; free virtual = 244053
WARNING: [Designutils 20-4072] Reference run did not run incremental synthesis because the design is too small; reverting to default synthesis
INFO: [Designutils 20-4379] Flow is switching to default flow due to incremental criteria not met. If you would like to alter this behaviour and have the flow terminate instead, please set the following parameter config_implementation {autoIncr.Synth.RejectBehavior Terminate}
---------------------------------------------------------------------------------
Finished Constraint Validation : Time (s): cpu = 00:00:16 ; elapsed = 00:00:17 . Memory (MB): peak = 3179.531 ; gain = 369.172 ; free physical = 226441 ; free virtual = 244101
---------------------------------------------------------------------------------
---------------------------------------------------------------------------------
Start Loading Part and Timing Information
---------------------------------------------------------------------------------
Loading part: xczu9eg-ffvb1156-2-e
INFO: [Synth 8-6742] Reading net delay rules and data
---------------------------------------------------------------------------------
Finished Loading Part and Timing Information : Time (s): cpu = 00:00:16 ; elapsed = 00:00:17 . Memory (MB): peak = 3179.531 ; gain = 369.172 ; free physical = 226441 ; free virtual = 244101
---------------------------------------------------------------------------------
---------------------------------------------------------------------------------
Start Applying 'set_property' XDC Constraints
---------------------------------------------------------------------------------
Applied set_property SHREG_EXTRACT = NO for pwl_core_inst/hlut_inst/valid_reg_reg. (constraint file  /vol/datastore/jmzhao/CompressedLUT/b-spline/testCPP/hardware/constraints/pwl_constraints.xdc, line 43).
Applied set_property SHREG_EXTRACT = NO for pwl_core_inst/\in_valid_pipe_reg[0] . (constraint file  /vol/datastore/jmzhao/CompressedLUT/b-spline/testCPP/hardware/constraints/pwl_constraints.xdc, line 44).
Applied set_property SHREG_EXTRACT = NO for pwl_core_inst/\out_valid_pipe_reg[0] . (constraint file  /vol/datastore/jmzhao/CompressedLUT/b-spline/testCPP/hardware/constraints/pwl_constraints.xdc, line 45).
Applied set_property SHREG_EXTRACT = NO for pwl_core_inst/hlut_inst/out_valid_reg. (constraint file  /vol/datastore/jmzhao/CompressedLUT/b-spline/testCPP/hardware/constraints/pwl_constraints.xdc, line 45).
---------------------------------------------------------------------------------
Finished applying 'set_property' XDC Constraints : Time (s): cpu = 00:00:16 ; elapsed = 00:00:17 . Memory (MB): peak = 3179.531 ; gain = 369.172 ; free physical = 226445 ; free virtual = 244105
---------------------------------------------------------------------------------
---------------------------------------------------------------------------------
Finished RTL Optimization Phase 2 : Time (s): cpu = 00:00:17 ; elapsed = 00:00:18 . Memory (MB): peak = 3179.531 ; gain = 369.172 ; free physical = 226434 ; free virtual = 244094
---------------------------------------------------------------------------------
---------------------------------------------------------------------------------
Start RTL Component Statistics 
---------------------------------------------------------------------------------
Detailed RTL Component Info : 
+---Adders : 
	   2 Input   16 Bit       Adders := 4     
	   2 Input   10 Bit       Adders := 1     
+---Registers : 
	               16 Bit    Registers := 4     
	                1 Bit    Registers := 5     
+---Muxes : 
	   2 Input   16 Bit        Muxes := 4     
	  22 Input   16 Bit        Muxes := 1     
	   2 Input   11 Bit        Muxes := 2     
	  22 Input    5 Bit        Muxes := 1     
---------------------------------------------------------------------------------
Finished RTL Component Statistics 
---------------------------------------------------------------------------------
---------------------------------------------------------------------------------
Start Part Resource Summary
---------------------------------------------------------------------------------
Part Resources:
DSPs: 2520 (col length:168)
BRAMs: 1824 (col length: RAMB18 168 RAMB36 84)
---------------------------------------------------------------------------------
Finished Part Resource Summary
---------------------------------------------------------------------------------
---------------------------------------------------------------------------------
Start Cross Boundary and Area Optimization
---------------------------------------------------------------------------------
WARNING: [Synth 8-7080] Parallel synthesis criteria is not met
DSP Report: Generating DSP pwl_core_inst/hlut_inst/result2, operation Mode is: ((D:0x801)+A)*(B:0x16a).
DSP Report: operator pwl_core_inst/hlut_inst/result2 is absorbed into DSP pwl_core_inst/hlut_inst/result2.
DSP Report: operator pwl_core_inst/hlut_inst/result3 is absorbed into DSP pwl_core_inst/hlut_inst/result2.
DSP Report: Generating DSP pwl_core_inst/hlut_inst/result1, operation Mode is: A*(B:0x333).
DSP Report: operator pwl_core_inst/hlut_inst/result1 is absorbed into DSP pwl_core_inst/hlut_inst/result1.
WARNING: [Synth 8-3917] design pwl_top has port s_axis_tready driven by constant 1
WARNING: [Synth 8-7129] Port m_axis_tready in module pwl_top is either unconnected or has no load
---------------------------------------------------------------------------------
Finished Cross Boundary and Area Optimization : Time (s): cpu = 00:00:20 ; elapsed = 00:00:21 . Memory (MB): peak = 3179.531 ; gain = 369.172 ; free physical = 226418 ; free virtual = 244082
---------------------------------------------------------------------------------
---------------------------------------------------------------------------------
Start ROM, RAM, DSP, Shift Register and Retiming Reporting
---------------------------------------------------------------------------------

DSP: Preliminary Mapping Report (see note below. The ' indicates corresponding REG is set)
+------------+-------------------------+--------+--------+--------+--------+--------+------+------+------+------+-------+------+------+
|Module Name | DSP Mapping             | A Size | B Size | C Size | D Size | P Size | AREG | BREG | CREG | DREG | ADREG | MREG | PREG | 
+------------+-------------------------+--------+--------+--------+--------+--------+------+------+------+------+-------+------+------+
|pwl_hlut    | ((D:0x801)+A)*(B:0x16a) | 16     | 9      | -      | 12     | 25     | 0    | 0    | -    | 0    | 0     | 0    | 0    | 
|pwl_hlut    | A*(B:0x333)             | 16     | 10     | -      | -      | 26     | 0    | 0    | -    | -    | -     | 0    | 0    | 
+------------+-------------------------+--------+--------+--------+--------+--------+------+------+------+------+-------+------+------+

Note: The table above is a preliminary report that shows the DSPs inferred at the current stage of the synthesis flow. Some DSP may be reimplemented as non DSP primitives later in the synthesis flow. Multiple instantiated DSPs are reported only once.
---------------------------------------------------------------------------------
Finished ROM, RAM, DSP, Shift Register and Retiming Reporting
---------------------------------------------------------------------------------
---------------------------------------------------------------------------------
Start Applying XDC Timing Constraints
---------------------------------------------------------------------------------
---------------------------------------------------------------------------------
Finished Applying XDC Timing Constraints : Time (s): cpu = 00:00:31 ; elapsed = 00:00:34 . Memory (MB): peak = 3589.039 ; gain = 778.680 ; free physical = 225849 ; free virtual = 243513
---------------------------------------------------------------------------------
---------------------------------------------------------------------------------
Start Timing Optimization
---------------------------------------------------------------------------------
WARNING: [Synth 8-6779] Delay data for wire-load model not found, using default value
WARNING: [Synth 8-6779] Delay data for wire-load model not found, using default value
---------------------------------------------------------------------------------
Finished Timing Optimization : Time (s): cpu = 00:00:33 ; elapsed = 00:00:37 . Memory (MB): peak = 3622.055 ; gain = 811.695 ; free physical = 225806 ; free virtual = 243470
---------------------------------------------------------------------------------
---------------------------------------------------------------------------------
Start Technology Mapping
---------------------------------------------------------------------------------
WARNING: [Synth 8-6779] Delay data for wire-load model not found, using default value
WARNING: [Synth 8-6779] Delay data for wire-load model not found, using default value
WARNING: [Synth 8-6779] Delay data for wire-load model not found, using default value
WARNING: [Synth 8-6779] Delay data for wire-load model not found, using default value
WARNING: [Synth 8-6779] Delay data for wire-load model not found, using default value
WARNING: [Synth 8-6779] Delay data for wire-load model not found, using default value
WARNING: [Synth 8-6779] Delay data for wire-load model not found, using default value
WARNING: [Synth 8-6779] Delay data for wire-load model not found, using default value
WARNING: [Synth 8-6779] Delay data for wire-load model not found, using default value
WARNING: [Synth 8-6779] Delay data for wire-load model not found, using default value
WARNING: [Synth 8-6779] Delay data for wire-load model not found, using default value
WARNING: [Synth 8-6779] Delay data for wire-load model not found, using default value
WARNING: [Synth 8-6779] Delay data for wire-load model not found, using default value
WARNING: [Synth 8-6779] Delay data for wire-load model not found, using default value
WARNING: [Synth 8-6779] Delay data for wire-load model not found, using default value
WARNING: [Synth 8-6779] Delay data for wire-load model not found, using default value
WARNING: [Synth 8-6779] Delay data for wire-load model not found, using default value
WARNING: [Synth 8-6779] Delay data for wire-load model not found, using default value
WARNING: [Synth 8-6779] Delay data for wire-load model not found, using default value
WARNING: [Synth 8-6779] Delay data for wire-load model not found, using default value
WARNING: [Synth 8-6779] Delay data for wire-load model not found, using default value
WARNING: [Synth 8-6779] Delay data for wire-load model not found, using default value
WARNING: [Synth 8-6779] Delay data for wire-load model not found, using default value
WARNING: [Synth 8-6779] Delay data for wire-load model not found, using default value
WARNING: [Synth 8-6779] Delay data for wire-load model not found, using default value
WARNING: [Synth 8-6779] Delay data for wire-load model not found, using default value
WARNING: [Synth 8-6779] Delay data for wire-load model not found, using default value
WARNING: [Synth 8-6779] Delay data for wire-load model not found, using default value
WARNING: [Synth 8-6779] Delay data for wire-load model not found, using default value
WARNING: [Synth 8-6779] Delay data for wire-load model not found, using default value
WARNING: [Synth 8-6779] Delay data for wire-load model not found, using default value
WARNING: [Synth 8-6779] Delay data for wire-load model not found, using default value
WARNING: [Synth 8-6779] Delay data for wire-load model not found, using default value
WARNING: [Synth 8-6779] Delay data for wire-load model not found, using default value
WARNING: [Synth 8-6779] Delay data for wire-load model not found, using default value
WARNING: [Synth 8-6779] Delay data for wire-load model not found, using default value
WARNING: [Synth 8-6779] Delay data for wire-load model not found, using default value
WARNING: [Synth 8-6779] Delay data for wire-load model not found, using default value
WARNING: [Synth 8-6779] Delay data for wire-load model not found, using default value
WARNING: [Synth 8-6779] Delay data for wire-load model not found, using default value
WARNING: [Synth 8-6779] Delay data for wire-load model not found, using default value
WARNING: [Synth 8-6779] Delay data for wire-load model not found, using default value
WARNING: [Synth 8-6779] Delay data for wire-load model not found, using default value
WARNING: [Synth 8-6779] Delay data for wire-load model not found, using default value
WARNING: [Synth 8-6779] Delay data for wire-load model not found, using default value
WARNING: [Synth 8-6779] Delay data for wire-load model not found, using default value
WARNING: [Synth 8-6779] Delay data for wire-load model not found, using default value
WARNING: [Synth 8-6779] Delay data for wire-load model not found, using default value
WARNING: [Synth 8-6779] Delay data for wire-load model not found, using default value
WARNING: [Synth 8-6779] Delay data for wire-load model not found, using default value
WARNING: [Synth 8-6779] Delay data for wire-load model not found, using default value
WARNING: [Synth 8-6779] Delay data for wire-load model not found, using default value
WARNING: [Synth 8-6779] Delay data for wire-load model not found, using default value
WARNING: [Synth 8-6779] Delay data for wire-load model not found, using default value
WARNING: [Synth 8-6779] Delay data for wire-load model not found, using default value
WARNING: [Synth 8-6779] Delay data for wire-load model not found, using default value
WARNING: [Synth 8-6779] Delay data for wire-load model not found, using default value
WARNING: [Synth 8-6779] Delay data for wire-load model not found, using default value
WARNING: [Synth 8-6779] Delay data for wire-load model not found, using default value
WARNING: [Synth 8-6779] Delay data for wire-load model not found, using default value
WARNING: [Synth 8-6779] Delay data for wire-load model not found, using default value
WARNING: [Synth 8-6779] Delay data for wire-load model not found, using default value
---------------------------------------------------------------------------------
Finished Technology Mapping : Time (s): cpu = 00:00:34 ; elapsed = 00:00:37 . Memory (MB): peak = 3630.062 ; gain = 819.703 ; free physical = 225801 ; free virtual = 243465
---------------------------------------------------------------------------------
---------------------------------------------------------------------------------
Start IO Insertion
---------------------------------------------------------------------------------
---------------------------------------------------------------------------------
Start Flattening Before IO Insertion
---------------------------------------------------------------------------------
---------------------------------------------------------------------------------
Finished Flattening Before IO Insertion
---------------------------------------------------------------------------------
---------------------------------------------------------------------------------
Start Final Netlist Cleanup
---------------------------------------------------------------------------------
---------------------------------------------------------------------------------
Finished Final Netlist Cleanup
---------------------------------------------------------------------------------
---------------------------------------------------------------------------------
Finished IO Insertion : Time (s): cpu = 00:00:38 ; elapsed = 00:00:41 . Memory (MB): peak = 3634.031 ; gain = 823.672 ; free physical = 225803 ; free virtual = 243467
---------------------------------------------------------------------------------
---------------------------------------------------------------------------------
Start Renaming Generated Instances
---------------------------------------------------------------------------------
---------------------------------------------------------------------------------
Finished Renaming Generated Instances : Time (s): cpu = 00:00:38 ; elapsed = 00:00:41 . Memory (MB): peak = 3634.031 ; gain = 823.672 ; free physical = 225804 ; free virtual = 243468
---------------------------------------------------------------------------------
WARNING: [Synth 8-6779] Delay data for wire-load model not found, using default value
WARNING: [Synth 8-6779] Delay data for wire-load model not found, using default value
WARNING: [Synth 8-6779] Delay data for wire-load model not found, using default value
WARNING: [Synth 8-6779] Delay data for wire-load model not found, using default value
WARNING: [Synth 8-6779] Delay data for wire-load model not found, using default value
WARNING: [Synth 8-6779] Delay data for wire-load model not found, using default value
WARNING: [Synth 8-6779] Delay data for wire-load model not found, using default value
WARNING: [Synth 8-6779] Delay data for wire-load model not found, using default value
WARNING: [Synth 8-6779] Delay data for wire-load model not found, using default value
WARNING: [Synth 8-6779] Delay data for wire-load model not found, using default value
WARNING: [Synth 8-6779] Delay data for wire-load model not found, using default value
WARNING: [Synth 8-6779] Delay data for wire-load model not found, using default value
WARNING: [Synth 8-6779] Delay data for wire-load model not found, using default value
WARNING: [Synth 8-6779] Delay data for wire-load model not found, using default value
WARNING: [Synth 8-6779] Delay data for wire-load model not found, using default value
WARNING: [Synth 8-6779] Delay data for wire-load model not found, using default value
WARNING: [Synth 8-6779] Delay data for wire-load model not found, using default value
WARNING: [Synth 8-6779] Delay data for wire-load model not found, using default value
WARNING: [Synth 8-6779] Delay data for wire-load model not found, using default value
WARNING: [Synth 8-6779] Delay data for wire-load model not found, using default value
WARNING: [Synth 8-6779] Delay data for wire-load model not found, using default value
WARNING: [Synth 8-6779] Delay data for wire-load model not found, using default value
WARNING: [Synth 8-6779] Delay data for wire-load model not found, using default value
WARNING: [Synth 8-6779] Delay data for wire-load model not found, using default value
WARNING: [Synth 8-6779] Delay data for wire-load model not found, using default value
WARNING: [Synth 8-6779] Delay data for wire-load model not found, using default value
WARNING: [Synth 8-6779] Delay data for wire-load model not found, using default value
WARNING: [Synth 8-6779] Delay data for wire-load model not found, using default value
WARNING: [Synth 8-6779] Delay data for wire-load model not found, using default value
WARNING: [Synth 8-6779] Delay data for wire-load model not found, using default value
WARNING: [Synth 8-6779] Delay data for wire-load model not found, using default value
WARNING: [Synth 8-6779] Delay data for wire-load model not found, using default value
WARNING: [Synth 8-6779] Delay data for wire-load model not found, using default value
WARNING: [Synth 8-6779] Delay data for wire-load model not found, using default value
WARNING: [Synth 8-6779] Delay data for wire-load model not found, using default value
---------------------------------------------------------------------------------
Start Rebuilding User Hierarchy
---------------------------------------------------------------------------------
---------------------------------------------------------------------------------
Finished Rebuilding User Hierarchy : Time (s): cpu = 00:00:38 ; elapsed = 00:00:41 . Memory (MB): peak = 3634.031 ; gain = 823.672 ; free physical = 225804 ; free virtual = 243467
---------------------------------------------------------------------------------
---------------------------------------------------------------------------------
Start Renaming Generated Ports
---------------------------------------------------------------------------------
---------------------------------------------------------------------------------
Finished Renaming Generated Ports : Time (s): cpu = 00:00:38 ; elapsed = 00:00:41 . Memory (MB): peak = 3634.031 ; gain = 823.672 ; free physical = 225804 ; free virtual = 243467
---------------------------------------------------------------------------------
---------------------------------------------------------------------------------
Start Handling Custom Attributes
---------------------------------------------------------------------------------
---------------------------------------------------------------------------------
Finished Handling Custom Attributes : Time (s): cpu = 00:00:38 ; elapsed = 00:00:41 . Memory (MB): peak = 3634.031 ; gain = 823.672 ; free physical = 225804 ; free virtual = 243467
---------------------------------------------------------------------------------
---------------------------------------------------------------------------------
Start Renaming Generated Nets
---------------------------------------------------------------------------------
---------------------------------------------------------------------------------
Finished Renaming Generated Nets : Time (s): cpu = 00:00:38 ; elapsed = 00:00:41 . Memory (MB): peak = 3634.031 ; gain = 823.672 ; free physical = 225804 ; free virtual = 243467
---------------------------------------------------------------------------------
---------------------------------------------------------------------------------
Start Writing Synthesis Report
---------------------------------------------------------------------------------

Report BlackBoxes: 
+-+--------------+----------+
| |BlackBox name |Instances |
+-+--------------+----------+
+-+--------------+----------+

Report Cell Usage: 
+------+----------------+------+
|      |Cell            |Count |
+------+----------------+------+
|1     |BUFG            |     1|
|2     |DSP_ALU         |     2|
|3     |DSP_A_B_DATA    |     2|
|4     |DSP_C_DATA      |     2|
|5     |DSP_MULTIPLIER  |     2|
|7     |DSP_M_DATA      |     2|
|8     |DSP_OUTPUT      |     2|
|9     |DSP_PREADD      |     2|
|10    |DSP_PREADD_DATA |     2|
|12    |LUT1            |     3|
|13    |LUT2            |     8|
|14    |LUT3            |    11|
|15    |LUT4            |    29|
|16    |LUT5            |    23|
|17    |LUT6            |    73|
|18    |MUXF7           |     4|
|19    |FDCE            |    67|
|20    |IBUF            |    19|
|21    |OBUF            |    18|
+------+----------------+------+
---------------------------------------------------------------------------------
Finished Writing Synthesis Report : Time (s): cpu = 00:00:38 ; elapsed = 00:00:41 . Memory (MB): peak = 3634.031 ; gain = 823.672 ; free physical = 225804 ; free virtual = 243467
---------------------------------------------------------------------------------
Synthesis finished with 0 errors, 0 critical warnings and 102 warnings.
Synthesis Optimization Runtime : Time (s): cpu = 00:00:32 ; elapsed = 00:00:34 . Memory (MB): peak = 3634.031 ; gain = 668.016 ; free physical = 225845 ; free virtual = 243509
Synthesis Optimization Complete : Time (s): cpu = 00:00:38 ; elapsed = 00:00:41 . Memory (MB): peak = 3634.039 ; gain = 823.672 ; free physical = 225845 ; free virtual = 243509
INFO: [Project 1-571] Translating synthesized netlist
Netlist sorting complete. Time (s): cpu = 00:00:00 ; elapsed = 00:00:00 . Memory (MB): peak = 3645.000 ; gain = 0.000 ; free physical = 225943 ; free virtual = 243607
INFO: [Netlist 29-17] Analyzing 26 Unisim elements for replacement
INFO: [Netlist 29-28] Unisim Transformation completed in 0 CPU seconds
INFO: [Project 1-570] Preparing netlist for logic optimization
INFO: [Opt 31-138] Pushed 0 inverter(s) to 0 load pin(s).
Netlist sorting complete. Time (s): cpu = 00:00:00 ; elapsed = 00:00:00 . Memory (MB): peak = 3702.797 ; gain = 0.000 ; free physical = 225866 ; free virtual = 243530
INFO: [Project 1-111] Unisim Transformation Summary:
  A total of 22 instances were transformed.
  BUFG => BUFGCE: 1 instance 
  DSP48E2 => DSP48E2 (DSP_ALU, DSP_A_B_DATA, DSP_C_DATA, DSP_MULTIPLIER, DSP_M_DATA, DSP_OUTPUT, DSP_PREADD, DSP_PREADD_DATA): 2 instances
  IBUF => IBUF (IBUFCTRL, INBUF): 19 instances

Synth Design complete, checksum: 2c7b8d62
INFO: [Common 17-83] Releasing license: Synthesis
38 Infos, 138 Warnings, 6 Critical Warnings and 0 Errors encountered.
synth_design completed successfully
synth_design: Time (s): cpu = 00:00:51 ; elapsed = 00:00:49 . Memory (MB): peak = 3702.797 ; gain = 978.648 ; free physical = 226084 ; free virtual = 243748
INFO: [runtcl-6] Synthesis results are not added to the cache due to CRITICAL_WARNING
INFO: [Common 17-1381] The checkpoint '/vol/datastore/jmzhao/CompressedLUT/b-spline/testCPP/hardware/pwl_recover/project_1/project_1.runs/synth_1/pwl_top.dcp' has been generated.
INFO: [runtcl-4] Executing : report_utilization -file pwl_top_utilization_synth.rpt -pb pwl_top_utilization_synth.pb
INFO: [Common 17-206] Exiting Vivado at Thu Apr 17 17:13:08 2025...
