===== Group 0 ===== 
Storage Type: NORMAL
Base Interval: [0.12213, 0.183195]
Base Params: b=0.981285, c=0.001682
Scale Factors: start=1, slope=65536, intercept=65536
Quantized: start=8004, length=4002 (original end=12006), b=64310, c=110
Verification: start + length = 12006 should be approximately equal to end = 12006

===== Group 1 ===== 
Storage Type: NORMAL
Base Interval: [0.48852, 0.518808]
Base Params: b=0.789279, c=0.0674626
Scale Factors: start=1, slope=65536, intercept=65536
Quantized: start=32016, length=1985 (original end=34001), b=51726, c=4421
Verification: start + length = 34001 should be approximately equal to end = 34001

===== Group 2 ===== 
Storage Type: ORPHAN
Base Interval: [0, 0]
Base Params: b=0, c=0
Scale Factors: start=1, slope=65536, intercept=65536
Quantized: start=0, length=0 (original end=0), b=0, c=0
Verification: start + length = 0 should be approximately equal to end = 0

