===== Group 2 ===== 
Storage Type: ORPHAN
Base Interval: [0, 0]
Base Interval Length: 0
Base Params: b=0, c=0
Scale Factor: 32768 (15-bit precision)
Actual interval count: 4
Quantized params (signed 15-bit): b=0 (0), c=0 (0)
Fixed scale factor: 32768 (2^15)

===== Group 0 ===== 
Storage Type: NORMAL
Base Interval: [0.12213, 0.183195]
Base Interval Length: 0.061065
Base Params: b=0.981285, c=0.001682
Scale Factor: 32768 (15-bit precision)
Actual interval count: 8
Quantized params (signed 15-bit): b=32155 (0.981293), c=55 (0.00167847)
Fixed scale factor: 32768 (2^15)
Group length (unsigned): 2001 (0.0610657)

===== Group 1 ===== 
Storage Type: NORMAL
Base Interval: [0.48852, 0.518808]
Base Interval Length: 0.0302882
Base Params: b=0.789279, c=0.0674626
Scale Factor: 32768 (15-bit precision)
Actual interval count: 16
Quantized params (signed 15-bit): b=25863 (0.789276), c=2211 (0.0674744)
Fixed scale factor: 32768 (2^15)
Group length (unsigned): 992 (0.0302734)

Delta for Group 2 (ORPHAN):
  Original: start=0, slope=65455, intercept=0
  Orphan interval length: 0.12213
  Quantized values (15-bit):
    start=0 (0)
    end=4002 (0.122131)
    length=4002 (0.122131)
    slope=32728 (0.998779)
    intercept=0 (0)

Delta for Group 2 (ORPHAN):
  Original: start=0.943332, slope=28232, intercept=21682
  Orphan interval length: 0.0532487
  Quantized values (15-bit):
    start=30911 (0.943329)
    end=32656 (0.996582)
    length=1745 (0.0532532)
    slope=14116 (0.430786)
    intercept=10841 (0.330841)

Delta for Group 2 (ORPHAN):
  Original: start=0.996092, slope=27605, intercept=22306
  Orphan interval length: 0.00390816
  Quantized values (15-bit):
    start=32640 (0.996094)
    end=-32768 (-1)
    length=-65408 (-1.99609)
    slope=13803 (0.421234)
    intercept=11153 (0.340363)

Delta for Group 2 (ORPHAN):
  Original: start=0.99658, slope=27595, intercept=22317
  Orphan interval length: 0.00341964
  Quantized values (15-bit):
    start=32656 (0.996582)
    end=-32768 (-1)
    length=-65424 (-1.99658)
    slope=13798 (0.421082)
    intercept=11159 (0.340546)

Delta for Group 0:
  Original: start=0.12213, slope=0, intercept=0, x_refl=0, y_refl=0
  Quantized values (15-bit):
    start=4002 (0.122131)
    slope=0 (0)
    intercept=0 (0)

Delta for Group 0:
  Original: start=0.183195, slope=-1293, intercept=219, x_refl=0, y_refl=0
  Quantized values (15-bit):
    start=6003 (0.183197)
    slope=-647 (-0.0197449)
    intercept=110 (0.00335693)

Delta for Group 0:
  Original: start=0.24426, slope=-3001, intercept=611, x_refl=0, y_refl=0
  Quantized values (15-bit):
    start=8004 (0.244263)
    slope=-1501 (-0.0458069)
    intercept=306 (0.00933838)

Delta for Group 0:
  Original: start=0.305325, slope=-5076, intercept=1215, x_refl=0, y_refl=0
  Quantized values (15-bit):
    start=10005 (0.305328)
    slope=-2538 (-0.0774536)
    intercept=608 (0.0185547)

Delta for Group 0:
  Original: start=0.36639, slope=-7466, intercept=2055, x_refl=0, y_refl=0
  Quantized values (15-bit):
    start=12006 (0.366394)
    slope=-3733 (-0.113922)
    intercept=1028 (0.0313721)

Delta for Group 0:
  Original: start=0.427455, slope=-9767, intercept=2999, x_refl=0, y_refl=0
  Quantized values (15-bit):
    start=14007 (0.42746)
    slope=-4884 (-0.149048)
    intercept=1500 (0.0457764)

Delta for Group 0:
  Original: start=0.882267, slope=-32634, intercept=18325, x_refl=0, y_refl=0
  Quantized values (15-bit):
    start=28910 (0.882263)
    slope=-16317 (-0.497955)
    intercept=9163 (0.279633)

Delta for Group 0:
  Original: start=0, slope=0, intercept=0, x_refl=0, y_refl=0
  Quantized values (15-bit):
    start=0 (0)
    slope=0 (0)
    intercept=0 (0)

Delta for Group 1:
  Original: start=0.48852, slope=0, intercept=0, x_refl=0, y_refl=0
  Quantized values (15-bit):
    start=16008 (0.488525)
    slope=0 (0)
    intercept=0 (0)

Delta for Group 1:
  Original: start=0.518808, slope=-1455, intercept=744, x_refl=0, y_refl=0
  Quantized values (15-bit):
    start=17000 (0.518799)
    slope=-728 (-0.0222168)
    intercept=372 (0.0113525)

Delta for Group 1:
  Original: start=0.549096, slope=-2937, intercept=1546, x_refl=0, y_refl=0
  Quantized values (15-bit):
    start=17993 (0.549103)
    slope=-1469 (-0.0448303)
    intercept=773 (0.0235901)

Delta for Group 1:
  Original: start=0.579384, slope=-4440, intercept=2406, x_refl=0, y_refl=0
  Quantized values (15-bit):
    start=18985 (0.579376)
    slope=-2220 (-0.067749)
    intercept=1203 (0.0367126)

Delta for Group 1:
  Original: start=0.609673, slope=-5958, intercept=3320, x_refl=0, y_refl=0
  Quantized values (15-bit):
    start=19978 (0.60968)
    slope=-2979 (-0.0909119)
    intercept=1660 (0.0506592)

Delta for Group 1:
  Original: start=0.639961, slope=-7483, intercept=4285, x_refl=0, y_refl=0
  Quantized values (15-bit):
    start=20970 (0.639954)
    slope=-3742 (-0.114197)
    intercept=2143 (0.0653992)

Delta for Group 1:
  Original: start=0.670249, slope=-9774, intercept=5820, x_refl=0, y_refl=0
  Quantized values (15-bit):
    start=21963 (0.670258)
    slope=-4887 (-0.149139)
    intercept=2910 (0.0888062)

Delta for Group 1:
  Original: start=0.700537, slope=-11294, intercept=6897, x_refl=0, y_refl=0
  Quantized values (15-bit):
    start=22955 (0.700531)
    slope=-5647 (-0.172333)
    intercept=3449 (0.105255)

Delta for Group 1:
  Original: start=0.730826, slope=-12804, intercept=8011, x_refl=0, y_refl=0
  Quantized values (15-bit):
    start=23948 (0.730835)
    slope=-6402 (-0.195374)
    intercept=4006 (0.122253)

Delta for Group 1:
  Original: start=0.761114, slope=-14298, intercept=9159, x_refl=0, y_refl=0
  Quantized values (15-bit):
    start=24940 (0.761108)
    slope=-7149 (-0.21817)
    intercept=4580 (0.139771)

Delta for Group 1:
  Original: start=0.791402, slope=-15772, intercept=10337, x_refl=0, y_refl=0
  Quantized values (15-bit):
    start=25933 (0.791412)
    slope=-7886 (-0.240662)
    intercept=5169 (0.157745)

Delta for Group 1:
  Original: start=0.82169, slope=-17223, intercept=11541, x_refl=0, y_refl=0
  Quantized values (15-bit):
    start=26925 (0.821686)
    slope=-8612 (-0.262817)
    intercept=5771 (0.176117)

Delta for Group 1:
  Original: start=0.851979, slope=-18648, intercept=12765, x_refl=0, y_refl=0
  Quantized values (15-bit):
    start=27918 (0.85199)
    slope=-9324 (-0.284546)
    intercept=6383 (0.194794)

Delta for Group 1:
  Original: start=0, slope=0, intercept=0, x_refl=0, y_refl=0
  Quantized values (15-bit):
    start=0 (0)
    slope=0 (0)
    intercept=0 (0)

Delta for Group 1:
  Original: start=0, slope=0, intercept=0, x_refl=0, y_refl=0
  Quantized values (15-bit):
    start=0 (0)
    slope=0 (0)
    intercept=0 (0)

Delta for Group 1:
  Original: start=0, slope=0, intercept=0, x_refl=0, y_refl=0
  Quantized values (15-bit):
    start=0 (0)
    slope=0 (0)
    intercept=0 (0)

